Archive member included to satisfy reference by file (symbol)

c:/program files (x86)/atmel/studio/7.0/toolchain/arm/arm-gnu-toolchain/bin/../lib/gcc/arm-none-eabi/6.3.1/../../../../arm-none-eabi/lib/thumb/v7e-m\libc.a(lib_a-exit.o)
                              c:/program files (x86)/atmel/studio/7.0/toolchain/arm/arm-gnu-toolchain/bin/../lib/gcc/arm-none-eabi/6.3.1/../../../../arm-none-eabi/lib/thumb/v7e-m/crt0.o (exit)
c:/program files (x86)/atmel/studio/7.0/toolchain/arm/arm-gnu-toolchain/bin/../lib/gcc/arm-none-eabi/6.3.1/../../../../arm-none-eabi/lib/thumb/v7e-m\libc.a(lib_a-impure.o)
                              c:/program files (x86)/atmel/studio/7.0/toolchain/arm/arm-gnu-toolchain/bin/../lib/gcc/arm-none-eabi/6.3.1/../../../../arm-none-eabi/lib/thumb/v7e-m\libc.a(lib_a-exit.o) (_global_impure_ptr)
c:/program files (x86)/atmel/studio/7.0/toolchain/arm/arm-gnu-toolchain/bin/../lib/gcc/arm-none-eabi/6.3.1/../../../../arm-none-eabi/lib/thumb/v7e-m\libc.a(lib_a-init.o)
                              c:/program files (x86)/atmel/studio/7.0/toolchain/arm/arm-gnu-toolchain/bin/../lib/gcc/arm-none-eabi/6.3.1/../../../../arm-none-eabi/lib/thumb/v7e-m/crt0.o (__libc_init_array)
c:/program files (x86)/atmel/studio/7.0/toolchain/arm/arm-gnu-toolchain/bin/../lib/gcc/arm-none-eabi/6.3.1/../../../../arm-none-eabi/lib/thumb/v7e-m\libc.a(lib_a-iprintf.o)
                              src/sinewave_example.o (iprintf)
c:/program files (x86)/atmel/studio/7.0/toolchain/arm/arm-gnu-toolchain/bin/../lib/gcc/arm-none-eabi/6.3.1/../../../../arm-none-eabi/lib/thumb/v7e-m\libc.a(lib_a-memset.o)
                              c:/program files (x86)/atmel/studio/7.0/toolchain/arm/arm-gnu-toolchain/bin/../lib/gcc/arm-none-eabi/6.3.1/../../../../arm-none-eabi/lib/thumb/v7e-m/crt0.o (memset)
c:/program files (x86)/atmel/studio/7.0/toolchain/arm/arm-gnu-toolchain/bin/../lib/gcc/arm-none-eabi/6.3.1/../../../../arm-none-eabi/lib/thumb/v7e-m\libc.a(lib_a-puts.o)
                              src/sinewave_example.o (puts)
c:/program files (x86)/atmel/studio/7.0/toolchain/arm/arm-gnu-toolchain/bin/../lib/gcc/arm-none-eabi/6.3.1/../../../../arm-none-eabi/lib/thumb/v7e-m\libc.a(lib_a-setbuf.o)
                              src/sinewave_example.o (setbuf)
c:/program files (x86)/atmel/studio/7.0/toolchain/arm/arm-gnu-toolchain/bin/../lib/gcc/arm-none-eabi/6.3.1/../../../../arm-none-eabi/lib/thumb/v7e-m\libc.a(lib_a-setvbuf.o)
                              c:/program files (x86)/atmel/studio/7.0/toolchain/arm/arm-gnu-toolchain/bin/../lib/gcc/arm-none-eabi/6.3.1/../../../../arm-none-eabi/lib/thumb/v7e-m\libc.a(lib_a-setbuf.o) (setvbuf)
c:/program files (x86)/atmel/studio/7.0/toolchain/arm/arm-gnu-toolchain/bin/../lib/gcc/arm-none-eabi/6.3.1/../../../../arm-none-eabi/lib/thumb/v7e-m\libc.a(lib_a-strlen.o)
                              c:/program files (x86)/atmel/studio/7.0/toolchain/arm/arm-gnu-toolchain/bin/../lib/gcc/arm-none-eabi/6.3.1/../../../../arm-none-eabi/lib/thumb/v7e-m\libc.a(lib_a-puts.o) (strlen)
c:/program files (x86)/atmel/studio/7.0/toolchain/arm/arm-gnu-toolchain/bin/../lib/gcc/arm-none-eabi/6.3.1/../../../../arm-none-eabi/lib/thumb/v7e-m\libc.a(lib_a-vfiprintf.o)
                              c:/program files (x86)/atmel/studio/7.0/toolchain/arm/arm-gnu-toolchain/bin/../lib/gcc/arm-none-eabi/6.3.1/../../../../arm-none-eabi/lib/thumb/v7e-m\libc.a(lib_a-iprintf.o) (_vfiprintf_r)
c:/program files (x86)/atmel/studio/7.0/toolchain/arm/arm-gnu-toolchain/bin/../lib/gcc/arm-none-eabi/6.3.1/../../../../arm-none-eabi/lib/thumb/v7e-m\libc.a(lib_a-wsetup.o)
                              c:/program files (x86)/atmel/studio/7.0/toolchain/arm/arm-gnu-toolchain/bin/../lib/gcc/arm-none-eabi/6.3.1/../../../../arm-none-eabi/lib/thumb/v7e-m\libc.a(lib_a-vfiprintf.o) (__swsetup_r)
c:/program files (x86)/atmel/studio/7.0/toolchain/arm/arm-gnu-toolchain/bin/../lib/gcc/arm-none-eabi/6.3.1/../../../../arm-none-eabi/lib/thumb/v7e-m\libc.a(lib_a-__call_atexit.o)
                              c:/program files (x86)/atmel/studio/7.0/toolchain/arm/arm-gnu-toolchain/bin/../lib/gcc/arm-none-eabi/6.3.1/../../../../arm-none-eabi/lib/thumb/v7e-m\libc.a(lib_a-exit.o) (__call_exitprocs)
c:/program files (x86)/atmel/studio/7.0/toolchain/arm/arm-gnu-toolchain/bin/../lib/gcc/arm-none-eabi/6.3.1/../../../../arm-none-eabi/lib/thumb/v7e-m\libc.a(lib_a-atexit.o)
                              c:/program files (x86)/atmel/studio/7.0/toolchain/arm/arm-gnu-toolchain/bin/../lib/gcc/arm-none-eabi/6.3.1/../../../../arm-none-eabi/lib/thumb/v7e-m\libc.a(lib_a-__call_atexit.o) (atexit)
c:/program files (x86)/atmel/studio/7.0/toolchain/arm/arm-gnu-toolchain/bin/../lib/gcc/arm-none-eabi/6.3.1/../../../../arm-none-eabi/lib/thumb/v7e-m\libc.a(lib_a-fflush.o)
                              c:/program files (x86)/atmel/studio/7.0/toolchain/arm/arm-gnu-toolchain/bin/../lib/gcc/arm-none-eabi/6.3.1/../../../../arm-none-eabi/lib/thumb/v7e-m\libc.a(lib_a-setvbuf.o) (_fflush_r)
[...]
Memory Configuration

Name             Origin             Length             Attributes
rom              0x00400000         0x00200000         xr
ram              0x20400000         0x00060000         xrw
*default*        0x00000000         0xffffffff

Linker script and memory map

LOAD c:/program files (x86)/atmel/studio/7.0/toolchain/arm/arm-gnu-toolchain/bin/../lib/gcc/arm-none-eabi/6.3.1/thumb/v7e-m/crti.o
LOAD c:/program files (x86)/atmel/studio/7.0/toolchain/arm/arm-gnu-toolchain/bin/../lib/gcc/arm-none-eabi/6.3.1/thumb/v7e-m/crtbegin.o
LOAD c:/program files (x86)/atmel/studio/7.0/toolchain/arm/arm-gnu-toolchain/bin/../lib/gcc/arm-none-eabi/6.3.1/../../../../arm-none-eabi/lib/thumb/v7e-m/crt0.o
LOAD src/ASF/common/services/clock/same70/sysclk.o
LOAD src/ASF/common/services/serial/usart_serial.o
LOAD src/ASF/common/utils/interrupt/interrupt_sam_nvic.o
LOAD src/ASF/common/utils/stdio/read.o
LOAD src/ASF/common/utils/stdio/write.o
LOAD src/ASF/sam/boards/same70_xplained/init.o
LOAD src/ASF/sam/drivers/dacc/dacc.o
LOAD src/ASF/sam/drivers/mpu/mpu.o
LOAD src/ASF/sam/drivers/pio/pio.o
LOAD src/ASF/sam/drivers/pio/pio_handler.o
LOAD src/ASF/sam/drivers/pmc/pmc.o
LOAD src/ASF/sam/drivers/pmc/sleep.o
LOAD src/ASF/sam/drivers/uart/uart.o
LOAD src/ASF/sam/drivers/usart/usart.o
LOAD src/ASF/sam/utils/cmsis/same70/source/templates/gcc/startup_same70.o
LOAD src/ASF/sam/utils/cmsis/same70/source/templates/system_same70.o
LOAD src/ASF/sam/utils/syscalls/gcc/syscalls.o
LOAD src/sinewave_example.o
START GROUP
LOAD ../src/ASF/thirdparty/CMSIS/Lib/GCC\libarm_cortexM7lfsp_math_softfp.a
LOAD c:/program files (x86)/atmel/studio/7.0/toolchain/arm/arm-gnu-toolchain/bin/../lib/gcc/arm-none-eabi/6.3.1/../../../../arm-none-eabi/lib/thumb/v7e-m\libm.a
END GROUP
START GROUP
LOAD c:/program files (x86)/atmel/studio/7.0/toolchain/arm/arm-gnu-toolchain/bin/../lib/gcc/arm-none-eabi/6.3.1/thumb/v7e-m\libgcc.a
LOAD c:/program files (x86)/atmel/studio/7.0/toolchain/arm/arm-gnu-toolchain/bin/../lib/gcc/arm-none-eabi/6.3.1/../../../../arm-none-eabi/lib/thumb/v7e-m\libc.a
END GROUP
LOAD c:/program files (x86)/atmel/studio/7.0/toolchain/arm/arm-gnu-toolchain/bin/../lib/gcc/arm-none-eabi/6.3.1/thumb/v7e-m/crtend.o
LOAD c:/program files (x86)/atmel/studio/7.0/toolchain/arm/arm-gnu-toolchain/bin/../lib/gcc/arm-none-eabi/6.3.1/thumb/v7e-m/crtn.o
                0x00002000                STACK_SIZE = DEFINED (STACK_SIZE)?STACK_SIZE:0x2000
                0x2045fffc                __ram_end__ = ((ORIGIN (ram) + LENGTH (ram)) - 0x4)
                0x00000200                HEAP_SIZE = DEFINED (HEAP_SIZE)?HEAP_SIZE:0x200

.text           0x00400000     0x4638
                0x00400000                . = ALIGN (0x4)
                0x00400000                _sfixed = .
 *(.vectors .vectors.*)
 .vectors       0x00400000      0x140 src/ASF/sam/utils/cmsis/same70/source/templates/gcc/startup_same70.o
                0x00400000                exception_table
 *(.text .text.* .gnu.linkonce.t.*)
 .text          0x00400140       0x6c c:/program files (x86)/atmel/studio/7.0/toolchain/arm/arm-gnu-toolchain/bin/../lib/gcc/arm-none-eabi/6.3.1/thumb/v7e-m/crtbegin.o
 .text.sysclk_init
                0x004001ac       0x70 src/ASF/common/services/clock/same70/sysclk.o
                0x004001ac                sysclk_init
 .text._read    0x0040021c       0x3c src/ASF/common/utils/stdio/read.o
                0x0040021c                _read
 .text._write   0x00400258       0x50 src/ASF/common/utils/stdio/write.o
                0x00400258                _write
 .text.board_init
                0x004002a8      0x198 src/ASF/sam/boards/same70_xplained/init.o
                0x004002a8                board_init
 .text.dacc_reset
                0x00400440        0x6 src/ASF/sam/drivers/dacc/dacc.o
                0x00400440                dacc_reset
 .text.dacc_set_transfer_mode
                0x00400446        0xe src/ASF/sam/drivers/dacc/dacc.o
                0x00400446                dacc_set_transfer_mode
 .text.dacc_write_conversion_data
                0x00400454        0xa src/ASF/sam/drivers/dacc/dacc.o
                0x00400454                dacc_write_conversion_data
 .text.dacc_enable_channel
                0x0040045e       0x14 src/ASF/sam/drivers/dacc/dacc.o
                0x0040045e                dacc_enable_channel
 .text.dacc_set_analog_control
                0x00400472        0x8 src/ASF/sam/drivers/dacc/dacc.o
                0x00400472                dacc_set_analog_control
 .text.pio_get_interrupt_status
                0x0040047a        0x4 src/ASF/sam/drivers/pio/pio.o
                0x0040047a                pio_get_interrupt_status
 .text.pio_get_interrupt_mask
                0x0040047e        0x4 src/ASF/sam/drivers/pio/pio.o
                0x0040047e                pio_get_interrupt_mask
 *fill*         0x00400482        0x2 
 .text.pio_handler_process
                0x00400484       0x50 src/ASF/sam/drivers/pio/pio_handler.o
                0x00400484                pio_handler_process
 .text.PIOA_Handler
                0x004004d4       0x14 src/ASF/sam/drivers/pio/pio_handler.o
                0x004004d4                PIOA_Handler
 .text.PIOB_Handler
                0x004004e8       0x14 src/ASF/sam/drivers/pio/pio_handler.o
                0x004004e8                PIOB_Handler
 .text.PIOC_Handler
                0x004004fc       0x14 src/ASF/sam/drivers/pio/pio_handler.o
                0x004004fc                PIOC_Handler
 .text.PIOD_Handler
                0x00400510       0x14 src/ASF/sam/drivers/pio/pio_handler.o
                0x00400510                PIOD_Handler
 .text.PIOE_Handler
                0x00400524       0x14 src/ASF/sam/drivers/pio/pio_handler.o
                0x00400524                PIOE_Handler
 .text.pmc_mck_set_division
                0x00400538       0x38 src/ASF/sam/drivers/pmc/pmc.o
                0x00400538                pmc_mck_set_division
 .text.pmc_switch_mck_to_pllack
                0x00400570       0x64 src/ASF/sam/drivers/pmc/pmc.o
                0x00400570                pmc_switch_mck_to_pllack
 .text.pmc_switch_mainck_to_xtal
                0x004005d4       0x54 src/ASF/sam/drivers/pmc/pmc.o
                0x004005d4                pmc_switch_mainck_to_xtal
 .text.pmc_osc_is_ready_mainck
                0x00400628       0x10 src/ASF/sam/drivers/pmc/pmc.o
                0x00400628                pmc_osc_is_ready_mainck
 .text.pmc_disable_pllack
                0x00400638       0x10 src/ASF/sam/drivers/pmc/pmc.o
                0x00400638                pmc_disable_pllack
 .text.pmc_is_locked_pllack
                0x00400648       0x10 src/ASF/sam/drivers/pmc/pmc.o
                0x00400648                pmc_is_locked_pllack
 .text.pmc_enable_periph_clk
                0x00400658       0x54 src/ASF/sam/drivers/pmc/pmc.o
                0x00400658                pmc_enable_periph_clk
 .text.uart_write
                0x004006ac       0x12 src/ASF/sam/drivers/uart/uart.o
                0x004006ac                uart_write
 .text.uart_read
                0x004006be       0x14 src/ASF/sam/drivers/uart/uart.o
                0x004006be                uart_read
 .text.usart_set_async_baudrate
                0x004006d2       0x5a src/ASF/sam/drivers/usart/usart.o
                0x004006d2                usart_set_async_baudrate
 .text.usart_reset
                0x0040072c       0x28 src/ASF/sam/drivers/usart/usart.o
                0x0040072c                usart_reset
 .text.usart_init_rs232
                0x00400754       0x54 src/ASF/sam/drivers/usart/usart.o
                0x00400754                usart_init_rs232
 .text.usart_enable_tx
                0x004007a8        0x6 src/ASF/sam/drivers/usart/usart.o
                0x004007a8                usart_enable_tx
 .text.usart_enable_rx
                0x004007ae        0x6 src/ASF/sam/drivers/usart/usart.o
                0x004007ae                usart_enable_rx
 .text.usart_write
                0x004007b4       0x16 src/ASF/sam/drivers/usart/usart.o
                0x004007b4                usart_write
 .text.usart_read
                0x004007ca       0x18 src/ASF/sam/drivers/usart/usart.o
                0x004007ca                usart_read
 .text.Dummy_Handler
                0x004007e2        0x2 src/ASF/sam/utils/cmsis/same70/source/templates/gcc/startup_same70.o
                0x004007e2                DACC_Handler
                0x004007e2                DebugMon_Handler
                0x004007e2                UART3_Handler
                0x004007e2                UART2_Handler
                0x004007e2                TRNG_Handler
                0x004007e2                HardFault_Handler
                0x004007e2                TC2_Handler
                0x004007e2                AFEC1_Handler
                0x004007e2                PendSV_Handler
                0x004007e2                NMI_Handler
                0x004007e2                TC7_Handler
                0x004007e2                QSPI_Handler
                0x004007e2                ISI_Handler
                0x004007e2                TC9_Handler
                0x004007e2                RSWDT_Handler
                0x004007e2                MCAN1_Handler
                0x004007e2                USART0_Handler
                0x004007e2                RTT_Handler
                0x004007e2                USBHS_Handler
                0x004007e2                RTC_Handler
                0x004007e2                UsageFault_Handler
                0x004007e2                TC6_Handler
                0x004007e2                WDT_Handler
                0x004007e2                TC4_Handler
                0x004007e2                TC1_Handler
                0x004007e2                HSMCI_Handler
                0x004007e2                UART1_Handler
                0x004007e2                TC3_Handler
                0x004007e2                Dummy_Handler
                0x004007e2                TWIHS1_Handler
                0x004007e2                XDMAC_Handler
                0x004007e2                UART4_Handler
                0x004007e2                PWM1_Handler
                0x004007e2                USART1_Handler
                0x004007e2                PWM0_Handler
                0x004007e2                AFEC0_Handler
                0x004007e2                SSC_Handler
                0x004007e2                TC11_Handler
                0x004007e2                ACC_Handler
                0x004007e2                PMC_Handler
                0x004007e2                GMAC_Handler
                0x004007e2                MemManage_Handler
                0x004007e2                SUPC_Handler
                0x004007e2                SVC_Handler
                0x004007e2                TC8_Handler
                0x004007e2                EFC_Handler
                0x004007e2                USART2_Handler
                0x004007e2                SDRAMC_Handler
                0x004007e2                SPI1_Handler
                0x004007e2                MCAN0_Handler
                0x004007e2                TC10_Handler
                0x004007e2                TWIHS2_Handler
                0x004007e2                UART0_Handler
                0x004007e2                BusFault_Handler
                0x004007e2                RSTC_Handler
                0x004007e2                TC0_Handler
                0x004007e2                TC5_Handler
                0x004007e2                ICM_Handler
                0x004007e2                AES_Handler
                0x004007e2                TWIHS0_Handler
                0x004007e2                SPI0_Handler
 .text.Reset_Handler
                0x004007e4       0xc8 src/ASF/sam/utils/cmsis/same70/source/templates/gcc/startup_same70.o
                0x004007e4                Reset_Handler
 .text.SystemCoreClockUpdate
                0x004008ac      0x10c src/ASF/sam/utils/cmsis/same70/source/templates/system_same70.o
                0x004008ac                SystemCoreClockUpdate
 .text.system_init_flash
                0x004009b8       0x8c src/ASF/sam/utils/cmsis/same70/source/templates/system_same70.o
                0x004009b8                system_init_flash
 .text._sbrk    0x00400a44       0x38 src/ASF/sam/utils/syscalls/gcc/syscalls.o
                0x00400a44                _sbrk
 .text._close   0x00400a7c        0x6 src/ASF/sam/utils/syscalls/gcc/syscalls.o
                0x00400a7c                _close
 .text._fstat   0x00400a82        0xa src/ASF/sam/utils/syscalls/gcc/syscalls.o
                0x00400a82                _fstat
 .text._isatty  0x00400a8c        0x4 src/ASF/sam/utils/syscalls/gcc/syscalls.o
                0x00400a8c                _isatty
 .text._lseek   0x00400a90        0x4 src/ASF/sam/utils/syscalls/gcc/syscalls.o
                0x00400a90                _lseek
 .text.display_menu
                0x00400a94       0x90 src/sinewave_example.o
 .text.usart_serial_putchar
                0x00400b24       0xd4 src/sinewave_example.o
 .text.usart_serial_getchar
                0x00400bf8       0xdc src/sinewave_example.o
 .text.get_input_value
                0x00400cd4      0x108 src/sinewave_example.o
 .text.SysTick_Handler
                0x00400ddc       0x18 src/sinewave_example.o
                0x00400ddc                SysTick_Handler
 .text.main     0x00400df4      0x36c src/sinewave_example.o
                0x00400df4                main
 .text.__libc_init_array
                0x00401160       0x50 c:/program files (x86)/atmel/studio/7.0/toolchain/arm/arm-gnu-toolchain/bin/../lib/gcc/arm-none-eabi/6.3.1/../../../../arm-none-eabi/lib/thumb/v7e-m\libc.a(lib_a-init.o)
                0x00401160                __libc_init_array
 .text.iprintf  0x004011b0       0x28 c:/program files (x86)/atmel/studio/7.0/toolchain/arm/arm-gnu-toolchain/bin/../lib/gcc/arm-none-eabi/6.3.1/../../../../arm-none-eabi/lib/thumb/v7e-m\libc.a(lib_a-iprintf.o)
                0x004011b0                iprintf
 .text.memset   0x004011d8       0x9c c:/program files (x86)/atmel/studio/7.0/toolchain/arm/arm-gnu-toolchain/bin/../lib/gcc/arm-none-eabi/6.3.1/../../../../arm-none-eabi/lib/thumb/v7e-m\libc.a(lib_a-memset.o)
                0x004011d8                memset
 .text._puts_r  0x00401274       0x9c c:/program files (x86)/atmel/studio/7.0/toolchain/arm/arm-gnu-toolchain/bin/../lib/gcc/arm-none-eabi/6.3.1/../../../../arm-none-eabi/lib/thumb/v7e-m\libc.a(lib_a-puts.o)
                0x00401274                _puts_r
 .text.puts     0x00401310       0x10 c:/program files (x86)/atmel/studio/7.0/toolchain/arm/arm-gnu-toolchain/bin/../lib/gcc/arm-none-eabi/6.3.1/../../../../arm-none-eabi/lib/thumb/v7e-m\libc.a(lib_a-puts.o)
                0x00401310                puts
 .text.setbuf   0x00401320       0x10 c:/program files (x86)/atmel/studio/7.0/toolchain/arm/arm-gnu-toolchain/bin/../lib/gcc/arm-none-eabi/6.3.1/../../../../arm-none-eabi/lib/thumb/v7e-m\libc.a(lib_a-setbuf.o)
                0x00401320                setbuf
 .text.setvbuf  0x00401330      0x190 c:/program files (x86)/atmel/studio/7.0/toolchain/arm/arm-gnu-toolchain/bin/../lib/gcc/arm-none-eabi/6.3.1/../../../../arm-none-eabi/lib/thumb/v7e-m\libc.a(lib_a-setvbuf.o)
                0x00401330                setvbuf
 .text          0x004014c0       0xdc c:/program files (x86)/atmel/studio/7.0/toolchain/arm/arm-gnu-toolchain/bin/../lib/gcc/arm-none-eabi/6.3.1/../../../../arm-none-eabi/lib/thumb/v7e-m\libc.a(lib_a-strlen.o)
                0x004014c0                strlen
 .text.__sprint_r.part.0
                0x0040159c       0x80 c:/program files (x86)/atmel/studio/7.0/toolchain/arm/arm-gnu-toolchain/bin/../lib/gcc/arm-none-eabi/6.3.1/../../../../arm-none-eabi/lib/thumb/v7e-m\libc.a(lib_a-vfiprintf.o)
 .text._vfiprintf_r
                0x0040161c      0xc90 c:/program files (x86)/atmel/studio/7.0/toolchain/arm/arm-gnu-toolchain/bin/../lib/gcc/arm-none-eabi/6.3.1/../../../../arm-none-eabi/lib/thumb/v7e-m\libc.a(lib_a-vfiprintf.o)
                0x0040161c                _vfiprintf_r
 .text.__sbprintf
                0x004022ac       0x84 c:/program files (x86)/atmel/studio/7.0/toolchain/arm/arm-gnu-toolchain/bin/../lib/gcc/arm-none-eabi/6.3.1/../../../../arm-none-eabi/lib/thumb/v7e-m\libc.a(lib_a-vfiprintf.o)
 .text.__swsetup_r
                0x00402330       0xc8 c:/program files (x86)/atmel/studio/7.0/toolchain/arm/arm-gnu-toolchain/bin/../lib/gcc/arm-none-eabi/6.3.1/../../../../arm-none-eabi/lib/thumb/v7e-m\libc.a(lib_a-wsetup.o)
                0x00402330                __swsetup_r
 .text.startup.register_fini
                0x004023f8       0x14 c:/program files (x86)/atmel/studio/7.0/toolchain/arm/arm-gnu-toolchain/bin/../lib/gcc/arm-none-eabi/6.3.1/../../../../arm-none-eabi/lib/thumb/v7e-m\libc.a(lib_a-__call_atexit.o)
 .text.atexit   0x0040240c        0xc c:/program files (x86)/atmel/studio/7.0/toolchain/arm/arm-gnu-toolchain/bin/../lib/gcc/arm-none-eabi/6.3.1/../../../../arm-none-eabi/lib/thumb/v7e-m\libc.a(lib_a-atexit.o)
                0x0040240c                atexit
 .text.__sflush_r
                0x00402418      0x140 c:/program files (x86)/atmel/studio/7.0/toolchain/arm/arm-gnu-toolchain/bin/../lib/gcc/arm-none-eabi/6.3.1/../../../../arm-none-eabi/lib/thumb/v7e-m\libc.a(lib_a-fflush.o)
                0x00402418                __sflush_r
 .text._fflush_r
                0x00402558       0x54 c:/program files (x86)/atmel/studio/7.0/toolchain/arm/arm-gnu-toolchain/bin/../lib/gcc/arm-none-eabi/6.3.1/../../../../arm-none-eabi/lib/thumb/v7e-m\libc.a(lib_a-fflush.o)
                0x00402558                _fflush_r
 .text._cleanup_r
                0x004025ac        0xc c:/program files (x86)/atmel/studio/7.0/toolchain/arm/arm-gnu-toolchain/bin/../lib/gcc/arm-none-eabi/6.3.1/../../../../arm-none-eabi/lib/thumb/v7e-m\libc.a(lib_a-findfp.o)
                0x004025ac                _cleanup_r
 .text.std.isra.0
                0x004025b8       0x50 c:/program files (x86)/atmel/studio/7.0/toolchain/arm/arm-gnu-toolchain/bin/../lib/gcc/arm-none-eabi/6.3.1/../../../../arm-none-eabi/lib/thumb/v7e-m\libc.a(lib_a-findfp.o)
 .text.__sinit  0x00402608       0x58 c:/program files (x86)/atmel/studio/7.0/toolchain/arm/arm-gnu-toolchain/bin/../lib/gcc/arm-none-eabi/6.3.1/../../../../arm-none-eabi/lib/thumb/v7e-m\libc.a(lib_a-findfp.o)
                0x00402608                __sinit
 .text.__sfp_lock_acquire
                0x00402660        0xc c:/program files (x86)/atmel/studio/7.0/toolchain/arm/arm-gnu-toolchain/bin/../lib/gcc/arm-none-eabi/6.3.1/../../../../arm-none-eabi/lib/thumb/v7e-m\libc.a(lib_a-findfp.o)
                0x00402660                __sfp_lock_acquire
 .text.__sfp_lock_release
                0x0040266c        0xc c:/program files (x86)/atmel/studio/7.0/toolchain/arm/arm-gnu-toolchain/bin/../lib/gcc/arm-none-eabi/6.3.1/../../../../arm-none-eabi/lib/thumb/v7e-m\libc.a(lib_a-findfp.o)
                0x0040266c                __sfp_lock_release
 .text.__libc_fini_array
                0x00402678       0x34 c:/program files (x86)/atmel/studio/7.0/toolchain/arm/arm-gnu-toolchain/bin/../lib/gcc/arm-none-eabi/6.3.1/../../../../arm-none-eabi/lib/thumb/v7e-m\libc.a(lib_a-fini.o)
                0x00402678                __libc_fini_array
 .text.__fputwc
                0x004026ac       0xa0 c:/program files (x86)/atmel/studio/7.0/toolchain/arm/arm-gnu-toolchain/bin/../lib/gcc/arm-none-eabi/6.3.1/../../../../arm-none-eabi/lib/thumb/v7e-m\libc.a(lib_a-fputwc.o)
                0x004026ac                __fputwc
 .text._fputwc_r
                0x0040274c       0x68 c:/program files (x86)/atmel/studio/7.0/toolchain/arm/arm-gnu-toolchain/bin/../lib/gcc/arm-none-eabi/6.3.1/../../../../arm-none-eabi/lib/thumb/v7e-m\libc.a(lib_a-fputwc.o)
                0x0040274c                _fputwc_r
 .text._malloc_trim_r
                0x004027b4       0xa0 c:/program files (x86)/atmel/studio/7.0/toolchain/arm/arm-gnu-toolchain/bin/../lib/gcc/arm-none-eabi/6.3.1/../../../../arm-none-eabi/lib/thumb/v7e-m\libc.a(lib_a-freer.o)
                0x004027b4                _malloc_trim_r
 .text._free_r  0x00402854      0x1cc c:/program files (x86)/atmel/studio/7.0/toolchain/arm/arm-gnu-toolchain/bin/../lib/gcc/arm-none-eabi/6.3.1/../../../../arm-none-eabi/lib/thumb/v7e-m\libc.a(lib_a-freer.o)
                0x00402854                _free_r
 .text.__sfvwrite_r
                0x00402a20      0x2f0 c:/program files (x86)/atmel/studio/7.0/toolchain/arm/arm-gnu-toolchain/bin/../lib/gcc/arm-none-eabi/6.3.1/../../../../arm-none-eabi/lib/thumb/v7e-m\libc.a(lib_a-fvwrite.o)
                0x00402a20                __sfvwrite_r
 .text._fwalk_reent
                0x00402d10       0x54 c:/program files (x86)/atmel/studio/7.0/toolchain/arm/arm-gnu-toolchain/bin/../lib/gcc/arm-none-eabi/6.3.1/../../../../arm-none-eabi/lib/thumb/v7e-m\libc.a(lib_a-fwalk.o)
                0x00402d10                _fwalk_reent
 .text.__locale_mb_cur_max
                0x00402d64       0x1c c:/program files (x86)/atmel/studio/7.0/toolchain/arm/arm-gnu-toolchain/bin/../lib/gcc/arm-none-eabi/6.3.1/../../../../arm-none-eabi/lib/thumb/v7e-m\libc.a(lib_a-locale.o)
                0x00402d64                __locale_mb_cur_max
 .text.__retarget_lock_init_recursive
                0x00402d80        0x4 c:/program files (x86)/atmel/studio/7.0/toolchain/arm/arm-gnu-toolchain/bin/../lib/gcc/arm-none-eabi/6.3.1/../../../../arm-none-eabi/lib/thumb/v7e-m\libc.a(lib_a-lock.o)
                0x00402d80                __retarget_lock_init_recursive
 .text.__retarget_lock_close_recursive
                0x00402d84        0x4 c:/program files (x86)/atmel/studio/7.0/toolchain/arm/arm-gnu-toolchain/bin/../lib/gcc/arm-none-eabi/6.3.1/../../../../arm-none-eabi/lib/thumb/v7e-m\libc.a(lib_a-lock.o)
                0x00402d84                __retarget_lock_close_recursive
 .text.__retarget_lock_acquire_recursive
                0x00402d88        0x4 c:/program files (x86)/atmel/studio/7.0/toolchain/arm/arm-gnu-toolchain/bin/../lib/gcc/arm-none-eabi/6.3.1/../../../../arm-none-eabi/lib/thumb/v7e-m\libc.a(lib_a-lock.o)
                0x00402d88                __retarget_lock_acquire_recursive
 .text.__retarget_lock_release_recursive
                0x00402d8c        0x4 c:/program files (x86)/atmel/studio/7.0/toolchain/arm/arm-gnu-toolchain/bin/../lib/gcc/arm-none-eabi/6.3.1/../../../../arm-none-eabi/lib/thumb/v7e-m\libc.a(lib_a-lock.o)
                0x00402d8c                __retarget_lock_release_recursive
 .text.__swhatbuf_r
                0x00402d90       0x5c c:/program files (x86)/atmel/studio/7.0/toolchain/arm/arm-gnu-toolchain/bin/../lib/gcc/arm-none-eabi/6.3.1/../../../../arm-none-eabi/lib/thumb/v7e-m\libc.a(lib_a-makebuf.o)
                0x00402d90                __swhatbuf_r
 .text.__smakebuf_r
                0x00402dec       0x94 c:/program files (x86)/atmel/studio/7.0/toolchain/arm/arm-gnu-toolchain/bin/../lib/gcc/arm-none-eabi/6.3.1/../../../../arm-none-eabi/lib/thumb/v7e-m\libc.a(lib_a-makebuf.o)
                0x00402dec                __smakebuf_r
 .text.malloc   0x00402e80       0x10 c:/program files (x86)/atmel/studio/7.0/toolchain/arm/arm-gnu-toolchain/bin/../lib/gcc/arm-none-eabi/6.3.1/../../../../arm-none-eabi/lib/thumb/v7e-m\libc.a(lib_a-malloc.o)
                0x00402e80                malloc
 .text._malloc_r
                0x00402e90      0x560 c:/program files (x86)/atmel/studio/7.0/toolchain/arm/arm-gnu-toolchain/bin/../lib/gcc/arm-none-eabi/6.3.1/../../../../arm-none-eabi/lib/thumb/v7e-m\libc.a(lib_a-mallocr.o)
                0x00402e90                _malloc_r
 .text.__ascii_mbtowc
                0x004033f0       0x2c c:/program files (x86)/atmel/studio/7.0/toolchain/arm/arm-gnu-toolchain/bin/../lib/gcc/arm-none-eabi/6.3.1/../../../../arm-none-eabi/lib/thumb/v7e-m\libc.a(lib_a-mbtowc_r.o)
                0x004033f0                __ascii_mbtowc
 *fill*         0x0040341c        0x4 
 .text          0x00403420       0xa0 c:/program files (x86)/atmel/studio/7.0/toolchain/arm/arm-gnu-toolchain/bin/../lib/gcc/arm-none-eabi/6.3.1/../../../../arm-none-eabi/lib/thumb/v7e-m\libc.a(lib_a-memchr.o)
                0x00403420                memchr
 .text          0x004034c0      0x134 c:/program files (x86)/atmel/studio/7.0/toolchain/arm/arm-gnu-toolchain/bin/../lib/gcc/arm-none-eabi/6.3.1/../../../../arm-none-eabi/lib/thumb/v7e-m\libc.a(lib_a-memcpy.o)
                0x004034c0                memcpy
 .text.memmove  0x004035f4       0xc8 c:/program files (x86)/atmel/studio/7.0/toolchain/arm/arm-gnu-toolchain/bin/../lib/gcc/arm-none-eabi/6.3.1/../../../../arm-none-eabi/lib/thumb/v7e-m\libc.a(lib_a-memmove.o)
                0x004035f4                memmove
 .text.__malloc_lock
                0x004036bc        0xc c:/program files (x86)/atmel/studio/7.0/toolchain/arm/arm-gnu-toolchain/bin/../lib/gcc/arm-none-eabi/6.3.1/../../../../arm-none-eabi/lib/thumb/v7e-m\libc.a(lib_a-mlock.o)
                0x004036bc                __malloc_lock
 .text.__malloc_unlock
                0x004036c8        0xc c:/program files (x86)/atmel/studio/7.0/toolchain/arm/arm-gnu-toolchain/bin/../lib/gcc/arm-none-eabi/6.3.1/../../../../arm-none-eabi/lib/thumb/v7e-m\libc.a(lib_a-mlock.o)
                0x004036c8                __malloc_unlock
 .text._realloc_r
                0x004036d4      0x34c c:/program files (x86)/atmel/studio/7.0/toolchain/arm/arm-gnu-toolchain/bin/../lib/gcc/arm-none-eabi/6.3.1/../../../../arm-none-eabi/lib/thumb/v7e-m\libc.a(lib_a-reallocr.o)
                0x004036d4                _realloc_r
 .text._sbrk_r  0x00403a20       0x24 c:/program files (x86)/atmel/studio/7.0/toolchain/arm/arm-gnu-toolchain/bin/../lib/gcc/arm-none-eabi/6.3.1/../../../../arm-none-eabi/lib/thumb/v7e-m\libc.a(lib_a-sbrkr.o)
                0x00403a20                _sbrk_r
 .text.__sread  0x00403a44       0x24 c:/program files (x86)/atmel/studio/7.0/toolchain/arm/arm-gnu-toolchain/bin/../lib/gcc/arm-none-eabi/6.3.1/../../../../arm-none-eabi/lib/thumb/v7e-m\libc.a(lib_a-stdio.o)
                0x00403a44                __sread
 .text.__swrite
                0x00403a68       0x3c c:/program files (x86)/atmel/studio/7.0/toolchain/arm/arm-gnu-toolchain/bin/../lib/gcc/arm-none-eabi/6.3.1/../../../../arm-none-eabi/lib/thumb/v7e-m\libc.a(lib_a-stdio.o)
                0x00403a68                __swrite
 .text.__sseek  0x00403aa4       0x20 c:/program files (x86)/atmel/studio/7.0/toolchain/arm/arm-gnu-toolchain/bin/../lib/gcc/arm-none-eabi/6.3.1/../../../../arm-none-eabi/lib/thumb/v7e-m\libc.a(lib_a-stdio.o)
                0x00403aa4                __sseek
 .text.__sclose
                0x00403ac4        0x8 c:/program files (x86)/atmel/studio/7.0/toolchain/arm/arm-gnu-toolchain/bin/../lib/gcc/arm-none-eabi/6.3.1/../../../../arm-none-eabi/lib/thumb/v7e-m\libc.a(lib_a-stdio.o)
                0x00403ac4                __sclose
 .text.__swbuf_r
                0x00403acc       0xb0 c:/program files (x86)/atmel/studio/7.0/toolchain/arm/arm-gnu-toolchain/bin/../lib/gcc/arm-none-eabi/6.3.1/../../../../arm-none-eabi/lib/thumb/v7e-m\libc.a(lib_a-wbuf.o)
                0x00403acc                __swbuf_r
 .text._wcrtomb_r
                0x00403b7c       0x54 c:/program files (x86)/atmel/studio/7.0/toolchain/arm/arm-gnu-toolchain/bin/../lib/gcc/arm-none-eabi/6.3.1/../../../../arm-none-eabi/lib/thumb/v7e-m\libc.a(lib_a-wcrtomb.o)
                0x00403b7c                _wcrtomb_r
 .text.__ascii_wctomb
                0x00403bd0       0x1c c:/program files (x86)/atmel/studio/7.0/toolchain/arm/arm-gnu-toolchain/bin/../lib/gcc/arm-none-eabi/6.3.1/../../../../arm-none-eabi/lib/thumb/v7e-m\libc.a(lib_a-wctomb_r.o)
                0x00403bd0                __ascii_wctomb
 .text._write_r
                0x00403bec       0x2c c:/program files (x86)/atmel/studio/7.0/toolchain/arm/arm-gnu-toolchain/bin/../lib/gcc/arm-none-eabi/6.3.1/../../../../arm-none-eabi/lib/thumb/v7e-m\libc.a(lib_a-writer.o)
                0x00403bec                _write_r
 .text.__register_exitproc
                0x00403c18       0xc4 c:/program files (x86)/atmel/studio/7.0/toolchain/arm/arm-gnu-toolchain/bin/../lib/gcc/arm-none-eabi/6.3.1/../../../../arm-none-eabi/lib/thumb/v7e-m\libc.a(lib_a-__atexit.o)
                0x00403c18                __register_exitproc
 .text._close_r
                0x00403cdc       0x24 c:/program files (x86)/atmel/studio/7.0/toolchain/arm/arm-gnu-toolchain/bin/../lib/gcc/arm-none-eabi/6.3.1/../../../../arm-none-eabi/lib/thumb/v7e-m\libc.a(lib_a-closer.o)
                0x00403cdc                _close_r
 .text._fclose_r
                0x00403d00       0xc4 c:/program files (x86)/atmel/studio/7.0/toolchain/arm/arm-gnu-toolchain/bin/../lib/gcc/arm-none-eabi/6.3.1/../../../../arm-none-eabi/lib/thumb/v7e-m\libc.a(lib_a-fclose.o)
                0x00403d00                _fclose_r
 .text._fstat_r
                0x00403dc4       0x28 c:/program files (x86)/atmel/studio/7.0/toolchain/arm/arm-gnu-toolchain/bin/../lib/gcc/arm-none-eabi/6.3.1/../../../../arm-none-eabi/lib/thumb/v7e-m\libc.a(lib_a-fstatr.o)
                0x00403dc4                _fstat_r
 .text._isatty_r
                0x00403dec       0x24 c:/program files (x86)/atmel/studio/7.0/toolchain/arm/arm-gnu-toolchain/bin/../lib/gcc/arm-none-eabi/6.3.1/../../../../arm-none-eabi/lib/thumb/v7e-m\libc.a(lib_a-isattyr.o)
                0x00403dec                _isatty_r
 .text._lseek_r
                0x00403e10       0x2c c:/program files (x86)/atmel/studio/7.0/toolchain/arm/arm-gnu-toolchain/bin/../lib/gcc/arm-none-eabi/6.3.1/../../../../arm-none-eabi/lib/thumb/v7e-m\libc.a(lib_a-lseekr.o)
                0x00403e10                _lseek_r
 .text._read_r  0x00403e3c       0x2c c:/program files (x86)/atmel/studio/7.0/toolchain/arm/arm-gnu-toolchain/bin/../lib/gcc/arm-none-eabi/6.3.1/../../../../arm-none-eabi/lib/thumb/v7e-m\libc.a(lib_a-readr.o)
                0x00403e3c                _read_r
 .text          0x00403e68       0x30 c:/program files (x86)/atmel/studio/7.0/toolchain/arm/arm-gnu-toolchain/bin/../lib/gcc/arm-none-eabi/6.3.1/thumb/v7e-m\libgcc.a(_aeabi_uldivmod.o)
                0x00403e68                __aeabi_uldivmod
 .text          0x00403e98      0x2dc c:/program files (x86)/atmel/studio/7.0/toolchain/arm/arm-gnu-toolchain/bin/../lib/gcc/arm-none-eabi/6.3.1/thumb/v7e-m\libgcc.a(_udivmoddi4.o)
                0x00403e98                __udivmoddi4
 .text          0x00404174        0x4 c:/program files (x86)/atmel/studio/7.0/toolchain/arm/arm-gnu-toolchain/bin/../lib/gcc/arm-none-eabi/6.3.1/thumb/v7e-m\libgcc.a(_dvmd_tls.o)
                0x00404174                __aeabi_idiv0
                0x00404174                __aeabi_ldiv0
 *(.glue_7t)
 .glue_7t       0x00404178        0x0 linker stubs
 *(.glue_7)
 .glue_7        0x00404178        0x0 linker stubs
 *(.rodata .rodata* .gnu.linkonce.r.*)
 .rodata.display_menu.str1.4
                0x00404178      0x1c9 src/sinewave_example.o
 *fill*         0x00404341        0x3 
 .rodata.get_input_value.str1.4
                0x00404344       0x22 src/sinewave_example.o
                                 0x26 (size before relaxing)
 *fill*         0x00404366        0x2 
 .rodata.main.str1.4
                0x00404368      0x13e src/sinewave_example.o
 *fill*         0x004044a6        0x2 
 .rodata._global_impure_ptr
                0x004044a8        0x4 c:/program files (x86)/atmel/studio/7.0/toolchain/arm/arm-gnu-toolchain/bin/../lib/gcc/arm-none-eabi/6.3.1/../../../../arm-none-eabi/lib/thumb/v7e-m\libc.a(lib_a-impure.o)
                0x004044a8                _global_impure_ptr
 .rodata._puts_r.str1.4
                0x004044ac        0x2 c:/program files (x86)/atmel/studio/7.0/toolchain/arm/arm-gnu-toolchain/bin/../lib/gcc/arm-none-eabi/6.3.1/../../../../arm-none-eabi/lib/thumb/v7e-m\libc.a(lib_a-puts.o)
 *fill*         0x004044ae        0x2 
 .rodata._vfiprintf_r.str1.4
                0x004044b0       0x2f c:/program files (x86)/atmel/studio/7.0/toolchain/arm/arm-gnu-toolchain/bin/../lib/gcc/arm-none-eabi/6.3.1/../../../../arm-none-eabi/lib/thumb/v7e-m\libc.a(lib_a-vfiprintf.o)
 *fill*         0x004044df        0x1 
 .rodata.blanks.7217
                0x004044e0       0x10 c:/program files (x86)/atmel/studio/7.0/toolchain/arm/arm-gnu-toolchain/bin/../lib/gcc/arm-none-eabi/6.3.1/../../../../arm-none-eabi/lib/thumb/v7e-m\libc.a(lib_a-vfiprintf.o)
 .rodata.zeroes.7218
                0x004044f0       0x10 c:/program files (x86)/atmel/studio/7.0/toolchain/arm/arm-gnu-toolchain/bin/../lib/gcc/arm-none-eabi/6.3.1/../../../../arm-none-eabi/lib/thumb/v7e-m\libc.a(lib_a-vfiprintf.o)
 .rodata._setlocale_r.str1.4
                0x00404500        0xa c:/program files (x86)/atmel/studio/7.0/toolchain/arm/arm-gnu-toolchain/bin/../lib/gcc/arm-none-eabi/6.3.1/../../../../arm-none-eabi/lib/thumb/v7e-m\libc.a(lib_a-locale.o)
                                  0xd (size before relaxing)
 *fill*         0x0040450a        0x2 
 .rodata.str1.4
                0x0040450c        0x4 c:/program files (x86)/atmel/studio/7.0/toolchain/arm/arm-gnu-toolchain/bin/../lib/gcc/arm-none-eabi/6.3.1/../../../../arm-none-eabi/lib/thumb/v7e-m\libc.a(lib_a-locale.o)
                                  0x2 (size before relaxing)
 .rodata._ctype_
                0x00404510      0x101 c:/program files (x86)/atmel/studio/7.0/toolchain/arm/arm-gnu-toolchain/bin/../lib/gcc/arm-none-eabi/6.3.1/../../../../arm-none-eabi/lib/thumb/v7e-m\libc.a(lib_a-ctype_.o)
                0x00404510                _ctype_
 *(.ARM.extab* .gnu.linkonce.armextab.*)
                0x00404614                . = ALIGN (0x4)
 *fill*         0x00404611        0x3 
 *(.init)
 .init          0x00404614        0x4 c:/program files (x86)/atmel/studio/7.0/toolchain/arm/arm-gnu-toolchain/bin/../lib/gcc/arm-none-eabi/6.3.1/thumb/v7e-m/crti.o
                0x00404614                _init
 .init          0x00404618        0x8 c:/program files (x86)/atmel/studio/7.0/toolchain/arm/arm-gnu-toolchain/bin/../lib/gcc/arm-none-eabi/6.3.1/thumb/v7e-m/crtn.o
                0x00404620                . = ALIGN (0x4)
                0x00404620                __preinit_array_start = .
 *(.preinit_array)
                0x00404620                __preinit_array_end = .
                0x00404620                . = ALIGN (0x4)
                0x00404620                __init_array_start = .
 *(SORT(.init_array.*))
 .init_array.00000
                0x00404620        0x4 c:/program files (x86)/atmel/studio/7.0/toolchain/arm/arm-gnu-toolchain/bin/../lib/gcc/arm-none-eabi/6.3.1/../../../../arm-none-eabi/lib/thumb/v7e-m\libc.a(lib_a-__call_atexit.o)
 *(.init_array)
 .init_array    0x00404624        0x4 c:/program files (x86)/atmel/studio/7.0/toolchain/arm/arm-gnu-toolchain/bin/../lib/gcc/arm-none-eabi/6.3.1/thumb/v7e-m/crtbegin.o
                0x00404628                __init_array_end = .
                0x00404628                . = ALIGN (0x4)
 *crtbegin.o(.ctors)
 *(EXCLUDE_FILE(*crtend.o) .ctors)
 *(SORT(.ctors.*))
 *crtend.o(.ctors)
                0x00404628                . = ALIGN (0x4)
 *(.fini)
 .fini          0x00404628        0x4 c:/program files (x86)/atmel/studio/7.0/toolchain/arm/arm-gnu-toolchain/bin/../lib/gcc/arm-none-eabi/6.3.1/thumb/v7e-m/crti.o
                0x00404628                _fini
 .fini          0x0040462c        0x8 c:/program files (x86)/atmel/studio/7.0/toolchain/arm/arm-gnu-toolchain/bin/../lib/gcc/arm-none-eabi/6.3.1/thumb/v7e-m/crtn.o
                0x00404634                . = ALIGN (0x4)
                0x00404634                __fini_array_start = .
 *(.fini_array)
 .fini_array    0x00404634        0x4 c:/program files (x86)/atmel/studio/7.0/toolchain/arm/arm-gnu-toolchain/bin/../lib/gcc/arm-none-eabi/6.3.1/thumb/v7e-m/crtbegin.o
 *(SORT(.fini_array.*))
                0x00404638                __fini_array_end = .
 *crtbegin.o(.dtors)
 *(EXCLUDE_FILE(*crtend.o) .dtors)
 *(SORT(.dtors.*))
 *crtend.o(.dtors)
                0x00404638                . = ALIGN (0x4)
                0x00404638                _efixed = .
                [!provide]                PROVIDE (__exidx_start, .)

.vfp11_veneer   0x00404638        0x0
 .vfp11_veneer  0x00404638        0x0 linker stubs

.v4_bx          0x00404638        0x0
 .v4_bx         0x00404638        0x0 linker stubs

.iplt           0x00404638        0x0
 .iplt          0x00404638        0x0 c:/program files (x86)/atmel/studio/7.0/toolchain/arm/arm-gnu-toolchain/bin/../lib/gcc/arm-none-eabi/6.3.1/thumb/v7e-m/crtbegin.o

.ARM.exidx      0x00404638        0x8
 *(.ARM.exidx* .gnu.linkonce.armexidx.*)
 .ARM.exidx     0x00404638        0x8 c:/program files (x86)/atmel/studio/7.0/toolchain/arm/arm-gnu-toolchain/bin/../lib/gcc/arm-none-eabi/6.3.1/thumb/v7e-m\libgcc.a(_udivmoddi4.o)
                [!provide]                PROVIDE (__exidx_end, .)

.eh_frame       0x00404640        0x0
 .eh_frame      0x00404640        0x0 c:/program files (x86)/atmel/studio/7.0/toolchain/arm/arm-gnu-toolchain/bin/../lib/gcc/arm-none-eabi/6.3.1/thumb/v7e-m/crtbegin.o

.rel.dyn        0x00404640        0x0
 .rel.iplt      0x00404640        0x0 c:/program files (x86)/atmel/studio/7.0/toolchain/arm/arm-gnu-toolchain/bin/../lib/gcc/arm-none-eabi/6.3.1/thumb/v7e-m/crtbegin.o

.jcr            0x00404640        0x0
 .jcr           0x00404640        0x0 c:/program files (x86)/atmel/studio/7.0/toolchain/arm/arm-gnu-toolchain/bin/../lib/gcc/arm-none-eabi/6.3.1/thumb/v7e-m/crtbegin.o

.igot.plt       0x00404640        0x0
 .igot.plt      0x00404640        0x0 c:/program files (x86)/atmel/studio/7.0/toolchain/arm/arm-gnu-toolchain/bin/../lib/gcc/arm-none-eabi/6.3.1/thumb/v7e-m/crtbegin.o
                0x00404640                . = ALIGN (0x4)
                0x00404640                _etext = .

.relocate       0x20400000      0x9b8 load address 0x00404640
                0x20400000                . = ALIGN (0x4)
                0x20400000                _srelocate = .
 *(.ramfunc .ramfunc.*)
 *(.data .data.*)
 .data.g_interrupt_enabled
                0x20400000        0x1 src/ASF/common/utils/interrupt/interrupt_sam_nvic.o
                0x20400000                g_interrupt_enabled
 *fill*         0x20400001        0x3 
 .data.SystemCoreClock
                0x20400004        0x4 src/ASF/sam/utils/cmsis/same70/source/templates/system_same70.o
                0x20400004                SystemCoreClock
 .data._impure_ptr
                0x20400008        0x4 c:/program files (x86)/atmel/studio/7.0/toolchain/arm/arm-gnu-toolchain/bin/../lib/gcc/arm-none-eabi/6.3.1/../../../../arm-none-eabi/lib/thumb/v7e-m\libc.a(lib_a-impure.o)
                0x20400008                _impure_ptr
 *fill*         0x2040000c        0x4 
 .data.impure_data
                0x20400010      0x428 c:/program files (x86)/atmel/studio/7.0/toolchain/arm/arm-gnu-toolchain/bin/../lib/gcc/arm-none-eabi/6.3.1/../../../../arm-none-eabi/lib/thumb/v7e-m\libc.a(lib_a-impure.o)
 .data.__atexit_recursive_mutex
                0x20400438        0x4 c:/program files (x86)/atmel/studio/7.0/toolchain/arm/arm-gnu-toolchain/bin/../lib/gcc/arm-none-eabi/6.3.1/../../../../arm-none-eabi/lib/thumb/v7e-m\libc.a(lib_a-__call_atexit.o)
                0x20400438                __atexit_recursive_mutex
 .data.__global_locale
                0x2040043c      0x16c c:/program files (x86)/atmel/studio/7.0/toolchain/arm/arm-gnu-toolchain/bin/../lib/gcc/arm-none-eabi/6.3.1/../../../../arm-none-eabi/lib/thumb/v7e-m\libc.a(lib_a-locale.o)
                0x2040043c                __global_locale
 .data.__malloc_av_
                0x204005a8      0x408 c:/program files (x86)/atmel/studio/7.0/toolchain/arm/arm-gnu-toolchain/bin/../lib/gcc/arm-none-eabi/6.3.1/../../../../arm-none-eabi/lib/thumb/v7e-m\libc.a(lib_a-mallocr.o)
                0x204005a8                __malloc_av_
 .data.__malloc_sbrk_base
                0x204009b0        0x4 c:/program files (x86)/atmel/studio/7.0/toolchain/arm/arm-gnu-toolchain/bin/../lib/gcc/arm-none-eabi/6.3.1/../../../../arm-none-eabi/lib/thumb/v7e-m\libc.a(lib_a-mallocr.o)
                0x204009b0                __malloc_sbrk_base
 .data.__malloc_trim_threshold
                0x204009b4        0x4 c:/program files (x86)/atmel/studio/7.0/toolchain/arm/arm-gnu-toolchain/bin/../lib/gcc/arm-none-eabi/6.3.1/../../../../arm-none-eabi/lib/thumb/v7e-m\libc.a(lib_a-mallocr.o)
                0x204009b4                __malloc_trim_threshold
                0x204009b8                . = ALIGN (0x4)
                0x204009b8                _erelocate = .

.bss            0x204009b8      0x108 load address 0x00404ff8
                0x204009b8                . = ALIGN (0x4)
                0x204009b8                _sbss = .
                0x204009b8                _szero = .
 *(.bss .bss.*)
 .bss           0x204009b8       0x1c c:/program files (x86)/atmel/studio/7.0/toolchain/arm/arm-gnu-toolchain/bin/../lib/gcc/arm-none-eabi/6.3.1/thumb/v7e-m/crtbegin.o
 .bss.gs_interrupt_sources
                0x204009d4       0x70 src/ASF/sam/drivers/pio/pio_handler.o
 .bss.ul_reg_val.9325
                0x20400a44        0x4 src/ASF/sam/drivers/usart/usart.o
 .bss.heap.6420
                0x20400a48        0x4 src/ASF/sam/utils/syscalls/gcc/syscalls.o
 .bss.g_l_amplitude
                0x20400a4c        0x4 src/sinewave_example.o
                0x20400a4c                g_l_amplitude
 .bss.g_uc_wave_sel
                0x20400a50        0x1 src/sinewave_example.o
                0x20400a50                g_uc_wave_sel
 *fill*         0x20400a51        0x3 
 .bss.g_ul_frequency
                0x20400a54        0x4 src/sinewave_example.o
                0x20400a54                g_ul_frequency
 .bss.__malloc_current_mallinfo
                0x20400a58       0x28 c:/program files (x86)/atmel/studio/7.0/toolchain/arm/arm-gnu-toolchain/bin/../lib/gcc/arm-none-eabi/6.3.1/../../../../arm-none-eabi/lib/thumb/v7e-m\libc.a(lib_a-mallocr.o)
                0x20400a58                __malloc_current_mallinfo
 .bss.__malloc_max_sbrked_mem
                0x20400a80        0x4 c:/program files (x86)/atmel/studio/7.0/toolchain/arm/arm-gnu-toolchain/bin/../lib/gcc/arm-none-eabi/6.3.1/../../../../arm-none-eabi/lib/thumb/v7e-m\libc.a(lib_a-mallocr.o)
                0x20400a80                __malloc_max_sbrked_mem
 .bss.__malloc_max_total_mem
                0x20400a84        0x4 c:/program files (x86)/atmel/studio/7.0/toolchain/arm/arm-gnu-toolchain/bin/../lib/gcc/arm-none-eabi/6.3.1/../../../../arm-none-eabi/lib/thumb/v7e-m\libc.a(lib_a-mallocr.o)
                0x20400a84                __malloc_max_total_mem
 .bss.__malloc_top_pad
                0x20400a88        0x4 c:/program files (x86)/atmel/studio/7.0/toolchain/arm/arm-gnu-toolchain/bin/../lib/gcc/arm-none-eabi/6.3.1/../../../../arm-none-eabi/lib/thumb/v7e-m\libc.a(lib_a-mallocr.o)
                0x20400a88                __malloc_top_pad
 *(COMMON)
 COMMON         0x20400a8c        0x4 src/ASF/common/utils/stdio/read.o
                0x20400a8c                ptr_get
 COMMON         0x20400a90        0x8 src/ASF/common/utils/stdio/write.o
                0x20400a90                ptr_put
                0x20400a94                stdio_base
 COMMON         0x20400a98       0x21 c:/program files (x86)/atmel/studio/7.0/toolchain/arm/arm-gnu-toolchain/bin/../lib/gcc/arm-none-eabi/6.3.1/../../../../arm-none-eabi/lib/thumb/v7e-m\libc.a(lib_a-lock.o)
                0x20400a98                __lock___atexit_recursive_mutex
                0x20400a9c                __lock___arc4random_mutex
                0x20400aa0                __lock___env_recursive_mutex
                0x20400aa4                __lock___sinit_recursive_mutex
                0x20400aa8                __lock___malloc_recursive_mutex
                0x20400aac                __lock___at_quick_exit_mutex
                0x20400ab0                __lock___dd_hash_mutex
                0x20400ab4                __lock___tz_mutex
                0x20400ab8                __lock___sfp_recursive_mutex
 *fill*         0x20400ab9        0x3 
 COMMON         0x20400abc        0x4 c:/program files (x86)/atmel/studio/7.0/toolchain/arm/arm-gnu-toolchain/bin/../lib/gcc/arm-none-eabi/6.3.1/../../../../arm-none-eabi/lib/thumb/v7e-m\libc.a(lib_a-reent.o)
                0x20400abc                errno
                0x20400ac0                . = ALIGN (0x4)
                0x20400ac0                _ebss = .
                0x20400ac0                _ezero = .

.stack          0x20400ac0     0x2000 load address 0x00405100
                0x20400ac0                . = ALIGN (0x8)
                0x20400ac0                _sstack = .
                0x20402ac0                . = (. + STACK_SIZE)
 *fill*         0x20400ac0     0x2000 
                0x20402ac0                . = ALIGN (0x8)
                0x20402ac0                _estack = .

.heap           0x20402ac0      0x200 load address 0x00407100
                0x20402ac0                . = ALIGN (0x8)
                0x20402ac0                _sheap = .
                0x20402cc0                . = (. + HEAP_SIZE)
 *fill*         0x20402ac0      0x200 
                0x20402cc0                . = ALIGN (0x8)
                0x20402cc0                _eheap = .
                0x20402cc0                . = ALIGN (0x4)
                0x20402cc0                _end = .
                0x2045ffff                _ram_end_ = ((ORIGIN (ram) + LENGTH (ram)) - 0x1)
OUTPUT(DACC_SINEWAVE_EXAMPLE1.elf elf32-littlearm)

.ARM.attributes
                0x00000000       0x2e
 .ARM.attributes
                0x00000000       0x1e c:/program files (x86)/atmel/studio/7.0/toolchain/arm/arm-gnu-toolchain/bin/../lib/gcc/arm-none-eabi/6.3.1/thumb/v7e-m/crti.o
 .ARM.attributes
                0x0000001e       0x2e c:/program files (x86)/atmel/studio/7.0/toolchain/arm/arm-gnu-toolchain/bin/../lib/gcc/arm-none-eabi/6.3.1/thumb/v7e-m/crtbegin.o
 .ARM.attributes
                0x0000004c       0x37 src/ASF/common/services/clock/same70/sysclk.o
 .ARM.attributes
                0x00000083       0x37 src/ASF/common/utils/interrupt/interrupt_sam_nvic.o
 .ARM.attributes
                0x000000ba       0x37 src/ASF/common/utils/stdio/read.o
 .ARM.attributes
                0x000000f1       0x37 src/ASF/common/utils/stdio/write.o
 .ARM.attributes
                0x00000128       0x37 src/ASF/sam/boards/same70_xplained/init.o
 .ARM.attributes
                0x0000015f       0x37 src/ASF/sam/drivers/dacc/dacc.o
 .ARM.attributes
                0x00000196       0x37 src/ASF/sam/drivers/pio/pio.o
 .ARM.attributes
                0x000001cd       0x37 src/ASF/sam/drivers/pio/pio_handler.o
 .ARM.attributes
                0x00000204       0x37 src/ASF/sam/drivers/pmc/pmc.o
 .ARM.attributes
                0x0000023b       0x37 src/ASF/sam/drivers/uart/uart.o
 .ARM.attributes
                0x00000272       0x37 src/ASF/sam/drivers/usart/usart.o
 .ARM.attributes
                0x000002a9       0x37 src/ASF/sam/utils/cmsis/same70/source/templates/gcc/startup_same70.o
 .ARM.attributes
                0x000002e0       0x37 src/ASF/sam/utils/cmsis/same70/source/templates/system_same70.o
 .ARM.attributes
                0x00000317       0x37 src/ASF/sam/utils/syscalls/gcc/syscalls.o
 .ARM.attributes
                0x0000034e       0x37 src/sinewave_example.o
 .ARM.attributes
                0x00000385       0x2e c:/program files (x86)/atmel/studio/7.0/toolchain/arm/arm-gnu-toolchain/bin/../lib/gcc/arm-none-eabi/6.3.1/../../../../arm-none-eabi/lib/thumb/v7e-m\libc.a(lib_a-impure.o)
 .ARM.attributes
                0x000003b3       0x2e c:/program files (x86)/atmel/studio/7.0/toolchain/arm/arm-gnu-toolchain/bin/../lib/gcc/arm-none-eabi/6.3.1/../../../../arm-none-eabi/lib/thumb/v7e-m\libc.a(lib_a-init.o)
 .ARM.attributes
                0x000003e1       0x2e c:/program files (x86)/atmel/studio/7.0/toolchain/arm/arm-gnu-toolchain/bin/../lib/gcc/arm-none-eabi/6.3.1/../../../../arm-none-eabi/lib/thumb/v7e-m\libc.a(lib_a-iprintf.o)
 .ARM.attributes
                0x0000040f       0x2e c:/program files (x86)/atmel/studio/7.0/toolchain/arm/arm-gnu-toolchain/bin/../lib/gcc/arm-none-eabi/6.3.1/../../../../arm-none-eabi/lib/thumb/v7e-m\libc.a(lib_a-memset.o)
 .ARM.attributes
                0x0000043d       0x2e c:/program files (x86)/atmel/studio/7.0/toolchain/arm/arm-gnu-toolchain/bin/../lib/gcc/arm-none-eabi/6.3.1/../../../../arm-none-eabi/lib/thumb/v7e-m\libc.a(lib_a-puts.o)
 .ARM.attributes
                0x0000046b       0x2e c:/program files (x86)/atmel/studio/7.0/toolchain/arm/arm-gnu-toolchain/bin/../lib/gcc/arm-none-eabi/6.3.1/../../../../arm-none-eabi/lib/thumb/v7e-m\libc.a(lib_a-setbuf.o)
 .ARM.attributes
                0x00000499       0x2e c:/program files (x86)/atmel/studio/7.0/toolchain/arm/arm-gnu-toolchain/bin/../lib/gcc/arm-none-eabi/6.3.1/../../../../arm-none-eabi/lib/thumb/v7e-m\libc.a(lib_a-setvbuf.o)
 .ARM.attributes
                0x000004c7       0x1c c:/program files (x86)/atmel/studio/7.0/toolchain/arm/arm-gnu-toolchain/bin/../lib/gcc/arm-none-eabi/6.3.1/../../../../arm-none-eabi/lib/thumb/v7e-m\libc.a(lib_a-strlen.o)
 .ARM.attributes
                0x000004e3       0x2e c:/program files (x86)/atmel/studio/7.0/toolchain/arm/arm-gnu-toolchain/bin/../lib/gcc/arm-none-eabi/6.3.1/../../../../arm-none-eabi/lib/thumb/v7e-m\libc.a(lib_a-vfiprintf.o)
 .ARM.attributes
                0x00000511       0x2e c:/program files (x86)/atmel/studio/7.0/toolchain/arm/arm-gnu-toolchain/bin/../lib/gcc/arm-none-eabi/6.3.1/../../../../arm-none-eabi/lib/thumb/v7e-m\libc.a(lib_a-wsetup.o)
 .ARM.attributes
                0x0000053f       0x2e c:/program files (x86)/atmel/studio/7.0/toolchain/arm/arm-gnu-toolchain/bin/../lib/gcc/arm-none-eabi/6.3.1/../../../../arm-none-eabi/lib/thumb/v7e-m\libc.a(lib_a-__call_atexit.o)
 .ARM.attributes
                0x0000056d       0x2e c:/program files (x86)/atmel/studio/7.0/toolchain/arm/arm-gnu-toolchain/bin/../lib/gcc/arm-none-eabi/6.3.1/../../../../arm-none-eabi/lib/thumb/v7e-m\libc.a(lib_a-atexit.o)
 .ARM.attributes
                0x0000059b       0x2e c:/program files (x86)/atmel/studio/7.0/toolchain/arm/arm-gnu-toolchain/bin/../lib/gcc/arm-none-eabi/6.3.1/../../../../arm-none-eabi/lib/thumb/v7e-m\libc.a(lib_a-fflush.o)
 .ARM.attributes
                0x000005c9       0x2e c:/program files (x86)/atmel/studio/7.0/toolchain/arm/arm-gnu-toolchain/bin/../lib/gcc/arm-none-eabi/6.3.1/../../../../arm-none-eabi/lib/thumb/v7e-m\libc.a(lib_a-findfp.o)
 .ARM.attributes
                0x000005f7       0x2e c:/program files (x86)/atmel/studio/7.0/toolchain/arm/arm-gnu-toolchain/bin/../lib/gcc/arm-none-eabi/6.3.1/../../../../arm-none-eabi/lib/thumb/v7e-m\libc.a(lib_a-fini.o)
 .ARM.attributes
                0x00000625       0x2e c:/program files (x86)/atmel/studio/7.0/toolchain/arm/arm-gnu-toolchain/bin/../lib/gcc/arm-none-eabi/6.3.1/../../../../arm-none-eabi/lib/thumb/v7e-m\libc.a(lib_a-fputwc.o)
 .ARM.attributes
                0x00000653       0x2e c:/program files (x86)/atmel/studio/7.0/toolchain/arm/arm-gnu-toolchain/bin/../lib/gcc/arm-none-eabi/6.3.1/../../../../arm-none-eabi/lib/thumb/v7e-m\libc.a(lib_a-freer.o)
 .ARM.attributes
                0x00000681       0x2e c:/program files (x86)/atmel/studio/7.0/toolchain/arm/arm-gnu-toolchain/bin/../lib/gcc/arm-none-eabi/6.3.1/../../../../arm-none-eabi/lib/thumb/v7e-m\libc.a(lib_a-fvwrite.o)
 .ARM.attributes
                0x000006af       0x2e c:/program files (x86)/atmel/studio/7.0/toolchain/arm/arm-gnu-toolchain/bin/../lib/gcc/arm-none-eabi/6.3.1/../../../../arm-none-eabi/lib/thumb/v7e-m\libc.a(lib_a-fwalk.o)
 .ARM.attributes
                0x000006dd       0x2e c:/program files (x86)/atmel/studio/7.0/toolchain/arm/arm-gnu-toolchain/bin/../lib/gcc/arm-none-eabi/6.3.1/../../../../arm-none-eabi/lib/thumb/v7e-m\libc.a(lib_a-locale.o)
 .ARM.attributes
                0x0000070b       0x2e c:/program files (x86)/atmel/studio/7.0/toolchain/arm/arm-gnu-toolchain/bin/../lib/gcc/arm-none-eabi/6.3.1/../../../../arm-none-eabi/lib/thumb/v7e-m\libc.a(lib_a-lock.o)
 .ARM.attributes
                0x00000739       0x2e c:/program files (x86)/atmel/studio/7.0/toolchain/arm/arm-gnu-toolchain/bin/../lib/gcc/arm-none-eabi/6.3.1/../../../../arm-none-eabi/lib/thumb/v7e-m\libc.a(lib_a-makebuf.o)
 .ARM.attributes
                0x00000767       0x2e c:/program files (x86)/atmel/studio/7.0/toolchain/arm/arm-gnu-toolchain/bin/../lib/gcc/arm-none-eabi/6.3.1/../../../../arm-none-eabi/lib/thumb/v7e-m\libc.a(lib_a-malloc.o)
 .ARM.attributes
                0x00000795       0x2e c:/program files (x86)/atmel/studio/7.0/toolchain/arm/arm-gnu-toolchain/bin/../lib/gcc/arm-none-eabi/6.3.1/../../../../arm-none-eabi/lib/thumb/v7e-m\libc.a(lib_a-mallocr.o)
 .ARM.attributes
                0x000007c3       0x2e c:/program files (x86)/atmel/studio/7.0/toolchain/arm/arm-gnu-toolchain/bin/../lib/gcc/arm-none-eabi/6.3.1/../../../../arm-none-eabi/lib/thumb/v7e-m\libc.a(lib_a-mbtowc_r.o)
 .ARM.attributes
                0x000007f1       0x1c c:/program files (x86)/atmel/studio/7.0/toolchain/arm/arm-gnu-toolchain/bin/../lib/gcc/arm-none-eabi/6.3.1/../../../../arm-none-eabi/lib/thumb/v7e-m\libc.a(lib_a-memchr.o)
 .ARM.attributes
                0x0000080d       0x1c c:/program files (x86)/atmel/studio/7.0/toolchain/arm/arm-gnu-toolchain/bin/../lib/gcc/arm-none-eabi/6.3.1/../../../../arm-none-eabi/lib/thumb/v7e-m\libc.a(lib_a-memcpy.o)
 .ARM.attributes
                0x00000829       0x2e c:/program files (x86)/atmel/studio/7.0/toolchain/arm/arm-gnu-toolchain/bin/../lib/gcc/arm-none-eabi/6.3.1/../../../../arm-none-eabi/lib/thumb/v7e-m\libc.a(lib_a-memmove.o)
 .ARM.attributes
                0x00000857       0x2e c:/program files (x86)/atmel/studio/7.0/toolchain/arm/arm-gnu-toolchain/bin/../lib/gcc/arm-none-eabi/6.3.1/../../../../arm-none-eabi/lib/thumb/v7e-m\libc.a(lib_a-mlock.o)
 .ARM.attributes
                0x00000885       0x2e c:/program files (x86)/atmel/studio/7.0/toolchain/arm/arm-gnu-toolchain/bin/../lib/gcc/arm-none-eabi/6.3.1/../../../../arm-none-eabi/lib/thumb/v7e-m\libc.a(lib_a-reallocr.o)
 .ARM.attributes
                0x000008b3       0x2e c:/program files (x86)/atmel/studio/7.0/toolchain/arm/arm-gnu-toolchain/bin/../lib/gcc/arm-none-eabi/6.3.1/../../../../arm-none-eabi/lib/thumb/v7e-m\libc.a(lib_a-sbrkr.o)
 .ARM.attributes
                0x000008e1       0x2e c:/program files (x86)/atmel/studio/7.0/toolchain/arm/arm-gnu-toolchain/bin/../lib/gcc/arm-none-eabi/6.3.1/../../../../arm-none-eabi/lib/thumb/v7e-m\libc.a(lib_a-stdio.o)
 .ARM.attributes
                0x0000090f       0x2e c:/program files (x86)/atmel/studio/7.0/toolchain/arm/arm-gnu-toolchain/bin/../lib/gcc/arm-none-eabi/6.3.1/../../../../arm-none-eabi/lib/thumb/v7e-m\libc.a(lib_a-wbuf.o)
 .ARM.attributes
                0x0000093d       0x2e c:/program files (x86)/atmel/studio/7.0/toolchain/arm/arm-gnu-toolchain/bin/../lib/gcc/arm-none-eabi/6.3.1/../../../../arm-none-eabi/lib/thumb/v7e-m\libc.a(lib_a-wcrtomb.o)
 .ARM.attributes
                0x0000096b       0x2e c:/program files (x86)/atmel/studio/7.0/toolchain/arm/arm-gnu-toolchain/bin/../lib/gcc/arm-none-eabi/6.3.1/../../../../arm-none-eabi/lib/thumb/v7e-m\libc.a(lib_a-wctomb_r.o)
 .ARM.attributes
                0x00000999       0x2e c:/program files (x86)/atmel/studio/7.0/toolchain/arm/arm-gnu-toolchain/bin/../lib/gcc/arm-none-eabi/6.3.1/../../../../arm-none-eabi/lib/thumb/v7e-m\libc.a(lib_a-writer.o)
 .ARM.attributes
                0x000009c7       0x2e c:/program files (x86)/atmel/studio/7.0/toolchain/arm/arm-gnu-toolchain/bin/../lib/gcc/arm-none-eabi/6.3.1/../../../../arm-none-eabi/lib/thumb/v7e-m\libc.a(lib_a-__atexit.o)
 .ARM.attributes
                0x000009f5       0x2e c:/program files (x86)/atmel/studio/7.0/toolchain/arm/arm-gnu-toolchain/bin/../lib/gcc/arm-none-eabi/6.3.1/../../../../arm-none-eabi/lib/thumb/v7e-m\libc.a(lib_a-closer.o)
 .ARM.attributes
                0x00000a23       0x2e c:/program files (x86)/atmel/studio/7.0/toolchain/arm/arm-gnu-toolchain/bin/../lib/gcc/arm-none-eabi/6.3.1/../../../../arm-none-eabi/lib/thumb/v7e-m\libc.a(lib_a-ctype_.o)
 .ARM.attributes
                0x00000a51       0x2e c:/program files (x86)/atmel/studio/7.0/toolchain/arm/arm-gnu-toolchain/bin/../lib/gcc/arm-none-eabi/6.3.1/../../../../arm-none-eabi/lib/thumb/v7e-m\libc.a(lib_a-fclose.o)
 .ARM.attributes
                0x00000a7f       0x2e c:/program files (x86)/atmel/studio/7.0/toolchain/arm/arm-gnu-toolchain/bin/../lib/gcc/arm-none-eabi/6.3.1/../../../../arm-none-eabi/lib/thumb/v7e-m\libc.a(lib_a-fstatr.o)
 .ARM.attributes
                0x00000aad       0x2e c:/program files (x86)/atmel/studio/7.0/toolchain/arm/arm-gnu-toolchain/bin/../lib/gcc/arm-none-eabi/6.3.1/../../../../arm-none-eabi/lib/thumb/v7e-m\libc.a(lib_a-isattyr.o)
 .ARM.attributes
                0x00000adb       0x2e c:/program files (x86)/atmel/studio/7.0/toolchain/arm/arm-gnu-toolchain/bin/../lib/gcc/arm-none-eabi/6.3.1/../../../../arm-none-eabi/lib/thumb/v7e-m\libc.a(lib_a-lseekr.o)
 .ARM.attributes
                0x00000b09       0x2e c:/program files (x86)/atmel/studio/7.0/toolchain/arm/arm-gnu-toolchain/bin/../lib/gcc/arm-none-eabi/6.3.1/../../../../arm-none-eabi/lib/thumb/v7e-m\libc.a(lib_a-readr.o)
 .ARM.attributes
                0x00000b37       0x2e c:/program files (x86)/atmel/studio/7.0/toolchain/arm/arm-gnu-toolchain/bin/../lib/gcc/arm-none-eabi/6.3.1/../../../../arm-none-eabi/lib/thumb/v7e-m\libc.a(lib_a-reent.o)
 .ARM.attributes
                0x00000b65       0x1e c:/program files (x86)/atmel/studio/7.0/toolchain/arm/arm-gnu-toolchain/bin/../lib/gcc/arm-none-eabi/6.3.1/thumb/v7e-m\libgcc.a(_aeabi_uldivmod.o)
 .ARM.attributes
                0x00000b83       0x2e c:/program files (x86)/atmel/studio/7.0/toolchain/arm/arm-gnu-toolchain/bin/../lib/gcc/arm-none-eabi/6.3.1/thumb/v7e-m\libgcc.a(_udivmoddi4.o)
 .ARM.attributes
                0x00000bb1       0x1e c:/program files (x86)/atmel/studio/7.0/toolchain/arm/arm-gnu-toolchain/bin/../lib/gcc/arm-none-eabi/6.3.1/thumb/v7e-m\libgcc.a(_dvmd_tls.o)
 .ARM.attributes
                0x00000bcf       0x1e c:/program files (x86)/atmel/studio/7.0/toolchain/arm/arm-gnu-toolchain/bin/../lib/gcc/arm-none-eabi/6.3.1/thumb/v7e-m/crtn.o

.comment        0x00000000       0x59
 .comment       0x00000000       0x59 src/ASF/common/services/clock/same70/sysclk.o
                                 0x5a (size before relaxing)
 .comment       0x00000059       0x5a src/ASF/common/utils/interrupt/interrupt_sam_nvic.o
 .comment       0x00000059       0x5a src/ASF/common/utils/stdio/read.o
 .comment       0x00000059       0x5a src/ASF/common/utils/stdio/write.o
 .comment       0x00000059       0x5a src/ASF/sam/boards/same70_xplained/init.o
 .comment       0x00000059       0x5a src/ASF/sam/drivers/dacc/dacc.o
 .comment       0x00000059       0x5a src/ASF/sam/drivers/pio/pio.o
 .comment       0x00000059       0x5a src/ASF/sam/drivers/pio/pio_handler.o
 .comment       0x00000059       0x5a src/ASF/sam/drivers/pmc/pmc.o
 .comment       0x00000059       0x5a src/ASF/sam/drivers/uart/uart.o
 .comment       0x00000059       0x5a src/ASF/sam/drivers/usart/usart.o
 .comment       0x00000059       0x5a src/ASF/sam/utils/cmsis/same70/source/templates/gcc/startup_same70.o
 .comment       0x00000059       0x5a src/ASF/sam/utils/cmsis/same70/source/templates/system_same70.o
 .comment       0x00000059       0x5a src/ASF/sam/utils/syscalls/gcc/syscalls.o
 .comment       0x00000059       0x5a src/sinewave_example.o

.debug_info     0x00000000    0x13c02
 .debug_info    0x00000000     0x1267 src/ASF/common/services/clock/same70/sysclk.o
 .debug_info    0x00001267      0xb01 src/ASF/common/utils/interrupt/interrupt_sam_nvic.o
 .debug_info    0x00001d68      0xac9 src/ASF/common/utils/stdio/read.o
 .debug_info    0x00002831      0xac6 src/ASF/common/utils/stdio/write.o
 .debug_info    0x000032f7     0x201f src/ASF/sam/boards/same70_xplained/init.o
 .debug_info    0x00005316      0xffa src/ASF/sam/drivers/dacc/dacc.o
 .debug_info    0x00006310     0x2150 src/ASF/sam/drivers/pio/pio.o
 .debug_info    0x00008460     0x1b22 src/ASF/sam/drivers/pio/pio_handler.o
 .debug_info    0x00009f82     0x1e0e src/ASF/sam/drivers/pmc/pmc.o
 .debug_info    0x0000bd90     0x103b src/ASF/sam/drivers/uart/uart.o
 .debug_info    0x0000cdcb     0x2324 src/ASF/sam/drivers/usart/usart.o
 .debug_info    0x0000f0ef     0x156a src/ASF/sam/utils/cmsis/same70/source/templates/gcc/startup_same70.o
 .debug_info    0x00010659      0x55b src/ASF/sam/utils/cmsis/same70/source/templates/system_same70.o
 .debug_info    0x00010bb4      0xdb0 src/ASF/sam/utils/syscalls/gcc/syscalls.o
 .debug_info    0x00011964     0x229e src/sinewave_example.o

.debug_abbrev   0x00000000     0x2ac1
 .debug_abbrev  0x00000000      0x31f src/ASF/common/services/clock/same70/sysclk.o
 .debug_abbrev  0x0000031f      0x212 src/ASF/common/utils/interrupt/interrupt_sam_nvic.o
 .debug_abbrev  0x00000531      0x1fe src/ASF/common/utils/stdio/read.o
 .debug_abbrev  0x0000072f      0x1e9 src/ASF/common/utils/stdio/write.o
 .debug_abbrev  0x00000918      0x368 src/ASF/sam/boards/same70_xplained/init.o
 .debug_abbrev  0x00000c80      0x2c3 src/ASF/sam/drivers/dacc/dacc.o
 .debug_abbrev  0x00000f43      0x410 src/ASF/sam/drivers/pio/pio.o
 .debug_abbrev  0x00001353      0x32f src/ASF/sam/drivers/pio/pio_handler.o
 .debug_abbrev  0x00001682      0x369 src/ASF/sam/drivers/pmc/pmc.o
 .debug_abbrev  0x000019eb      0x26e src/ASF/sam/drivers/uart/uart.o
 .debug_abbrev  0x00001c59      0x3bd src/ASF/sam/drivers/usart/usart.o
 .debug_abbrev  0x00002016      0x2e4 src/ASF/sam/utils/cmsis/same70/source/templates/gcc/startup_same70.o
 .debug_abbrev  0x000022fa      0x102 src/ASF/sam/utils/cmsis/same70/source/templates/system_same70.o
 .debug_abbrev  0x000023fc      0x264 src/ASF/sam/utils/syscalls/gcc/syscalls.o
 .debug_abbrev  0x00002660      0x461 src/sinewave_example.o

.debug_loc      0x00000000     0x452b
 .debug_loc     0x00000000      0x183 src/ASF/common/services/clock/same70/sysclk.o
 .debug_loc     0x00000183       0xb3 src/ASF/common/utils/stdio/read.o
 .debug_loc     0x00000236      0x12b src/ASF/common/utils/stdio/write.o
 .debug_loc     0x00000361      0x261 src/ASF/sam/boards/same70_xplained/init.o
 .debug_loc     0x000005c2      0x3d2 src/ASF/sam/drivers/dacc/dacc.o
 .debug_loc     0x00000994      0xea4 src/ASF/sam/drivers/pio/pio.o
 .debug_loc     0x00001838      0x588 src/ASF/sam/drivers/pio/pio_handler.o
 .debug_loc     0x00001dc0      0xce3 src/ASF/sam/drivers/pmc/pmc.o
 .debug_loc     0x00002aa3      0x2a3 src/ASF/sam/drivers/uart/uart.o
 .debug_loc     0x00002d46      0xf35 src/ASF/sam/drivers/usart/usart.o
 .debug_loc     0x00003c7b       0x77 src/ASF/sam/utils/cmsis/same70/source/templates/gcc/startup_same70.o
 .debug_loc     0x00003cf2       0xfd src/ASF/sam/utils/syscalls/gcc/syscalls.o
 .debug_loc     0x00003def      0x73c src/sinewave_example.o

.debug_aranges  0x00000000      0xa48
 .debug_aranges
                0x00000000       0x40 src/ASF/common/services/clock/same70/sysclk.o
 .debug_aranges
                0x00000040       0x28 src/ASF/common/utils/interrupt/interrupt_sam_nvic.o
 .debug_aranges
                0x00000068       0x20 src/ASF/common/utils/stdio/read.o
 .debug_aranges
                0x00000088       0x20 src/ASF/common/utils/stdio/write.o
 .debug_aranges
                0x000000a8       0x20 src/ASF/sam/boards/same70_xplained/init.o
 .debug_aranges
                0x000000c8       0xa8 src/ASF/sam/drivers/dacc/dacc.o
 .debug_aranges
                0x00000170      0x1a8 src/ASF/sam/drivers/pio/pio.o
 .debug_aranges
                0x00000318       0x60 src/ASF/sam/drivers/pio/pio_handler.o
 .debug_aranges
                0x00000378      0x250 src/ASF/sam/drivers/pmc/pmc.o
 .debug_aranges
                0x000005c8       0xd8 src/ASF/sam/drivers/uart/uart.o
 .debug_aranges
                0x000006a0      0x2a8 src/ASF/sam/drivers/usart/usart.o
 .debug_aranges
                0x00000948       0x28 src/ASF/sam/utils/cmsis/same70/source/templates/gcc/startup_same70.o
 .debug_aranges
                0x00000970       0x30 src/ASF/sam/utils/cmsis/same70/source/templates/system_same70.o
 .debug_aranges
                0x000009a0       0x60 src/ASF/sam/utils/syscalls/gcc/syscalls.o
 .debug_aranges
                0x00000a00       0x48 src/sinewave_example.o

.debug_ranges   0x00000000      0xa90
 .debug_ranges  0x00000000       0x30 src/ASF/common/services/clock/same70/sysclk.o
 .debug_ranges  0x00000030       0x18 src/ASF/common/utils/interrupt/interrupt_sam_nvic.o
 .debug_ranges  0x00000048       0x10 src/ASF/common/utils/stdio/read.o
 .debug_ranges  0x00000058       0x10 src/ASF/common/utils/stdio/write.o
 .debug_ranges  0x00000068       0x10 src/ASF/sam/boards/same70_xplained/init.o
 .debug_ranges  0x00000078       0x98 src/ASF/sam/drivers/dacc/dacc.o
 .debug_ranges  0x00000110      0x2a0 src/ASF/sam/drivers/pio/pio.o
 .debug_ranges  0x000003b0       0x68 src/ASF/sam/drivers/pio/pio_handler.o
 .debug_ranges  0x00000418      0x240 src/ASF/sam/drivers/pmc/pmc.o
 .debug_ranges  0x00000658       0xc8 src/ASF/sam/drivers/uart/uart.o
 .debug_ranges  0x00000720      0x298 src/ASF/sam/drivers/usart/usart.o
 .debug_ranges  0x000009b8       0x18 src/ASF/sam/utils/cmsis/same70/source/templates/gcc/startup_same70.o
 .debug_ranges  0x000009d0       0x20 src/ASF/sam/utils/cmsis/same70/source/templates/system_same70.o
 .debug_ranges  0x000009f0       0x50 src/ASF/sam/utils/syscalls/gcc/syscalls.o
 .debug_ranges  0x00000a40       0x50 src/sinewave_example.o

.debug_macro    0x00000000    0x1e911
 .debug_macro   0x00000000      0x6d1 src/ASF/common/services/clock/same70/sysclk.o
 .debug_macro   0x000006d1      0x8ce src/ASF/common/services/clock/same70/sysclk.o
 .debug_macro   0x00000f9f      0x64b src/ASF/common/services/clock/same70/sysclk.o
 .debug_macro   0x000015ea       0x3a src/ASF/common/services/clock/same70/sysclk.o
 .debug_macro   0x00001624      0x16d src/ASF/common/services/clock/same70/sysclk.o
 .debug_macro   0x00001791       0x76 src/ASF/common/services/clock/same70/sysclk.o
 .debug_macro   0x00001807       0x16 src/ASF/common/services/clock/same70/sysclk.o
 .debug_macro   0x0000181d      0x6e4 src/ASF/common/services/clock/same70/sysclk.o
 .debug_macro   0x00001f01       0x22 src/ASF/common/services/clock/same70/sysclk.o
 .debug_macro   0x00001f23       0x87 src/ASF/common/services/clock/same70/sysclk.o
 .debug_macro   0x00001faa       0x51 src/ASF/common/services/clock/same70/sysclk.o
 .debug_macro   0x00001ffb       0xef src/ASF/common/services/clock/same70/sysclk.o
 .debug_macro   0x000020ea       0x6a src/ASF/common/services/clock/same70/sysclk.o
 .debug_macro   0x00002154      0x1df src/ASF/common/services/clock/same70/sysclk.o
 .debug_macro   0x00002333       0x4a src/ASF/common/services/clock/same70/sysclk.o
 .debug_macro   0x0000237d       0x3b src/ASF/common/services/clock/same70/sysclk.o
 .debug_macro   0x000023b8       0x2d src/ASF/common/services/clock/same70/sysclk.o
 .debug_macro   0x000023e5       0x26 src/ASF/common/services/clock/same70/sysclk.o
 .debug_macro   0x0000240b      0xf9a src/ASF/common/services/clock/same70/sysclk.o
 .debug_macro   0x000033a5      0x175 src/ASF/common/services/clock/same70/sysclk.o
 .debug_macro   0x0000351a      0x257 src/ASF/common/services/clock/same70/sysclk.o
 .debug_macro   0x00003771      0xa0f src/ASF/common/services/clock/same70/sysclk.o
 .debug_macro   0x00004180      0x1b9 src/ASF/common/services/clock/same70/sysclk.o
 .debug_macro   0x00004339      0x336 src/ASF/common/services/clock/same70/sysclk.o
 .debug_macro   0x0000466f      0x15b src/ASF/common/services/clock/same70/sysclk.o
 .debug_macro   0x000047ca     0x1851 src/ASF/common/services/clock/same70/sysclk.o
 .debug_macro   0x0000601b       0x1c src/ASF/common/services/clock/same70/sysclk.o
 .debug_macro   0x00006037      0x68d src/ASF/common/services/clock/same70/sysclk.o
 .debug_macro   0x000066c4      0x31e src/ASF/common/services/clock/same70/sysclk.o
 .debug_macro   0x000069e2      0x4d4 src/ASF/common/services/clock/same70/sysclk.o
 .debug_macro   0x00006eb6      0x56e src/ASF/common/services/clock/same70/sysclk.o
 .debug_macro   0x00007424     0x1332 src/ASF/common/services/clock/same70/sysclk.o
 .debug_macro   0x00008756     0x278d src/ASF/common/services/clock/same70/sysclk.o
 .debug_macro   0x0000aee3     0x102b src/ASF/common/services/clock/same70/sysclk.o
 .debug_macro   0x0000bf0e      0xe01 src/ASF/common/services/clock/same70/sysclk.o
 .debug_macro   0x0000cd0f      0x3b1 src/ASF/common/services/clock/same70/sysclk.o
 .debug_macro   0x0000d0c0       0xa0 src/ASF/common/services/clock/same70/sysclk.o
 .debug_macro   0x0000d160       0x76 src/ASF/common/services/clock/same70/sysclk.o
 .debug_macro   0x0000d1d6      0x409 src/ASF/common/services/clock/same70/sysclk.o
 .debug_macro   0x0000d5df       0x64 src/ASF/common/services/clock/same70/sysclk.o
 .debug_macro   0x0000d643      0x284 src/ASF/common/services/clock/same70/sysclk.o
 .debug_macro   0x0000d8c7      0x1d0 src/ASF/common/services/clock/same70/sysclk.o
 .debug_macro   0x0000da97      0x248 src/ASF/common/services/clock/same70/sysclk.o
 .debug_macro   0x0000dcdf      0x524 src/ASF/common/services/clock/same70/sysclk.o
 .debug_macro   0x0000e203      0x63b src/ASF/common/services/clock/same70/sysclk.o
 .debug_macro   0x0000e83e      0x6b8 src/ASF/common/services/clock/same70/sysclk.o
 .debug_macro   0x0000eef6       0x4c src/ASF/common/services/clock/same70/sysclk.o
 .debug_macro   0x0000ef42      0x468 src/ASF/common/services/clock/same70/sysclk.o
 .debug_macro   0x0000f3aa      0x207 src/ASF/common/services/clock/same70/sysclk.o
 .debug_macro   0x0000f5b1      0x866 src/ASF/common/services/clock/same70/sysclk.o
 .debug_macro   0x0000fe17     0x1547 src/ASF/common/services/clock/same70/sysclk.o
 .debug_macro   0x0001135e       0x40 src/ASF/common/services/clock/same70/sysclk.o
 .debug_macro   0x0001139e       0x76 src/ASF/common/services/clock/same70/sysclk.o
 .debug_macro   0x00011414      0xdaf src/ASF/common/services/clock/same70/sysclk.o
 .debug_macro   0x000121c3       0x82 src/ASF/common/services/clock/same70/sysclk.o
 .debug_macro   0x00012245       0x76 src/ASF/common/services/clock/same70/sysclk.o
 .debug_macro   0x000122bb       0x4c src/ASF/common/services/clock/same70/sysclk.o
 .debug_macro   0x00012307      0x135 src/ASF/common/services/clock/same70/sysclk.o
 .debug_macro   0x0001243c      0x135 src/ASF/common/services/clock/same70/sysclk.o
 .debug_macro   0x00012571      0x135 src/ASF/common/services/clock/same70/sysclk.o
 .debug_macro   0x000126a6       0x6a src/ASF/common/services/clock/same70/sysclk.o
 .debug_macro   0x00012710       0x6a src/ASF/common/services/clock/same70/sysclk.o
 .debug_macro   0x0001277a      0x313 src/ASF/common/services/clock/same70/sysclk.o
 .debug_macro   0x00012a8d       0xb2 src/ASF/common/services/clock/same70/sysclk.o
 .debug_macro   0x00012b3f       0xb2 src/ASF/common/services/clock/same70/sysclk.o
 .debug_macro   0x00012bf1       0xb2 src/ASF/common/services/clock/same70/sysclk.o
 .debug_macro   0x00012ca3      0x11d src/ASF/common/services/clock/same70/sysclk.o
 .debug_macro   0x00012dc0      0x11d src/ASF/common/services/clock/same70/sysclk.o
 .debug_macro   0x00012edd      0x2cd src/ASF/common/services/clock/same70/sysclk.o
 .debug_macro   0x000131aa       0xb8 src/ASF/common/services/clock/same70/sysclk.o
 .debug_macro   0x00013262       0x5e src/ASF/common/services/clock/same70/sysclk.o
 .debug_macro   0x000132c0       0x40 src/ASF/common/services/clock/same70/sysclk.o
 .debug_macro   0x00013300       0x4c src/ASF/common/services/clock/same70/sysclk.o
 .debug_macro   0x0001334c       0xa0 src/ASF/common/services/clock/same70/sysclk.o
 .debug_macro   0x000133ec      0x494 src/ASF/common/services/clock/same70/sysclk.o
 .debug_macro   0x00013880      0x135 src/ASF/common/services/clock/same70/sysclk.o
 .debug_macro   0x000139b5       0x4c src/ASF/common/services/clock/same70/sysclk.o
 .debug_macro   0x00013a01      0x313 src/ASF/common/services/clock/same70/sysclk.o
 .debug_macro   0x00013d14       0x6a src/ASF/common/services/clock/same70/sysclk.o
 .debug_macro   0x00013d7e       0xb8 src/ASF/common/services/clock/same70/sysclk.o
 .debug_macro   0x00013e36       0x6a src/ASF/common/services/clock/same70/sysclk.o
 .debug_macro   0x00013ea0       0x2e src/ASF/common/services/clock/same70/sysclk.o
 .debug_macro   0x00013ece      0x9b1 src/ASF/common/services/clock/same70/sysclk.o
 .debug_macro   0x0001487f       0x6a src/ASF/common/services/clock/same70/sysclk.o
 .debug_macro   0x000148e9       0x88 src/ASF/common/services/clock/same70/sysclk.o
 .debug_macro   0x00014971       0x58 src/ASF/common/services/clock/same70/sysclk.o
 .debug_macro   0x000149c9       0xe2 src/ASF/common/services/clock/same70/sysclk.o
 .debug_macro   0x00014aab       0x16 src/ASF/common/services/clock/same70/sysclk.o
 .debug_macro   0x00014ac1       0xe2 src/ASF/common/services/clock/same70/sysclk.o
 .debug_macro   0x00014ba3       0x4c src/ASF/common/services/clock/same70/sysclk.o
 .debug_macro   0x00014bef       0x16 src/ASF/common/services/clock/same70/sysclk.o
 .debug_macro   0x00014c05       0x4c src/ASF/common/services/clock/same70/sysclk.o
 .debug_macro   0x00014c51       0x2e src/ASF/common/services/clock/same70/sysclk.o
 .debug_macro   0x00014c7f      0x1b5 src/ASF/common/services/clock/same70/sysclk.o
 .debug_macro   0x00014e34      0x1b5 src/ASF/common/services/clock/same70/sysclk.o
 .debug_macro   0x00014fe9      0x1b5 src/ASF/common/services/clock/same70/sysclk.o
 .debug_macro   0x0001519e      0x1b5 src/ASF/common/services/clock/same70/sysclk.o
 .debug_macro   0x00015353      0x1b5 src/ASF/common/services/clock/same70/sysclk.o
 .debug_macro   0x00015508       0x1c src/ASF/common/services/clock/same70/sysclk.o
 .debug_macro   0x00015524       0x2e src/ASF/common/services/clock/same70/sysclk.o
 .debug_macro   0x00015552       0x22 src/ASF/common/services/clock/same70/sysclk.o
 .debug_macro   0x00015574       0x1c src/ASF/common/services/clock/same70/sysclk.o
 .debug_macro   0x00015590       0x52 src/ASF/common/services/clock/same70/sysclk.o
 .debug_macro   0x000155e2       0x10 src/ASF/common/services/clock/same70/sysclk.o
 .debug_macro   0x000155f2       0x1c src/ASF/common/services/clock/same70/sysclk.o
 .debug_macro   0x0001560e       0x4c src/ASF/common/services/clock/same70/sysclk.o
 .debug_macro   0x0001565a       0x4c src/ASF/common/services/clock/same70/sysclk.o
 .debug_macro   0x000156a6       0x4c src/ASF/common/services/clock/same70/sysclk.o
 .debug_macro   0x000156f2      0x31b src/ASF/common/services/clock/same70/sysclk.o
 .debug_macro   0x00015a0d     0x1022 src/ASF/common/services/clock/same70/sysclk.o
 .debug_macro   0x00016a2f      0x107 src/ASF/common/services/clock/same70/sysclk.o
 .debug_macro   0x00016b36       0x58 src/ASF/common/services/clock/same70/sysclk.o
 .debug_macro   0x00016b8e       0x35 src/ASF/common/services/clock/same70/sysclk.o
 .debug_macro   0x00016bc3       0x9c src/ASF/common/services/clock/same70/sysclk.o
 .debug_macro   0x00016c5f       0x16 src/ASF/common/services/clock/same70/sysclk.o
 .debug_macro   0x00016c75       0x35 src/ASF/common/services/clock/same70/sysclk.o
 .debug_macro   0x00016caa      0x353 src/ASF/common/services/clock/same70/sysclk.o
 .debug_macro   0x00016ffd       0x10 src/ASF/common/services/clock/same70/sysclk.o
 .debug_macro   0x0001700d       0x58 src/ASF/common/services/clock/same70/sysclk.o
 .debug_macro   0x00017065       0x1f src/ASF/common/services/clock/same70/sysclk.o
 .debug_macro   0x00017084       0x43 src/ASF/common/services/clock/same70/sysclk.o
 .debug_macro   0x000170c7       0x20 src/ASF/common/services/clock/same70/sysclk.o
 .debug_macro   0x000170e7      0x187 src/ASF/common/services/clock/same70/sysclk.o
 .debug_macro   0x0001726e       0x10 src/ASF/common/services/clock/same70/sysclk.o
 .debug_macro   0x0001727e       0x1c src/ASF/common/services/clock/same70/sysclk.o
 .debug_macro   0x0001729a       0x52 src/ASF/common/services/clock/same70/sysclk.o
 .debug_macro   0x000172ec       0x40 src/ASF/common/services/clock/same70/sysclk.o
 .debug_macro   0x0001732c       0x10 src/ASF/common/services/clock/same70/sysclk.o
 .debug_macro   0x0001733c       0x40 src/ASF/common/services/clock/same70/sysclk.o
 .debug_macro   0x0001737c       0xd7 src/ASF/common/services/clock/same70/sysclk.o
 .debug_macro   0x00017453       0x16 src/ASF/common/services/clock/same70/sysclk.o
 .debug_macro   0x00017469      0x18b src/ASF/common/services/clock/same70/sysclk.o
 .debug_macro   0x000175f4       0x22 src/ASF/common/services/clock/same70/sysclk.o
 .debug_macro   0x00017616       0x16 src/ASF/common/services/clock/same70/sysclk.o
 .debug_macro   0x0001762c       0x16 src/ASF/common/services/clock/same70/sysclk.o
 .debug_macro   0x00017642       0x29 src/ASF/common/services/clock/same70/sysclk.o
 .debug_macro   0x0001766b       0x75 src/ASF/common/services/clock/same70/sysclk.o
 .debug_macro   0x000176e0       0x3f src/ASF/common/services/clock/same70/sysclk.o
 .debug_macro   0x0001771f      0x3ca src/ASF/common/services/clock/same70/sysclk.o
 .debug_macro   0x00017ae9      0x2c0 src/ASF/common/services/clock/same70/sysclk.o
 .debug_macro   0x00017da9      0xa96 src/ASF/common/services/clock/same70/sysclk.o
 .debug_macro   0x0001883f       0x70 src/ASF/common/services/clock/same70/sysclk.o
 .debug_macro   0x000188af       0x64 src/ASF/common/services/clock/same70/sysclk.o
 .debug_macro   0x00018913       0x5f src/ASF/common/services/clock/same70/sysclk.o
 .debug_macro   0x00018972       0xac src/ASF/common/services/clock/same70/sysclk.o
 .debug_macro   0x00018a1e      0x655 src/ASF/common/utils/interrupt/interrupt_sam_nvic.o
 .debug_macro   0x00019073      0x655 src/ASF/common/utils/stdio/read.o
 .debug_macro   0x000196c8      0x655 src/ASF/common/utils/stdio/write.o
 .debug_macro   0x00019d1d      0x70b src/ASF/sam/boards/same70_xplained/init.o
 .debug_macro   0x0001a428       0x16 src/ASF/sam/boards/same70_xplained/init.o
 .debug_macro   0x0001a43e       0x82 src/ASF/sam/boards/same70_xplained/init.o
 .debug_macro   0x0001a4c0       0x94 src/ASF/sam/boards/same70_xplained/init.o
 .debug_macro   0x0001a554      0x671 src/ASF/sam/drivers/dacc/dacc.o
 .debug_macro   0x0001abc5       0x10 src/ASF/sam/drivers/dacc/dacc.o
 .debug_macro   0x0001abd5      0x66b src/ASF/sam/drivers/pio/pio.o
 .debug_macro   0x0001b240       0x8e src/ASF/sam/drivers/pio/pio.o
 .debug_macro   0x0001b2ce      0x676 src/ASF/sam/drivers/pio/pio_handler.o
 .debug_macro   0x0001b944      0x66b src/ASF/sam/drivers/pmc/pmc.o
 .debug_macro   0x0001bfaf       0x6a src/ASF/sam/drivers/pmc/pmc.o
 .debug_macro   0x0001c019      0x665 src/ASF/sam/drivers/uart/uart.o
 .debug_macro   0x0001c67e       0x16 src/ASF/sam/drivers/uart/uart.o
 .debug_macro   0x0001c694      0x69b src/ASF/sam/drivers/usart/usart.o
 .debug_macro   0x0001cd2f       0x34 src/ASF/sam/drivers/usart/usart.o
 .debug_macro   0x0001cd63      0x664 src/ASF/sam/utils/cmsis/same70/source/templates/gcc/startup_same70.o
 .debug_macro   0x0001d3c7       0x10 src/ASF/sam/utils/cmsis/same70/source/templates/gcc/startup_same70.o
 .debug_macro   0x0001d3d7      0x455 src/ASF/sam/utils/cmsis/same70/source/templates/system_same70.o
 .debug_macro   0x0001d82c      0x1d6 src/ASF/sam/utils/syscalls/gcc/syscalls.o
 .debug_macro   0x0001da02       0x52 src/ASF/sam/utils/syscalls/gcc/syscalls.o
 .debug_macro   0x0001da54       0x8d src/ASF/sam/utils/syscalls/gcc/syscalls.o
 .debug_macro   0x0001dae1       0x57 src/ASF/sam/utils/syscalls/gcc/syscalls.o
 .debug_macro   0x0001db38       0x97 src/ASF/sam/utils/syscalls/gcc/syscalls.o
 .debug_macro   0x0001dbcf       0xf6 src/ASF/sam/utils/syscalls/gcc/syscalls.o
 .debug_macro   0x0001dcc5       0x4c src/ASF/sam/utils/syscalls/gcc/syscalls.o
 .debug_macro   0x0001dd11       0x16 src/ASF/sam/utils/syscalls/gcc/syscalls.o
 .debug_macro   0x0001dd27       0x10 src/ASF/sam/utils/syscalls/gcc/syscalls.o
 .debug_macro   0x0001dd37       0x10 src/ASF/sam/utils/syscalls/gcc/syscalls.o
 .debug_macro   0x0001dd47       0x35 src/ASF/sam/utils/syscalls/gcc/syscalls.o
 .debug_macro   0x0001dd7c      0x122 src/ASF/sam/utils/syscalls/gcc/syscalls.o
 .debug_macro   0x0001de9e      0x801 src/sinewave_example.o
 .debug_macro   0x0001e69f       0x16 src/sinewave_example.o
 .debug_macro   0x0001e6b5       0x40 src/sinewave_example.o
 .debug_macro   0x0001e6f5      0x1ce src/sinewave_example.o
 .debug_macro   0x0001e8c3       0x16 src/sinewave_example.o
 .debug_macro   0x0001e8d9       0x1c src/sinewave_example.o
 .debug_macro   0x0001e8f5       0x1c src/sinewave_example.o

.debug_line     0x00000000     0xac50
 .debug_line    0x00000000      0xb4f src/ASF/common/services/clock/same70/sysclk.o
 .debug_line    0x00000b4f      0xa01 src/ASF/common/utils/interrupt/interrupt_sam_nvic.o
 .debug_line    0x00001550      0x9e7 src/ASF/common/utils/stdio/read.o
 .debug_line    0x00001f37      0x9df src/ASF/common/utils/stdio/write.o
 .debug_line    0x00002916      0xc30 src/ASF/sam/boards/same70_xplained/init.o
 .debug_line    0x00003546      0xb2a src/ASF/sam/drivers/dacc/dacc.o
 .debug_line    0x00004070      0xee3 src/ASF/sam/drivers/pio/pio.o
 .debug_line    0x00004f53      0xabf src/ASF/sam/drivers/pio/pio_handler.o
 .debug_line    0x00005a12     0x106b src/ASF/sam/drivers/pmc/pmc.o
 .debug_line    0x00006a7d      0xb79 src/ASF/sam/drivers/uart/uart.o
 .debug_line    0x000075f6     0x1076 src/ASF/sam/drivers/usart/usart.o
 .debug_line    0x0000866c      0xa73 src/ASF/sam/utils/cmsis/same70/source/templates/gcc/startup_same70.o
 .debug_line    0x000090df      0x7e9 src/ASF/sam/utils/cmsis/same70/source/templates/system_same70.o
 .debug_line    0x000098c8      0x40b src/ASF/sam/utils/syscalls/gcc/syscalls.o
 .debug_line    0x00009cd3      0xf7d src/sinewave_example.o

.debug_str      0x00000000    0x8b5c1
 .debug_str     0x00000000    0x85daa src/ASF/common/services/clock/same70/sysclk.o
                              0x8646b (size before relaxing)
 .debug_str     0x00085daa       0x94 src/ASF/common/utils/interrupt/interrupt_sam_nvic.o
                              0x81e1d (size before relaxing)
 .debug_str     0x00085e3e       0x3f src/ASF/common/utils/stdio/read.o
                              0x81dc6 (size before relaxing)
 .debug_str     0x00085e7d       0x2e src/ASF/common/utils/stdio/write.o
                              0x81dc7 (size before relaxing)
 .debug_str     0x00085eab      0xfd5 src/ASF/sam/boards/same70_xplained/init.o
                              0x87069 (size before relaxing)
 .debug_str     0x00086e80      0x333 src/ASF/sam/drivers/dacc/dacc.o
                              0x820e3 (size before relaxing)
 .debug_str     0x000871b3      0x5a6 src/ASF/sam/drivers/pio/pio.o
                              0x82973 (size before relaxing)
 .debug_str     0x00087759      0x44f src/ASF/sam/drivers/pio/pio_handler.o
                              0x82a95 (size before relaxing)
 .debug_str     0x00087ba8      0x6b0 src/ASF/sam/drivers/pmc/pmc.o
                              0x82ad7 (size before relaxing)
 .debug_str     0x00088258      0x301 src/ASF/sam/drivers/uart/uart.o
                              0x820cd (size before relaxing)
 .debug_str     0x00088559      0xb6a src/ASF/sam/drivers/usart/usart.o
                              0x82965 (size before relaxing)
 .debug_str     0x000890c3      0x6a3 src/ASF/sam/utils/cmsis/same70/source/templates/gcc/startup_same70.o
                              0x825ea (size before relaxing)
 .debug_str     0x00089766      0x137 src/ASF/sam/utils/cmsis/same70/source/templates/system_same70.o
                              0x72831 (size before relaxing)
 .debug_str     0x0008989d      0x774 src/ASF/sam/utils/syscalls/gcc/syscalls.o
                               0x7462 (size before relaxing)
 .debug_str     0x0008a011     0x15b0 src/sinewave_example.o
                              0x88667 (size before relaxing)

.debug_frame    0x00000000     0x22a4
 .debug_frame   0x00000000       0x88 src/ASF/common/services/clock/same70/sysclk.o
 .debug_frame   0x00000088       0x30 src/ASF/common/utils/interrupt/interrupt_sam_nvic.o
 .debug_frame   0x000000b8       0x30 src/ASF/common/utils/stdio/read.o
 .debug_frame   0x000000e8       0x48 src/ASF/common/utils/stdio/write.o
 .debug_frame   0x00000130       0x30 src/ASF/sam/boards/same70_xplained/init.o
 .debug_frame   0x00000160      0x140 src/ASF/sam/drivers/dacc/dacc.o
 .debug_frame   0x000002a0      0x390 src/ASF/sam/drivers/pio/pio.o
 .debug_frame   0x00000630      0x110 src/ASF/sam/drivers/pio/pio_handler.o
 .debug_frame   0x00000740      0x494 src/ASF/sam/drivers/pmc/pmc.o
 .debug_frame   0x00000bd4      0x19c src/ASF/sam/drivers/uart/uart.o
 .debug_frame   0x00000d70      0x5c0 src/ASF/sam/drivers/usart/usart.o
 .debug_frame   0x00001330       0x38 src/ASF/sam/utils/cmsis/same70/source/templates/gcc/startup_same70.o
 .debug_frame   0x00001368       0x40 src/ASF/sam/utils/cmsis/same70/source/templates/system_same70.o
 .debug_frame   0x000013a8       0xa0 src/ASF/sam/utils/syscalls/gcc/syscalls.o
 .debug_frame   0x00001448       0xdc src/sinewave_example.o
 .debug_frame   0x00001524       0x2c c:/program files (x86)/atmel/studio/7.0/toolchain/arm/arm-gnu-toolchain/bin/../lib/gcc/arm-none-eabi/6.3.1/../../../../arm-none-eabi/lib/thumb/v7e-m\libc.a(lib_a-init.o)
 .debug_frame   0x00001550       0x74 c:/program files (x86)/atmel/studio/7.0/toolchain/arm/arm-gnu-toolchain/bin/../lib/gcc/arm-none-eabi/6.3.1/../../../../arm-none-eabi/lib/thumb/v7e-m\libc.a(lib_a-iprintf.o)
 .debug_frame   0x000015c4       0x34 c:/program files (x86)/atmel/studio/7.0/toolchain/arm/arm-gnu-toolchain/bin/../lib/gcc/arm-none-eabi/6.3.1/../../../../arm-none-eabi/lib/thumb/v7e-m\libc.a(lib_a-memset.o)
 .debug_frame   0x000015f8       0x4c c:/program files (x86)/atmel/studio/7.0/toolchain/arm/arm-gnu-toolchain/bin/../lib/gcc/arm-none-eabi/6.3.1/../../../../arm-none-eabi/lib/thumb/v7e-m\libc.a(lib_a-puts.o)
 .debug_frame   0x00001644       0x20 c:/program files (x86)/atmel/studio/7.0/toolchain/arm/arm-gnu-toolchain/bin/../lib/gcc/arm-none-eabi/6.3.1/../../../../arm-none-eabi/lib/thumb/v7e-m\libc.a(lib_a-setbuf.o)
 .debug_frame   0x00001664       0x48 c:/program files (x86)/atmel/studio/7.0/toolchain/arm/arm-gnu-toolchain/bin/../lib/gcc/arm-none-eabi/6.3.1/../../../../arm-none-eabi/lib/thumb/v7e-m\libc.a(lib_a-setvbuf.o)
 .debug_frame   0x000016ac       0xd8 c:/program files (x86)/atmel/studio/7.0/toolchain/arm/arm-gnu-toolchain/bin/../lib/gcc/arm-none-eabi/6.3.1/../../../../arm-none-eabi/lib/thumb/v7e-m\libc.a(lib_a-vfiprintf.o)
 .debug_frame   0x00001784       0x2c c:/program files (x86)/atmel/studio/7.0/toolchain/arm/arm-gnu-toolchain/bin/../lib/gcc/arm-none-eabi/6.3.1/../../../../arm-none-eabi/lib/thumb/v7e-m\libc.a(lib_a-wsetup.o)
 .debug_frame   0x000017b0       0x5c c:/program files (x86)/atmel/studio/7.0/toolchain/arm/arm-gnu-toolchain/bin/../lib/gcc/arm-none-eabi/6.3.1/../../../../arm-none-eabi/lib/thumb/v7e-m\libc.a(lib_a-__call_atexit.o)
 .debug_frame   0x0000180c       0x20 c:/program files (x86)/atmel/studio/7.0/toolchain/arm/arm-gnu-toolchain/bin/../lib/gcc/arm-none-eabi/6.3.1/../../../../arm-none-eabi/lib/thumb/v7e-m\libc.a(lib_a-atexit.o)
 .debug_frame   0x0000182c       0x5c c:/program files (x86)/atmel/studio/7.0/toolchain/arm/arm-gnu-toolchain/bin/../lib/gcc/arm-none-eabi/6.3.1/../../../../arm-none-eabi/lib/thumb/v7e-m\libc.a(lib_a-fflush.o)
 .debug_frame   0x00001888      0x148 c:/program files (x86)/atmel/studio/7.0/toolchain/arm/arm-gnu-toolchain/bin/../lib/gcc/arm-none-eabi/6.3.1/../../../../arm-none-eabi/lib/thumb/v7e-m\libc.a(lib_a-findfp.o)
 .debug_frame   0x000019d0       0x34 c:/program files (x86)/atmel/studio/7.0/toolchain/arm/arm-gnu-toolchain/bin/../lib/gcc/arm-none-eabi/6.3.1/../../../../arm-none-eabi/lib/thumb/v7e-m\libc.a(lib_a-fini.o)
 .debug_frame   0x00001a04       0x94 c:/program files (x86)/atmel/studio/7.0/toolchain/arm/arm-gnu-toolchain/bin/../lib/gcc/arm-none-eabi/6.3.1/../../../../arm-none-eabi/lib/thumb/v7e-m\libc.a(lib_a-fputwc.o)
 .debug_frame   0x00001a98       0x74 c:/program files (x86)/atmel/studio/7.0/toolchain/arm/arm-gnu-toolchain/bin/../lib/gcc/arm-none-eabi/6.3.1/../../../../arm-none-eabi/lib/thumb/v7e-m\libc.a(lib_a-freer.o)
 .debug_frame   0x00001b0c       0x68 c:/program files (x86)/atmel/studio/7.0/toolchain/arm/arm-gnu-toolchain/bin/../lib/gcc/arm-none-eabi/6.3.1/../../../../arm-none-eabi/lib/thumb/v7e-m\libc.a(lib_a-fvwrite.o)
 .debug_frame   0x00001b74       0x54 c:/program files (x86)/atmel/studio/7.0/toolchain/arm/arm-gnu-toolchain/bin/../lib/gcc/arm-none-eabi/6.3.1/../../../../arm-none-eabi/lib/thumb/v7e-m\libc.a(lib_a-fwalk.o)
 .debug_frame   0x00001bc8       0x6c c:/program files (x86)/atmel/studio/7.0/toolchain/arm/arm-gnu-toolchain/bin/../lib/gcc/arm-none-eabi/6.3.1/../../../../arm-none-eabi/lib/thumb/v7e-m\libc.a(lib_a-locale.o)
 .debug_frame   0x00001c34       0xb0 c:/program files (x86)/atmel/studio/7.0/toolchain/arm/arm-gnu-toolchain/bin/../lib/gcc/arm-none-eabi/6.3.1/../../../../arm-none-eabi/lib/thumb/v7e-m\libc.a(lib_a-lock.o)
 .debug_frame   0x00001ce4       0x68 c:/program files (x86)/atmel/studio/7.0/toolchain/arm/arm-gnu-toolchain/bin/../lib/gcc/arm-none-eabi/6.3.1/../../../../arm-none-eabi/lib/thumb/v7e-m\libc.a(lib_a-makebuf.o)
 .debug_frame   0x00001d4c       0x30 c:/program files (x86)/atmel/studio/7.0/toolchain/arm/arm-gnu-toolchain/bin/../lib/gcc/arm-none-eabi/6.3.1/../../../../arm-none-eabi/lib/thumb/v7e-m\libc.a(lib_a-malloc.o)
 .debug_frame   0x00001d7c       0x58 c:/program files (x86)/atmel/studio/7.0/toolchain/arm/arm-gnu-toolchain/bin/../lib/gcc/arm-none-eabi/6.3.1/../../../../arm-none-eabi/lib/thumb/v7e-m\libc.a(lib_a-mallocr.o)
 .debug_frame   0x00001dd4       0x4c c:/program files (x86)/atmel/studio/7.0/toolchain/arm/arm-gnu-toolchain/bin/../lib/gcc/arm-none-eabi/6.3.1/../../../../arm-none-eabi/lib/thumb/v7e-m\libc.a(lib_a-mbtowc_r.o)
 .debug_frame   0x00001e20       0x30 c:/program files (x86)/atmel/studio/7.0/toolchain/arm/arm-gnu-toolchain/bin/../lib/gcc/arm-none-eabi/6.3.1/../../../../arm-none-eabi/lib/thumb/v7e-m\libc.a(lib_a-memmove.o)
 .debug_frame   0x00001e50       0x30 c:/program files (x86)/atmel/studio/7.0/toolchain/arm/arm-gnu-toolchain/bin/../lib/gcc/arm-none-eabi/6.3.1/../../../../arm-none-eabi/lib/thumb/v7e-m\libc.a(lib_a-mlock.o)
 .debug_frame   0x00001e80       0x68 c:/program files (x86)/atmel/studio/7.0/toolchain/arm/arm-gnu-toolchain/bin/../lib/gcc/arm-none-eabi/6.3.1/../../../../arm-none-eabi/lib/thumb/v7e-m\libc.a(lib_a-reallocr.o)
 .debug_frame   0x00001ee8       0x2c c:/program files (x86)/atmel/studio/7.0/toolchain/arm/arm-gnu-toolchain/bin/../lib/gcc/arm-none-eabi/6.3.1/../../../../arm-none-eabi/lib/thumb/v7e-m\libc.a(lib_a-sbrkr.o)
 .debug_frame   0x00001f14       0x88 c:/program files (x86)/atmel/studio/7.0/toolchain/arm/arm-gnu-toolchain/bin/../lib/gcc/arm-none-eabi/6.3.1/../../../../arm-none-eabi/lib/thumb/v7e-m\libc.a(lib_a-stdio.o)
 .debug_frame   0x00001f9c       0x40 c:/program files (x86)/atmel/studio/7.0/toolchain/arm/arm-gnu-toolchain/bin/../lib/gcc/arm-none-eabi/6.3.1/../../../../arm-none-eabi/lib/thumb/v7e-m\libc.a(lib_a-wbuf.o)
 .debug_frame   0x00001fdc       0x5c c:/program files (x86)/atmel/studio/7.0/toolchain/arm/arm-gnu-toolchain/bin/../lib/gcc/arm-none-eabi/6.3.1/../../../../arm-none-eabi/lib/thumb/v7e-m\libc.a(lib_a-wcrtomb.o)
 .debug_frame   0x00002038       0x3c c:/program files (x86)/atmel/studio/7.0/toolchain/arm/arm-gnu-toolchain/bin/../lib/gcc/arm-none-eabi/6.3.1/../../../../arm-none-eabi/lib/thumb/v7e-m\libc.a(lib_a-wctomb_r.o)
 .debug_frame   0x00002074       0x2c c:/program files (x86)/atmel/studio/7.0/toolchain/arm/arm-gnu-toolchain/bin/../lib/gcc/arm-none-eabi/6.3.1/../../../../arm-none-eabi/lib/thumb/v7e-m\libc.a(lib_a-writer.o)
 .debug_frame   0x000020a0       0x34 c:/program files (x86)/atmel/studio/7.0/toolchain/arm/arm-gnu-toolchain/bin/../lib/gcc/arm-none-eabi/6.3.1/../../../../arm-none-eabi/lib/thumb/v7e-m\libc.a(lib_a-__atexit.o)
 .debug_frame   0x000020d4       0x2c c:/program files (x86)/atmel/studio/7.0/toolchain/arm/arm-gnu-toolchain/bin/../lib/gcc/arm-none-eabi/6.3.1/../../../../arm-none-eabi/lib/thumb/v7e-m\libc.a(lib_a-closer.o)
 .debug_frame   0x00002100       0x3c c:/program files (x86)/atmel/studio/7.0/toolchain/arm/arm-gnu-toolchain/bin/../lib/gcc/arm-none-eabi/6.3.1/../../../../arm-none-eabi/lib/thumb/v7e-m\libc.a(lib_a-fclose.o)
 .debug_frame   0x0000213c       0x2c c:/program files (x86)/atmel/studio/7.0/toolchain/arm/arm-gnu-toolchain/bin/../lib/gcc/arm-none-eabi/6.3.1/../../../../arm-none-eabi/lib/thumb/v7e-m\libc.a(lib_a-fstatr.o)
 .debug_frame   0x00002168       0x2c c:/program files (x86)/atmel/studio/7.0/toolchain/arm/arm-gnu-toolchain/bin/../lib/gcc/arm-none-eabi/6.3.1/../../../../arm-none-eabi/lib/thumb/v7e-m\libc.a(lib_a-isattyr.o)
 .debug_frame   0x00002194       0x2c c:/program files (x86)/atmel/studio/7.0/toolchain/arm/arm-gnu-toolchain/bin/../lib/gcc/arm-none-eabi/6.3.1/../../../../arm-none-eabi/lib/thumb/v7e-m\libc.a(lib_a-lseekr.o)
 .debug_frame   0x000021c0       0x2c c:/program files (x86)/atmel/studio/7.0/toolchain/arm/arm-gnu-toolchain/bin/../lib/gcc/arm-none-eabi/6.3.1/../../../../arm-none-eabi/lib/thumb/v7e-m\libc.a(lib_a-readr.o)
 .debug_frame   0x000021ec       0x58 c:/program files (x86)/atmel/studio/7.0/toolchain/arm/arm-gnu-toolchain/bin/../lib/gcc/arm-none-eabi/6.3.1/../../../../arm-none-eabi/lib/thumb/v7e-m\libc.a(lib_a-reent.o)
 .debug_frame   0x00002244       0x2c c:/program files (x86)/atmel/studio/7.0/toolchain/arm/arm-gnu-toolchain/bin/../lib/gcc/arm-none-eabi/6.3.1/thumb/v7e-m\libgcc.a(_aeabi_uldivmod.o)
 .debug_frame   0x00002270       0x34 c:/program files (x86)/atmel/studio/7.0/toolchain/arm/arm-gnu-toolchain/bin/../lib/gcc/arm-none-eabi/6.3.1/thumb/v7e-m\libgcc.a(_udivmoddi4.o)

Cross Reference Table

Symbol                                            File
ACC_Handler                                       src/ASF/sam/utils/cmsis/same70/source/templates/gcc/startup_same70.o