Archive member included to satisfy reference by file (symbol)

c:/program files (x86)/atmel/studio/7.0/toolchain/arm/arm-gnu-toolchain/bin/../lib/gcc/arm-none-eabi/6.3.1/../../../../arm-none-eabi/lib/thumb/v7e-m\libc.a(lib_a-exit.o)
                              c:/program files (x86)/atmel/studio/7.0/toolchain/arm/arm-gnu-toolchain/bin/../lib/gcc/arm-none-eabi/6.3.1/../../../../arm-none-eabi/lib/thumb/v7e-m/crt0.o (exit)
c:/program files (x86)/atmel/studio/7.0/toolchain/arm/arm-gnu-toolchain/bin/../lib/gcc/arm-none-eabi/6.3.1/../../../../arm-none-eabi/lib/thumb/v7e-m\libc.a(lib_a-impure.o)
                              c:/program files (x86)/atmel/studio/7.0/toolchain/arm/arm-gnu-toolchain/bin/../lib/gcc/arm-none-eabi/6.3.1/../../../../arm-none-eabi/lib/thumb/v7e-m\libc.a(lib_a-exit.o) (_global_impure_ptr)
c:/program files (x86)/atmel/studio/7.0/toolchain/arm/arm-gnu-toolchain/bin/../lib/gcc/arm-none-eabi/6.3.1/../../../../arm-none-eabi/lib/thumb/v7e-m\libc.a(lib_a-init.o)
                              c:/program files (x86)/atmel/studio/7.0/toolchain/arm/arm-gnu-toolchain/bin/../lib/gcc/arm-none-eabi/6.3.1/../../../../arm-none-eabi/lib/thumb/v7e-m/crt0.o (__libc_init_array)
c:/program files (x86)/atmel/studio/7.0/toolchain/arm/arm-gnu-toolchain/bin/../lib/gcc/arm-none-eabi/6.3.1/../../../../arm-none-eabi/lib/thumb/v7e-m\libc.a(lib_a-iprintf.o)
                              src/main.o (iprintf)
c:/program files (x86)/atmel/studio/7.0/toolchain/arm/arm-gnu-toolchain/bin/../lib/gcc/arm-none-eabi/6.3.1/../../../../arm-none-eabi/lib/thumb/v7e-m\libc.a(lib_a-memcpy.o)
                              src/ping_pong_buffer.o (memcpy)
c:/program files (x86)/atmel/studio/7.0/toolchain/arm/arm-gnu-toolchain/bin/../lib/gcc/arm-none-eabi/6.3.1/../../../../arm-none-eabi/lib/thumb/v7e-m\libc.a(lib_a-memset.o)
                              c:/program files (x86)/atmel/studio/7.0/toolchain/arm/arm-gnu-toolchain/bin/../lib/gcc/arm-none-eabi/6.3.1/../../../../arm-none-eabi/lib/thumb/v7e-m/crt0.o (memset)
c:/program files (x86)/atmel/studio/7.0/toolchain/arm/arm-gnu-toolchain/bin/../lib/gcc/arm-none-eabi/6.3.1/../../../../arm-none-eabi/lib/thumb/v7e-m\libc.a(lib_a-strlen.o)
                              src/main.o (strlen)
c:/program files (x86)/atmel/studio/7.0/toolchain/arm/arm-gnu-toolchain/bin/../lib/gcc/arm-none-eabi/6.3.1/../../../../arm-none-eabi/lib/thumb/v7e-m\libc.a(lib_a-strtol.o)
                              src/main.o (strtol)
c:/program files (x86)/atmel/studio/7.0/toolchain/arm/arm-gnu-toolchain/bin/../lib/gcc/arm-none-eabi/6.3.1/../../../../arm-none-eabi/lib/thumb/v7e-m\libc.a(lib_a-vfiprintf.o)
                              c:/program files (x86)/atmel/studio/7.0/toolchain/arm/arm-gnu-toolchain/bin/../lib/gcc/arm-none-eabi/6.3.1/../../../../arm-none-eabi/lib/thumb/v7e-m\libc.a(lib_a-iprintf.o) (_vfiprintf_r)
c:/program files (x86)/atmel/studio/7.0/toolchain/arm/arm-gnu-toolchain/bin/../lib/gcc/arm-none-eabi/6.3.1/../../../../arm-none-eabi/lib/thumb/v7e-m\libc.a(lib_a-wsetup.o)
                              c:/program files (x86)/atmel/studio/7.0/toolchain/arm/arm-gnu-toolchain/bin/../lib/gcc/arm-none-eabi/6.3.1/../../../../arm-none-eabi/lib/thumb/v7e-m\libc.a(lib_a-vfiprintf.o) (__swsetup_r)
c:/program files (x86)/atmel/studio/7.0/toolchain/arm/arm-gnu-toolchain/bin/../lib/gcc/arm-none-eabi/6.3.1/../../../../arm-none-eabi/lib/thumb/v7e-m\libc.a(lib_a-__call_atexit.o)
                              c:/program files (x86)/atmel/studio/7.0/toolchain/arm/arm-gnu-toolchain/bin/../lib/gcc/arm-none-eabi/6.3.1/../../../../arm-none-eabi/lib/thumb/v7e-m\libc.a(lib_a-exit.o) (__call_exitprocs)
c:/program files (x86)/atmel/studio/7.0/toolchain/arm/arm-gnu-toolchain/bin/../lib/gcc/arm-none-eabi/6.3.1/../../../../arm-none-eabi/lib/thumb/v7e-m\libc.a(lib_a-atexit.o)
                              c:/program files (x86)/atmel/studio/7.0/toolchain/arm/arm-gnu-toolchain/bin/../lib/gcc/arm-none-eabi/6.3.1/../../../../arm-none-eabi/lib/thumb/v7e-m\libc.a(lib_a-__call_atexit.o) (atexit)
c:/program files (x86)/atmel/studio/7.0/toolchain/arm/arm-gnu-toolchain/bin/../lib/gcc/arm-none-eabi/6.3.1/../../../../arm-none-eabi/lib/thumb/v7e-m\libc.a(lib_a-fflush.o)
                              c:/program files (x86)/atmel/studio/7.0/toolchain/arm/arm-gnu-toolchain/bin/../lib/gcc/arm-none-eabi/6.3.1/../../../../arm-none-eabi/lib/thumb/v7e-m\libc.a(lib_a-vfiprintf.o) (_fflush_r)
c:/program files (x86)/atmel/studio/7.0/toolchain/arm/arm-gnu-toolchain/bin/../lib/gcc/arm-none-eabi/6.3.1/../../../../arm-none-eabi/lib/thumb/v7e-m\libc.a(lib_a-findfp.o)
                              c:/program files (x86)/atmel/studio/7.0/toolchain/arm/arm-gnu-toolchain/bin/../lib/gcc/arm-none-eabi/6.3.1/../../../../arm-none-eabi/lib/thumb/v7e-m\libc.a(lib_a-vfiprintf.o) (__sinit)
c:/program files (x86)/atmel/studio/7.0/toolchain/arm/arm-gnu-toolchain/bin/../lib/gcc/arm-none-eabi/6.3.1/../../../../arm-none-eabi/lib/thumb/v7e-m\libc.a(lib_a-fini.o)
[...]
Memory Configuration

Name             Origin             Length             Attributes
rom              0x00400000         0x00200000         xr
ram              0x20400000         0x00060000         xrw
*default*        0x00000000         0xffffffff

Linker script and memory map

LOAD c:/program files (x86)/atmel/studio/7.0/toolchain/arm/arm-gnu-toolchain/bin/../lib/gcc/arm-none-eabi/6.3.1/thumb/v7e-m/crti.o
LOAD c:/program files (x86)/atmel/studio/7.0/toolchain/arm/arm-gnu-toolchain/bin/../lib/gcc/arm-none-eabi/6.3.1/thumb/v7e-m/crtbegin.o
LOAD c:/program files (x86)/atmel/studio/7.0/toolchain/arm/arm-gnu-toolchain/bin/../lib/gcc/arm-none-eabi/6.3.1/../../../../arm-none-eabi/lib/thumb/v7e-m/crt0.o
LOAD src/ASF/common/services/sleepmgr/sam/sleepmgr.o
LOAD src/ping_pong_buffer.o
LOAD src/ASF/common/utils/stdio/read.o
LOAD src/ASF/common/utils/stdio/write.o
LOAD src/ASF/sam/drivers/afec/afec.o
LOAD src/ASF/sam/drivers/dacc/dacc.o
LOAD src/ASF/sam/drivers/rtc/rtc.o
LOAD src/ASF/sam/drivers/tc/tc.o
LOAD src/ASF/sam/drivers/usart/usart.o
LOAD src/ASF/common/services/serial/usart_serial.o
LOAD src/ASF/common/services/delay/sam/cycle_counter.o
LOAD src/ASF/sam/drivers/uart/uart.o
LOAD src/ASF/common/services/clock/same70/sysclk.o
LOAD src/ASF/common/utils/interrupt/interrupt_sam_nvic.o
LOAD src/ASF/sam/boards/same70_xplained/init.o
LOAD src/ASF/sam/drivers/mpu/mpu.o
LOAD src/ASF/sam/drivers/pio/pio.o
LOAD src/ASF/sam/drivers/pio/pio_handler.o
LOAD src/ASF/sam/drivers/pmc/pmc.o
LOAD src/ASF/sam/drivers/pmc/sleep.o
LOAD src/ASF/sam/utils/cmsis/same70/source/templates/gcc/startup_same70.o
LOAD src/ASF/sam/utils/cmsis/same70/source/templates/system_same70.o
LOAD src/ASF/sam/utils/syscalls/gcc/syscalls.o
LOAD src/main.o
START GROUP
LOAD ../src/ASF/thirdparty/CMSIS/Lib/GCC\libarm_cortexM7lfsp_math_softfp.a
LOAD c:/program files (x86)/atmel/studio/7.0/toolchain/arm/arm-gnu-toolchain/bin/../lib/gcc/arm-none-eabi/6.3.1/../../../../arm-none-eabi/lib/thumb/v7e-m\libm.a
END GROUP
START GROUP
LOAD c:/program files (x86)/atmel/studio/7.0/toolchain/arm/arm-gnu-toolchain/bin/../lib/gcc/arm-none-eabi/6.3.1/thumb/v7e-m\libgcc.a
LOAD c:/program files (x86)/atmel/studio/7.0/toolchain/arm/arm-gnu-toolchain/bin/../lib/gcc/arm-none-eabi/6.3.1/../../../../arm-none-eabi/lib/thumb/v7e-m\libc.a
END GROUP
LOAD c:/program files (x86)/atmel/studio/7.0/toolchain/arm/arm-gnu-toolchain/bin/../lib/gcc/arm-none-eabi/6.3.1/thumb/v7e-m/crtend.o
LOAD c:/program files (x86)/atmel/studio/7.0/toolchain/arm/arm-gnu-toolchain/bin/../lib/gcc/arm-none-eabi/6.3.1/thumb/v7e-m/crtn.o
                0x00002000                STACK_SIZE = DEFINED (STACK_SIZE)?STACK_SIZE:0x2000
                0x2045fffc                __ram_end__ = ((ORIGIN (ram) + LENGTH (ram)) - 0x4)
                0x00000200                HEAP_SIZE = DEFINED (HEAP_SIZE)?HEAP_SIZE:0x200

.text           0x00400000     0x4670
                0x00400000                . = ALIGN (0x4)
                0x00400000                _sfixed = .
 *(.vectors .vectors.*)
 .vectors       0x00400000      0x140 src/ASF/sam/utils/cmsis/same70/source/templates/gcc/startup_same70.o
                0x00400000                exception_table
 *(.text .text.* .gnu.linkonce.t.*)
 .text          0x00400140       0x6c c:/program files (x86)/atmel/studio/7.0/toolchain/arm/arm-gnu-toolchain/bin/../lib/gcc/arm-none-eabi/6.3.1/thumb/v7e-m/crtbegin.o
 .text.ppbuf_insert_active
                0x004001ac       0x5c src/ping_pong_buffer.o
                0x004001ac                ppbuf_insert_active
 .text.ppbuf_remove_inactive
                0x00400208       0x50 src/ping_pong_buffer.o
                0x00400208                ppbuf_remove_inactive
 .text.ppbuf_get_full_signal
                0x00400258       0x2e src/ping_pong_buffer.o
                0x00400258                ppbuf_get_full_signal
 *fill*         0x00400286        0x2 
 .text._read    0x00400288       0x3c src/ASF/common/utils/stdio/read.o
                0x00400288                _read
 .text._write   0x004002c4       0x50 src/ASF/common/utils/stdio/write.o
                0x004002c4                _write
 .text.afec_process_callback
                0x00400314       0x88 src/ASF/sam/drivers/afec/afec.o
 .text.afec_ch_set_config
                0x0040039c       0x30 src/ASF/sam/drivers/afec/afec.o
                0x0040039c                afec_ch_set_config
 .text.afec_temp_sensor_set_config
                0x004003cc       0x14 src/ASF/sam/drivers/afec/afec.o
                0x004003cc                afec_temp_sensor_set_config
 .text.afec_get_config_defaults
                0x004003e0       0x30 src/ASF/sam/drivers/afec/afec.o
                0x004003e0                afec_get_config_defaults
 .text.afec_ch_get_config_defaults
                0x00400410        0xa src/ASF/sam/drivers/afec/afec.o
                0x00400410                afec_ch_get_config_defaults
 .text.afec_temp_sensor_get_config_defaults
                0x0040041a       0x14 src/ASF/sam/drivers/afec/afec.o
                0x0040041a                afec_temp_sensor_get_config_defaults
 *fill*         0x0040042e        0x2 
 .text.afec_init
                0x00400430       0xc8 src/ASF/sam/drivers/afec/afec.o
                0x00400430                afec_init
 .text.afec_enable_interrupt
                0x004004f8       0x38 src/ASF/sam/drivers/afec/afec.o
                0x004004f8                afec_enable_interrupt
 .text.afec_set_callback
                0x00400530       0x58 src/ASF/sam/drivers/afec/afec.o
                0x00400530                afec_set_callback
 .text.AFEC0_Handler
                0x00400588       0x14 src/ASF/sam/drivers/afec/afec.o
                0x00400588                AFEC0_Handler
 .text.AFEC1_Handler
                0x0040059c       0x14 src/ASF/sam/drivers/afec/afec.o
                0x0040059c                AFEC1_Handler
 .text.afec_enable
                0x004005b0       0x64 src/ASF/sam/drivers/afec/afec.o
                0x004005b0                afec_enable
 .text.dacc_get_interrupt_status
                0x00400614        0x4 src/ASF/sam/drivers/dacc/dacc.o
                0x00400614                dacc_get_interrupt_status
 .text.dacc_write_conversion_data
                0x00400618        0xa src/ASF/sam/drivers/dacc/dacc.o
                0x00400618                dacc_write_conversion_data
 .text.tc_get_status
                0x00400622        0x8 src/ASF/sam/drivers/tc/tc.o
                0x00400622                tc_get_status
 .text.usart_set_async_baudrate
                0x0040062a       0x5a src/ASF/sam/drivers/usart/usart.o
                0x0040062a                usart_set_async_baudrate
 .text.usart_reset
                0x00400684       0x28 src/ASF/sam/drivers/usart/usart.o
                0x00400684                usart_reset
 .text.usart_init_rs232
                0x004006ac       0x54 src/ASF/sam/drivers/usart/usart.o
                0x004006ac                usart_init_rs232
 .text.usart_enable_tx
                0x00400700        0x6 src/ASF/sam/drivers/usart/usart.o
                0x00400700                usart_enable_tx
 .text.usart_enable_rx
                0x00400706        0x6 src/ASF/sam/drivers/usart/usart.o
                0x00400706                usart_enable_rx
 .text.usart_write
                0x0040070c       0x16 src/ASF/sam/drivers/usart/usart.o
                0x0040070c                usart_write
 .text.usart_read
                0x00400722       0x18 src/ASF/sam/drivers/usart/usart.o
                0x00400722                usart_read
 *fill*         0x0040073a        0x2 
 .text.usart_serial_write_packet
                0x0040073c       0xd8 src/ASF/common/services/serial/usart_serial.o
                0x0040073c                usart_serial_write_packet
 .text.uart_write
                0x00400814       0x12 src/ASF/sam/drivers/uart/uart.o
                0x00400814                uart_write
 *fill*         0x00400826        0x2 
 .text.sysclk_init
                0x00400828       0x70 src/ASF/common/services/clock/same70/sysclk.o
                0x00400828                sysclk_init
 .text.board_init
                0x00400898      0x198 src/ASF/sam/boards/same70_xplained/init.o
                0x00400898                board_init
 .text.pio_set_peripheral
                0x00400a30       0x92 src/ASF/sam/drivers/pio/pio.o
                0x00400a30                pio_set_peripheral
 .text.pio_set_input
                0x00400ac2       0x36 src/ASF/sam/drivers/pio/pio.o
                0x00400ac2                pio_set_input
 .text.pio_set_output
                0x00400af8       0x28 src/ASF/sam/drivers/pio/pio.o
                0x00400af8                pio_set_output
 .text.pio_configure
                0x00400b20       0x90 src/ASF/sam/drivers/pio/pio.o
                0x00400b20                pio_configure
 .text.pio_get_interrupt_status
                0x00400bb0        0x4 src/ASF/sam/drivers/pio/pio.o
                0x00400bb0                pio_get_interrupt_status
 .text.pio_get_interrupt_mask
                0x00400bb4        0x4 src/ASF/sam/drivers/pio/pio.o
                0x00400bb4                pio_get_interrupt_mask
 .text.pio_handler_process
                0x00400bb8       0x50 src/ASF/sam/drivers/pio/pio_handler.o
                0x00400bb8                pio_handler_process
 .text.PIOA_Handler
                0x00400c08       0x14 src/ASF/sam/drivers/pio/pio_handler.o
                0x00400c08                PIOA_Handler
 .text.PIOB_Handler
                0x00400c1c       0x14 src/ASF/sam/drivers/pio/pio_handler.o
                0x00400c1c                PIOB_Handler
 .text.PIOC_Handler
                0x00400c30       0x14 src/ASF/sam/drivers/pio/pio_handler.o
                0x00400c30                PIOC_Handler
 .text.PIOD_Handler
                0x00400c44       0x14 src/ASF/sam/drivers/pio/pio_handler.o
                0x00400c44                PIOD_Handler
 .text.PIOE_Handler
                0x00400c58       0x14 src/ASF/sam/drivers/pio/pio_handler.o
                0x00400c58                PIOE_Handler
 .text.pmc_mck_set_division
                0x00400c6c       0x38 src/ASF/sam/drivers/pmc/pmc.o
                0x00400c6c                pmc_mck_set_division
 .text.pmc_switch_mck_to_pllack
                0x00400ca4       0x64 src/ASF/sam/drivers/pmc/pmc.o
                0x00400ca4                pmc_switch_mck_to_pllack
 .text.pmc_switch_mainck_to_xtal
                0x00400d08       0x54 src/ASF/sam/drivers/pmc/pmc.o
                0x00400d08                pmc_switch_mainck_to_xtal
 .text.pmc_osc_is_ready_mainck
                0x00400d5c       0x10 src/ASF/sam/drivers/pmc/pmc.o
                0x00400d5c                pmc_osc_is_ready_mainck
 .text.pmc_disable_pllack
                0x00400d6c       0x10 src/ASF/sam/drivers/pmc/pmc.o
                0x00400d6c                pmc_disable_pllack
 .text.pmc_is_locked_pllack
                0x00400d7c       0x10 src/ASF/sam/drivers/pmc/pmc.o
                0x00400d7c                pmc_is_locked_pllack
 .text.pmc_enable_periph_clk
                0x00400d8c       0x54 src/ASF/sam/drivers/pmc/pmc.o
                0x00400d8c                pmc_enable_periph_clk
 .text.Dummy_Handler
                0x00400de0        0x2 src/ASF/sam/utils/cmsis/same70/source/templates/gcc/startup_same70.o
                0x00400de0                DACC_Handler
                0x00400de0                DebugMon_Handler
                0x00400de0                UART3_Handler
                0x00400de0                UART2_Handler
                0x00400de0                TRNG_Handler
                0x00400de0                HardFault_Handler
                0x00400de0                TC2_Handler
                0x00400de0                PendSV_Handler
                0x00400de0                NMI_Handler
                0x00400de0                TC7_Handler
                0x00400de0                QSPI_Handler
                0x00400de0                ISI_Handler
                0x00400de0                TC9_Handler
                0x00400de0                RSWDT_Handler
                0x00400de0                MCAN1_Handler
                0x00400de0                USART0_Handler
                0x00400de0                RTT_Handler
                0x00400de0                USBHS_Handler
                0x00400de0                RTC_Handler
                0x00400de0                UsageFault_Handler
                0x00400de0                TC6_Handler
                0x00400de0                WDT_Handler
                0x00400de0                TC4_Handler
                0x00400de0                TC1_Handler
                0x00400de0                HSMCI_Handler
                0x00400de0                UART1_Handler
                0x00400de0                TC3_Handler
                0x00400de0                Dummy_Handler
                0x00400de0                TWIHS1_Handler
                0x00400de0                XDMAC_Handler
                0x00400de0                UART4_Handler
                0x00400de0                PWM1_Handler
                0x00400de0                USART1_Handler
                0x00400de0                PWM0_Handler
                0x00400de0                SSC_Handler
                0x00400de0                TC11_Handler
                0x00400de0                ACC_Handler
                0x00400de0                PMC_Handler
                0x00400de0                GMAC_Handler
                0x00400de0                MemManage_Handler
                0x00400de0                SUPC_Handler
                0x00400de0                SVC_Handler
                0x00400de0                TC8_Handler
                0x00400de0                EFC_Handler
                0x00400de0                USART2_Handler
                0x00400de0                SDRAMC_Handler
                0x00400de0                SPI1_Handler
                0x00400de0                MCAN0_Handler
                0x00400de0                TC10_Handler
                0x00400de0                TWIHS2_Handler
                0x00400de0                UART0_Handler
                0x00400de0                BusFault_Handler
                0x00400de0                RSTC_Handler
                0x00400de0                TC5_Handler
                0x00400de0                ICM_Handler
                0x00400de0                AES_Handler
                0x00400de0                TWIHS0_Handler
                0x00400de0                SPI0_Handler
 *fill*         0x00400de2        0x2 
 .text.Reset_Handler
                0x00400de4       0xc8 src/ASF/sam/utils/cmsis/same70/source/templates/gcc/startup_same70.o
                0x00400de4                Reset_Handler
 .text.SystemCoreClockUpdate
                0x00400eac      0x10c src/ASF/sam/utils/cmsis/same70/source/templates/system_same70.o
                0x00400eac                SystemCoreClockUpdate
 .text.system_init_flash
                0x00400fb8       0x8c src/ASF/sam/utils/cmsis/same70/source/templates/system_same70.o
                0x00400fb8                system_init_flash
 .text._sbrk    0x00401044       0x38 src/ASF/sam/utils/syscalls/gcc/syscalls.o
                0x00401044                _sbrk
 .text._close   0x0040107c        0x6 src/ASF/sam/utils/syscalls/gcc/syscalls.o
                0x0040107c                _close
 .text._fstat   0x00401082        0xa src/ASF/sam/utils/syscalls/gcc/syscalls.o
                0x00401082                _fstat
 .text._isatty  0x0040108c        0x4 src/ASF/sam/utils/syscalls/gcc/syscalls.o
                0x0040108c                _isatty
 .text._lseek   0x00401090        0x4 src/ASF/sam/utils/syscalls/gcc/syscalls.o
                0x00401090                _lseek
 .text.AFEC_Temp_callback
                0x00401094       0x88 src/main.o
 .text.SysTick_Handler
                0x0040111c       0x10 src/main.o
                0x0040111c                SysTick_Handler
 .text.TC0_Handler
                0x0040112c       0x2c src/main.o
                0x0040112c                TC0_Handler
 .text.usart_put_string
                0x00401158       0x20 src/main.o
                0x00401158                usart_put_string
 .text.usart_get_string
                0x00401178       0x58 src/main.o
                0x00401178                usart_get_string
 .text.usart_send_command
                0x004011d0       0x24 src/main.o
                0x004011d0                usart_send_command
 .text.usart_log
                0x004011f4       0x40 src/main.o
                0x004011f4                usart_log
 .text.config_console
                0x00401234       0x5c src/main.o
                0x00401234                config_console
 .text.hm10_config_server
                0x00401290       0x8c src/main.o
                0x00401290                hm10_config_server
 .text.hm10_server_init
                0x0040131c       0x90 src/main.o
                0x0040131c                hm10_server_init
 .text.main     0x004013ac      0x184 src/main.o
                0x004013ac                main
 .text.__libc_init_array
                0x00401530       0x50 c:/program files (x86)/atmel/studio/7.0/toolchain/arm/arm-gnu-toolchain/bin/../lib/gcc/arm-none-eabi/6.3.1/../../../../arm-none-eabi/lib/thumb/v7e-m\libc.a(lib_a-init.o)
                0x00401530                __libc_init_array
 .text.iprintf  0x00401580       0x28 c:/program files (x86)/atmel/studio/7.0/toolchain/arm/arm-gnu-toolchain/bin/../lib/gcc/arm-none-eabi/6.3.1/../../../../arm-none-eabi/lib/thumb/v7e-m\libc.a(lib_a-iprintf.o)
                0x00401580                iprintf
 .text          0x004015a8      0x134 c:/program files (x86)/atmel/studio/7.0/toolchain/arm/arm-gnu-toolchain/bin/../lib/gcc/arm-none-eabi/6.3.1/../../../../arm-none-eabi/lib/thumb/v7e-m\libc.a(lib_a-memcpy.o)
                0x004015a8                memcpy
 .text.memset   0x004016dc       0x9c c:/program files (x86)/atmel/studio/7.0/toolchain/arm/arm-gnu-toolchain/bin/../lib/gcc/arm-none-eabi/6.3.1/../../../../arm-none-eabi/lib/thumb/v7e-m\libc.a(lib_a-memset.o)
                0x004016dc                memset
 *fill*         0x00401778        0x8 
 .text          0x00401780       0xdc c:/program files (x86)/atmel/studio/7.0/toolchain/arm/arm-gnu-toolchain/bin/../lib/gcc/arm-none-eabi/6.3.1/../../../../arm-none-eabi/lib/thumb/v7e-m\libc.a(lib_a-strlen.o)
                0x00401780                strlen
 .text._strtol_l.isra.0
                0x0040185c      0x128 c:/program files (x86)/atmel/studio/7.0/toolchain/arm/arm-gnu-toolchain/bin/../lib/gcc/arm-none-eabi/6.3.1/../../../../arm-none-eabi/lib/thumb/v7e-m\libc.a(lib_a-strtol.o)
 .text.strtol   0x00401984       0x2c c:/program files (x86)/atmel/studio/7.0/toolchain/arm/arm-gnu-toolchain/bin/../lib/gcc/arm-none-eabi/6.3.1/../../../../arm-none-eabi/lib/thumb/v7e-m\libc.a(lib_a-strtol.o)
                0x00401984                strtol
 .text.__sprint_r.part.0
                0x004019b0       0x80 c:/program files (x86)/atmel/studio/7.0/toolchain/arm/arm-gnu-toolchain/bin/../lib/gcc/arm-none-eabi/6.3.1/../../../../arm-none-eabi/lib/thumb/v7e-m\libc.a(lib_a-vfiprintf.o)
 .text._vfiprintf_r
                0x00401a30      0xc90 c:/program files (x86)/atmel/studio/7.0/toolchain/arm/arm-gnu-toolchain/bin/../lib/gcc/arm-none-eabi/6.3.1/../../../../arm-none-eabi/lib/thumb/v7e-m\libc.a(lib_a-vfiprintf.o)
                0x00401a30                _vfiprintf_r
 .text.__sbprintf
                0x004026c0       0x84 c:/program files (x86)/atmel/studio/7.0/toolchain/arm/arm-gnu-toolchain/bin/../lib/gcc/arm-none-eabi/6.3.1/../../../../arm-none-eabi/lib/thumb/v7e-m\libc.a(lib_a-vfiprintf.o)
 .text.__swsetup_r
                0x00402744       0xc8 c:/program files (x86)/atmel/studio/7.0/toolchain/arm/arm-gnu-toolchain/bin/../lib/gcc/arm-none-eabi/6.3.1/../../../../arm-none-eabi/lib/thumb/v7e-m\libc.a(lib_a-wsetup.o)
                0x00402744                __swsetup_r
 .text.startup.register_fini
                0x0040280c       0x14 c:/program files (x86)/atmel/studio/7.0/toolchain/arm/arm-gnu-toolchain/bin/../lib/gcc/arm-none-eabi/6.3.1/../../../../arm-none-eabi/lib/thumb/v7e-m\libc.a(lib_a-__call_atexit.o)
 .text.atexit   0x00402820        0xc c:/program files (x86)/atmel/studio/7.0/toolchain/arm/arm-gnu-toolchain/bin/../lib/gcc/arm-none-eabi/6.3.1/../../../../arm-none-eabi/lib/thumb/v7e-m\libc.a(lib_a-atexit.o)
                0x00402820                atexit
 .text.__sflush_r
                0x0040282c      0x140 c:/program files (x86)/atmel/studio/7.0/toolchain/arm/arm-gnu-toolchain/bin/../lib/gcc/arm-none-eabi/6.3.1/../../../../arm-none-eabi/lib/thumb/v7e-m\libc.a(lib_a-fflush.o)
                0x0040282c                __sflush_r
 .text._fflush_r
                0x0040296c       0x54 c:/program files (x86)/atmel/studio/7.0/toolchain/arm/arm-gnu-toolchain/bin/../lib/gcc/arm-none-eabi/6.3.1/../../../../arm-none-eabi/lib/thumb/v7e-m\libc.a(lib_a-fflush.o)
                0x0040296c                _fflush_r
 .text._cleanup_r
                0x004029c0        0xc c:/program files (x86)/atmel/studio/7.0/toolchain/arm/arm-gnu-toolchain/bin/../lib/gcc/arm-none-eabi/6.3.1/../../../../arm-none-eabi/lib/thumb/v7e-m\libc.a(lib_a-findfp.o)
                0x004029c0                _cleanup_r
 .text.std.isra.0
                0x004029cc       0x50 c:/program files (x86)/atmel/studio/7.0/toolchain/arm/arm-gnu-toolchain/bin/../lib/gcc/arm-none-eabi/6.3.1/../../../../arm-none-eabi/lib/thumb/v7e-m\libc.a(lib_a-findfp.o)
 .text.__sinit  0x00402a1c       0x58 c:/program files (x86)/atmel/studio/7.0/toolchain/arm/arm-gnu-toolchain/bin/../lib/gcc/arm-none-eabi/6.3.1/../../../../arm-none-eabi/lib/thumb/v7e-m\libc.a(lib_a-findfp.o)
                0x00402a1c                __sinit
 .text.__sfp_lock_acquire
                0x00402a74        0xc c:/program files (x86)/atmel/studio/7.0/toolchain/arm/arm-gnu-toolchain/bin/../lib/gcc/arm-none-eabi/6.3.1/../../../../arm-none-eabi/lib/thumb/v7e-m\libc.a(lib_a-findfp.o)
                0x00402a74                __sfp_lock_acquire
 .text.__sfp_lock_release
                0x00402a80        0xc c:/program files (x86)/atmel/studio/7.0/toolchain/arm/arm-gnu-toolchain/bin/../lib/gcc/arm-none-eabi/6.3.1/../../../../arm-none-eabi/lib/thumb/v7e-m\libc.a(lib_a-findfp.o)
                0x00402a80                __sfp_lock_release
 .text.__libc_fini_array
                0x00402a8c       0x34 c:/program files (x86)/atmel/studio/7.0/toolchain/arm/arm-gnu-toolchain/bin/../lib/gcc/arm-none-eabi/6.3.1/../../../../arm-none-eabi/lib/thumb/v7e-m\libc.a(lib_a-fini.o)
                0x00402a8c                __libc_fini_array
 .text.__fputwc
                0x00402ac0       0xa0 c:/program files (x86)/atmel/studio/7.0/toolchain/arm/arm-gnu-toolchain/bin/../lib/gcc/arm-none-eabi/6.3.1/../../../../arm-none-eabi/lib/thumb/v7e-m\libc.a(lib_a-fputwc.o)
                0x00402ac0                __fputwc
 .text._fputwc_r
                0x00402b60       0x68 c:/program files (x86)/atmel/studio/7.0/toolchain/arm/arm-gnu-toolchain/bin/../lib/gcc/arm-none-eabi/6.3.1/../../../../arm-none-eabi/lib/thumb/v7e-m\libc.a(lib_a-fputwc.o)
                0x00402b60                _fputwc_r
 .text._malloc_trim_r
                0x00402bc8       0xa0 c:/program files (x86)/atmel/studio/7.0/toolchain/arm/arm-gnu-toolchain/bin/../lib/gcc/arm-none-eabi/6.3.1/../../../../arm-none-eabi/lib/thumb/v7e-m\libc.a(lib_a-freer.o)
                0x00402bc8                _malloc_trim_r
 .text._free_r  0x00402c68      0x1cc c:/program files (x86)/atmel/studio/7.0/toolchain/arm/arm-gnu-toolchain/bin/../lib/gcc/arm-none-eabi/6.3.1/../../../../arm-none-eabi/lib/thumb/v7e-m\libc.a(lib_a-freer.o)
                0x00402c68                _free_r
 .text.__sfvwrite_r
                0x00402e34      0x2f0 c:/program files (x86)/atmel/studio/7.0/toolchain/arm/arm-gnu-toolchain/bin/../lib/gcc/arm-none-eabi/6.3.1/../../../../arm-none-eabi/lib/thumb/v7e-m\libc.a(lib_a-fvwrite.o)
                0x00402e34                __sfvwrite_r
 .text._fwalk_reent
                0x00403124       0x54 c:/program files (x86)/atmel/studio/7.0/toolchain/arm/arm-gnu-toolchain/bin/../lib/gcc/arm-none-eabi/6.3.1/../../../../arm-none-eabi/lib/thumb/v7e-m\libc.a(lib_a-fwalk.o)
                0x00403124                _fwalk_reent
 .text.__locale_mb_cur_max
                0x00403178       0x1c c:/program files (x86)/atmel/studio/7.0/toolchain/arm/arm-gnu-toolchain/bin/../lib/gcc/arm-none-eabi/6.3.1/../../../../arm-none-eabi/lib/thumb/v7e-m\libc.a(lib_a-locale.o)
                0x00403178                __locale_mb_cur_max
 .text.__locale_ctype_ptr_l
                0x00403194        0x8 c:/program files (x86)/atmel/studio/7.0/toolchain/arm/arm-gnu-toolchain/bin/../lib/gcc/arm-none-eabi/6.3.1/../../../../arm-none-eabi/lib/thumb/v7e-m\libc.a(lib_a-locale.o)
                0x00403194                __locale_ctype_ptr_l
 .text.__retarget_lock_init_recursive
                0x0040319c        0x4 c:/program files (x86)/atmel/studio/7.0/toolchain/arm/arm-gnu-toolchain/bin/../lib/gcc/arm-none-eabi/6.3.1/../../../../arm-none-eabi/lib/thumb/v7e-m\libc.a(lib_a-lock.o)
                0x0040319c                __retarget_lock_init_recursive
 .text.__retarget_lock_close_recursive
                0x004031a0        0x4 c:/program files (x86)/atmel/studio/7.0/toolchain/arm/arm-gnu-toolchain/bin/../lib/gcc/arm-none-eabi/6.3.1/../../../../arm-none-eabi/lib/thumb/v7e-m\libc.a(lib_a-lock.o)
                0x004031a0                __retarget_lock_close_recursive
 .text.__retarget_lock_acquire_recursive
                0x004031a4        0x4 c:/program files (x86)/atmel/studio/7.0/toolchain/arm/arm-gnu-toolchain/bin/../lib/gcc/arm-none-eabi/6.3.1/../../../../arm-none-eabi/lib/thumb/v7e-m\libc.a(lib_a-lock.o)
                0x004031a4                __retarget_lock_acquire_recursive
 .text.__retarget_lock_release_recursive
                0x004031a8        0x4 c:/program files (x86)/atmel/studio/7.0/toolchain/arm/arm-gnu-toolchain/bin/../lib/gcc/arm-none-eabi/6.3.1/../../../../arm-none-eabi/lib/thumb/v7e-m\libc.a(lib_a-lock.o)
                0x004031a8                __retarget_lock_release_recursive
 .text.__swhatbuf_r
                0x004031ac       0x5c c:/program files (x86)/atmel/studio/7.0/toolchain/arm/arm-gnu-toolchain/bin/../lib/gcc/arm-none-eabi/6.3.1/../../../../arm-none-eabi/lib/thumb/v7e-m\libc.a(lib_a-makebuf.o)
                0x004031ac                __swhatbuf_r
 .text.__smakebuf_r
                0x00403208       0x94 c:/program files (x86)/atmel/studio/7.0/toolchain/arm/arm-gnu-toolchain/bin/../lib/gcc/arm-none-eabi/6.3.1/../../../../arm-none-eabi/lib/thumb/v7e-m\libc.a(lib_a-makebuf.o)
                0x00403208                __smakebuf_r
 .text._malloc_r
                0x0040329c      0x560 c:/program files (x86)/atmel/studio/7.0/toolchain/arm/arm-gnu-toolchain/bin/../lib/gcc/arm-none-eabi/6.3.1/../../../../arm-none-eabi/lib/thumb/v7e-m\libc.a(lib_a-mallocr.o)
                0x0040329c                _malloc_r
 .text.__ascii_mbtowc
                0x004037fc       0x2c c:/program files (x86)/atmel/studio/7.0/toolchain/arm/arm-gnu-toolchain/bin/../lib/gcc/arm-none-eabi/6.3.1/../../../../arm-none-eabi/lib/thumb/v7e-m\libc.a(lib_a-mbtowc_r.o)
                0x004037fc                __ascii_mbtowc
 *fill*         0x00403828        0x8 
 .text          0x00403830       0xa0 c:/program files (x86)/atmel/studio/7.0/toolchain/arm/arm-gnu-toolchain/bin/../lib/gcc/arm-none-eabi/6.3.1/../../../../arm-none-eabi/lib/thumb/v7e-m\libc.a(lib_a-memchr.o)
                0x00403830                memchr
 .text.memmove  0x004038d0       0xc8 c:/program files (x86)/atmel/studio/7.0/toolchain/arm/arm-gnu-toolchain/bin/../lib/gcc/arm-none-eabi/6.3.1/../../../../arm-none-eabi/lib/thumb/v7e-m\libc.a(lib_a-memmove.o)
                0x004038d0                memmove
 .text.__malloc_lock
                0x00403998        0xc c:/program files (x86)/atmel/studio/7.0/toolchain/arm/arm-gnu-toolchain/bin/../lib/gcc/arm-none-eabi/6.3.1/../../../../arm-none-eabi/lib/thumb/v7e-m\libc.a(lib_a-mlock.o)
                0x00403998                __malloc_lock
 .text.__malloc_unlock
                0x004039a4        0xc c:/program files (x86)/atmel/studio/7.0/toolchain/arm/arm-gnu-toolchain/bin/../lib/gcc/arm-none-eabi/6.3.1/../../../../arm-none-eabi/lib/thumb/v7e-m\libc.a(lib_a-mlock.o)
                0x004039a4                __malloc_unlock
 .text._realloc_r
                0x004039b0      0x34c c:/program files (x86)/atmel/studio/7.0/toolchain/arm/arm-gnu-toolchain/bin/../lib/gcc/arm-none-eabi/6.3.1/../../../../arm-none-eabi/lib/thumb/v7e-m\libc.a(lib_a-reallocr.o)
                0x004039b0                _realloc_r
 .text._sbrk_r  0x00403cfc       0x24 c:/program files (x86)/atmel/studio/7.0/toolchain/arm/arm-gnu-toolchain/bin/../lib/gcc/arm-none-eabi/6.3.1/../../../../arm-none-eabi/lib/thumb/v7e-m\libc.a(lib_a-sbrkr.o)
                0x00403cfc                _sbrk_r
 .text.__sread  0x00403d20       0x24 c:/program files (x86)/atmel/studio/7.0/toolchain/arm/arm-gnu-toolchain/bin/../lib/gcc/arm-none-eabi/6.3.1/../../../../arm-none-eabi/lib/thumb/v7e-m\libc.a(lib_a-stdio.o)
                0x00403d20                __sread
 .text.__swrite
                0x00403d44       0x3c c:/program files (x86)/atmel/studio/7.0/toolchain/arm/arm-gnu-toolchain/bin/../lib/gcc/arm-none-eabi/6.3.1/../../../../arm-none-eabi/lib/thumb/v7e-m\libc.a(lib_a-stdio.o)
                0x00403d44                __swrite
 .text.__sseek  0x00403d80       0x20 c:/program files (x86)/atmel/studio/7.0/toolchain/arm/arm-gnu-toolchain/bin/../lib/gcc/arm-none-eabi/6.3.1/../../../../arm-none-eabi/lib/thumb/v7e-m\libc.a(lib_a-stdio.o)
                0x00403d80                __sseek
 .text.__sclose
                0x00403da0        0x8 c:/program files (x86)/atmel/studio/7.0/toolchain/arm/arm-gnu-toolchain/bin/../lib/gcc/arm-none-eabi/6.3.1/../../../../arm-none-eabi/lib/thumb/v7e-m\libc.a(lib_a-stdio.o)
                0x00403da0                __sclose
 .text.__swbuf_r
                0x00403da8       0xb0 c:/program files (x86)/atmel/studio/7.0/toolchain/arm/arm-gnu-toolchain/bin/../lib/gcc/arm-none-eabi/6.3.1/../../../../arm-none-eabi/lib/thumb/v7e-m\libc.a(lib_a-wbuf.o)
                0x00403da8                __swbuf_r
 .text._wcrtomb_r
                0x00403e58       0x54 c:/program files (x86)/atmel/studio/7.0/toolchain/arm/arm-gnu-toolchain/bin/../lib/gcc/arm-none-eabi/6.3.1/../../../../arm-none-eabi/lib/thumb/v7e-m\libc.a(lib_a-wcrtomb.o)
                0x00403e58                _wcrtomb_r
 .text.__ascii_wctomb
                0x00403eac       0x1c c:/program files (x86)/atmel/studio/7.0/toolchain/arm/arm-gnu-toolchain/bin/../lib/gcc/arm-none-eabi/6.3.1/../../../../arm-none-eabi/lib/thumb/v7e-m\libc.a(lib_a-wctomb_r.o)
                0x00403eac                __ascii_wctomb
 .text._write_r
                0x00403ec8       0x2c c:/program files (x86)/atmel/studio/7.0/toolchain/arm/arm-gnu-toolchain/bin/../lib/gcc/arm-none-eabi/6.3.1/../../../../arm-none-eabi/lib/thumb/v7e-m\libc.a(lib_a-writer.o)
                0x00403ec8                _write_r
 .text.__register_exitproc
                0x00403ef4       0xc4 c:/program files (x86)/atmel/studio/7.0/toolchain/arm/arm-gnu-toolchain/bin/../lib/gcc/arm-none-eabi/6.3.1/../../../../arm-none-eabi/lib/thumb/v7e-m\libc.a(lib_a-__atexit.o)
                0x00403ef4                __register_exitproc
 .text._close_r
                0x00403fb8       0x24 c:/program files (x86)/atmel/studio/7.0/toolchain/arm/arm-gnu-toolchain/bin/../lib/gcc/arm-none-eabi/6.3.1/../../../../arm-none-eabi/lib/thumb/v7e-m\libc.a(lib_a-closer.o)
                0x00403fb8                _close_r
 .text._fclose_r
                0x00403fdc       0xc4 c:/program files (x86)/atmel/studio/7.0/toolchain/arm/arm-gnu-toolchain/bin/../lib/gcc/arm-none-eabi/6.3.1/../../../../arm-none-eabi/lib/thumb/v7e-m\libc.a(lib_a-fclose.o)
                0x00403fdc                _fclose_r
 .text._fstat_r
                0x004040a0       0x28 c:/program files (x86)/atmel/studio/7.0/toolchain/arm/arm-gnu-toolchain/bin/../lib/gcc/arm-none-eabi/6.3.1/../../../../arm-none-eabi/lib/thumb/v7e-m\libc.a(lib_a-fstatr.o)
                0x004040a0                _fstat_r
 .text._isatty_r
                0x004040c8       0x24 c:/program files (x86)/atmel/studio/7.0/toolchain/arm/arm-gnu-toolchain/bin/../lib/gcc/arm-none-eabi/6.3.1/../../../../arm-none-eabi/lib/thumb/v7e-m\libc.a(lib_a-isattyr.o)
                0x004040c8                _isatty_r
 .text._lseek_r
                0x004040ec       0x2c c:/program files (x86)/atmel/studio/7.0/toolchain/arm/arm-gnu-toolchain/bin/../lib/gcc/arm-none-eabi/6.3.1/../../../../arm-none-eabi/lib/thumb/v7e-m\libc.a(lib_a-lseekr.o)
                0x004040ec                _lseek_r
 .text._read_r  0x00404118       0x2c c:/program files (x86)/atmel/studio/7.0/toolchain/arm/arm-gnu-toolchain/bin/../lib/gcc/arm-none-eabi/6.3.1/../../../../arm-none-eabi/lib/thumb/v7e-m\libc.a(lib_a-readr.o)
                0x00404118                _read_r
 .text          0x00404144       0x30 c:/program files (x86)/atmel/studio/7.0/toolchain/arm/arm-gnu-toolchain/bin/../lib/gcc/arm-none-eabi/6.3.1/thumb/v7e-m\libgcc.a(_aeabi_uldivmod.o)
                0x00404144                __aeabi_uldivmod
 .text          0x00404174      0x2dc c:/program files (x86)/atmel/studio/7.0/toolchain/arm/arm-gnu-toolchain/bin/../lib/gcc/arm-none-eabi/6.3.1/thumb/v7e-m\libgcc.a(_udivmoddi4.o)
                0x00404174                __udivmoddi4
 .text          0x00404450        0x4 c:/program files (x86)/atmel/studio/7.0/toolchain/arm/arm-gnu-toolchain/bin/../lib/gcc/arm-none-eabi/6.3.1/thumb/v7e-m\libgcc.a(_dvmd_tls.o)
                0x00404450                __aeabi_idiv0
                0x00404450                __aeabi_ldiv0
 *(.glue_7t)
 .glue_7t       0x00404454        0x0 linker stubs
 *(.glue_7)
 .glue_7        0x00404454        0x0 linker stubs
 *(.rodata .rodata* .gnu.linkonce.r.*)
 .rodata.TC0_Handler.str1.4
                0x00404454        0x9 src/main.o
 *fill*         0x0040445d        0x3 
 .rodata.hm10_server_init.str1.4
                0x00404460       0x3d src/main.o
 *fill*         0x0040449d        0x3 
 .rodata.main.str1.4
                0x004044a0       0x3b src/main.o
 *fill*         0x004044db        0x1 
 .rodata.usart_log.str1.4
                0x004044dc        0x7 src/main.o
                                  0xb (size before relaxing)
 *fill*         0x004044e3        0x1 
 .rodata._global_impure_ptr
                0x004044e4        0x4 c:/program files (x86)/atmel/studio/7.0/toolchain/arm/arm-gnu-toolchain/bin/../lib/gcc/arm-none-eabi/6.3.1/../../../../arm-none-eabi/lib/thumb/v7e-m\libc.a(lib_a-impure.o)
                0x004044e4                _global_impure_ptr
 .rodata._vfiprintf_r.str1.4
                0x004044e8       0x2f c:/program files (x86)/atmel/studio/7.0/toolchain/arm/arm-gnu-toolchain/bin/../lib/gcc/arm-none-eabi/6.3.1/../../../../arm-none-eabi/lib/thumb/v7e-m\libc.a(lib_a-vfiprintf.o)
 *fill*         0x00404517        0x1 
 .rodata.blanks.7217
                0x00404518       0x10 c:/program files (x86)/atmel/studio/7.0/toolchain/arm/arm-gnu-toolchain/bin/../lib/gcc/arm-none-eabi/6.3.1/../../../../arm-none-eabi/lib/thumb/v7e-m\libc.a(lib_a-vfiprintf.o)
 .rodata.zeroes.7218
                0x00404528       0x10 c:/program files (x86)/atmel/studio/7.0/toolchain/arm/arm-gnu-toolchain/bin/../lib/gcc/arm-none-eabi/6.3.1/../../../../arm-none-eabi/lib/thumb/v7e-m\libc.a(lib_a-vfiprintf.o)
 .rodata._setlocale_r.str1.4
                0x00404538        0xa c:/program files (x86)/atmel/studio/7.0/toolchain/arm/arm-gnu-toolchain/bin/../lib/gcc/arm-none-eabi/6.3.1/../../../../arm-none-eabi/lib/thumb/v7e-m\libc.a(lib_a-locale.o)
                                  0xd (size before relaxing)
 *fill*         0x00404542        0x2 
 .rodata.str1.4
                0x00404544        0x4 c:/program files (x86)/atmel/studio/7.0/toolchain/arm/arm-gnu-toolchain/bin/../lib/gcc/arm-none-eabi/6.3.1/../../../../arm-none-eabi/lib/thumb/v7e-m\libc.a(lib_a-locale.o)
                                  0x2 (size before relaxing)
 .rodata._ctype_
                0x00404548      0x101 c:/program files (x86)/atmel/studio/7.0/toolchain/arm/arm-gnu-toolchain/bin/../lib/gcc/arm-none-eabi/6.3.1/../../../../arm-none-eabi/lib/thumb/v7e-m\libc.a(lib_a-ctype_.o)
                0x00404548                _ctype_
 *(.ARM.extab* .gnu.linkonce.armextab.*)
                0x0040464c                . = ALIGN (0x4)
 *fill*         0x00404649        0x3 
 *(.init)
 .init          0x0040464c        0x4 c:/program files (x86)/atmel/studio/7.0/toolchain/arm/arm-gnu-toolchain/bin/../lib/gcc/arm-none-eabi/6.3.1/thumb/v7e-m/crti.o
                0x0040464c                _init
 .init          0x00404650        0x8 c:/program files (x86)/atmel/studio/7.0/toolchain/arm/arm-gnu-toolchain/bin/../lib/gcc/arm-none-eabi/6.3.1/thumb/v7e-m/crtn.o
                0x00404658                . = ALIGN (0x4)
                0x00404658                __preinit_array_start = .
 *(.preinit_array)
                0x00404658                __preinit_array_end = .
                0x00404658                . = ALIGN (0x4)
                0x00404658                __init_array_start = .
 *(SORT(.init_array.*))
 .init_array.00000
                0x00404658        0x4 c:/program files (x86)/atmel/studio/7.0/toolchain/arm/arm-gnu-toolchain/bin/../lib/gcc/arm-none-eabi/6.3.1/../../../../arm-none-eabi/lib/thumb/v7e-m\libc.a(lib_a-__call_atexit.o)
 *(.init_array)
 .init_array    0x0040465c        0x4 c:/program files (x86)/atmel/studio/7.0/toolchain/arm/arm-gnu-toolchain/bin/../lib/gcc/arm-none-eabi/6.3.1/thumb/v7e-m/crtbegin.o
                0x00404660                __init_array_end = .
                0x00404660                . = ALIGN (0x4)
 *crtbegin.o(.ctors)
 *(EXCLUDE_FILE(*crtend.o) .ctors)
 *(SORT(.ctors.*))
 *crtend.o(.ctors)
                0x00404660                . = ALIGN (0x4)
 *(.fini)
 .fini          0x00404660        0x4 c:/program files (x86)/atmel/studio/7.0/toolchain/arm/arm-gnu-toolchain/bin/../lib/gcc/arm-none-eabi/6.3.1/thumb/v7e-m/crti.o
                0x00404660                _fini
 .fini          0x00404664        0x8 c:/program files (x86)/atmel/studio/7.0/toolchain/arm/arm-gnu-toolchain/bin/../lib/gcc/arm-none-eabi/6.3.1/thumb/v7e-m/crtn.o
                0x0040466c                . = ALIGN (0x4)
                0x0040466c                __fini_array_start = .
 *(.fini_array)
 .fini_array    0x0040466c        0x4 c:/program files (x86)/atmel/studio/7.0/toolchain/arm/arm-gnu-toolchain/bin/../lib/gcc/arm-none-eabi/6.3.1/thumb/v7e-m/crtbegin.o
 *(SORT(.fini_array.*))
                0x00404670                __fini_array_end = .
 *crtbegin.o(.dtors)
 *(EXCLUDE_FILE(*crtend.o) .dtors)
 *(SORT(.dtors.*))
 *crtend.o(.dtors)
                0x00404670                . = ALIGN (0x4)
                0x00404670                _efixed = .
                [!provide]                PROVIDE (__exidx_start, .)

.vfp11_veneer   0x00404670        0x0
 .vfp11_veneer  0x00404670        0x0 linker stubs

.v4_bx          0x00404670        0x0
 .v4_bx         0x00404670        0x0 linker stubs

.iplt           0x00404670        0x0
 .iplt          0x00404670        0x0 c:/program files (x86)/atmel/studio/7.0/toolchain/arm/arm-gnu-toolchain/bin/../lib/gcc/arm-none-eabi/6.3.1/thumb/v7e-m/crtbegin.o

.ARM.exidx      0x00404670        0x8
 *(.ARM.exidx* .gnu.linkonce.armexidx.*)
 .ARM.exidx     0x00404670        0x8 c:/program files (x86)/atmel/studio/7.0/toolchain/arm/arm-gnu-toolchain/bin/../lib/gcc/arm-none-eabi/6.3.1/thumb/v7e-m\libgcc.a(_udivmoddi4.o)
                [!provide]                PROVIDE (__exidx_end, .)

.eh_frame       0x00404678        0x0
 .eh_frame      0x00404678        0x0 c:/program files (x86)/atmel/studio/7.0/toolchain/arm/arm-gnu-toolchain/bin/../lib/gcc/arm-none-eabi/6.3.1/thumb/v7e-m/crtbegin.o

.rel.dyn        0x00404678        0x0
 .rel.iplt      0x00404678        0x0 c:/program files (x86)/atmel/studio/7.0/toolchain/arm/arm-gnu-toolchain/bin/../lib/gcc/arm-none-eabi/6.3.1/thumb/v7e-m/crtbegin.o

.jcr            0x00404678        0x0
 .jcr           0x00404678        0x0 c:/program files (x86)/atmel/studio/7.0/toolchain/arm/arm-gnu-toolchain/bin/../lib/gcc/arm-none-eabi/6.3.1/thumb/v7e-m/crtbegin.o

.igot.plt       0x00404678        0x0
 .igot.plt      0x00404678        0x0 c:/program files (x86)/atmel/studio/7.0/toolchain/arm/arm-gnu-toolchain/bin/../lib/gcc/arm-none-eabi/6.3.1/thumb/v7e-m/crtbegin.o
                0x00404678                . = ALIGN (0x4)
                0x00404678                _etext = .

.relocate       0x20400000      0x9d8 load address 0x00404678
                0x20400000                . = ALIGN (0x4)
                0x20400000                _srelocate = .
 *(.ramfunc .ramfunc.*)
 .ramfunc       0x20400000        0xa src/ASF/common/services/delay/sam/cycle_counter.o
                0x20400000                portable_delay_cycles
 *(.data .data.*)
 .data.g_interrupt_enabled
                0x2040000a        0x1 src/ASF/common/utils/interrupt/interrupt_sam_nvic.o
                0x2040000a                g_interrupt_enabled
 *fill*         0x2040000b        0x1 
 .data.SystemCoreClock
                0x2040000c        0x4 src/ASF/sam/utils/cmsis/same70/source/templates/system_same70.o
                0x2040000c                SystemCoreClock
 .data.buffer   0x20400010       0x18 src/main.o
                0x20400010                buffer
 .data._impure_ptr
                0x20400028        0x4 c:/program files (x86)/atmel/studio/7.0/toolchain/arm/arm-gnu-toolchain/bin/../lib/gcc/arm-none-eabi/6.3.1/../../../../arm-none-eabi/lib/thumb/v7e-m\libc.a(lib_a-impure.o)
                0x20400028                _impure_ptr
 *fill*         0x2040002c        0x4 
 .data.impure_data
                0x20400030      0x428 c:/program files (x86)/atmel/studio/7.0/toolchain/arm/arm-gnu-toolchain/bin/../lib/gcc/arm-none-eabi/6.3.1/../../../../arm-none-eabi/lib/thumb/v7e-m\libc.a(lib_a-impure.o)
 .data.__atexit_recursive_mutex
                0x20400458        0x4 c:/program files (x86)/atmel/studio/7.0/toolchain/arm/arm-gnu-toolchain/bin/../lib/gcc/arm-none-eabi/6.3.1/../../../../arm-none-eabi/lib/thumb/v7e-m\libc.a(lib_a-__call_atexit.o)
                0x20400458                __atexit_recursive_mutex
 .data.__global_locale
                0x2040045c      0x16c c:/program files (x86)/atmel/studio/7.0/toolchain/arm/arm-gnu-toolchain/bin/../lib/gcc/arm-none-eabi/6.3.1/../../../../arm-none-eabi/lib/thumb/v7e-m\libc.a(lib_a-locale.o)
                0x2040045c                __global_locale
 .data.__malloc_av_
                0x204005c8      0x408 c:/program files (x86)/atmel/studio/7.0/toolchain/arm/arm-gnu-toolchain/bin/../lib/gcc/arm-none-eabi/6.3.1/../../../../arm-none-eabi/lib/thumb/v7e-m\libc.a(lib_a-mallocr.o)
                0x204005c8                __malloc_av_
 .data.__malloc_sbrk_base
                0x204009d0        0x4 c:/program files (x86)/atmel/studio/7.0/toolchain/arm/arm-gnu-toolchain/bin/../lib/gcc/arm-none-eabi/6.3.1/../../../../arm-none-eabi/lib/thumb/v7e-m\libc.a(lib_a-mallocr.o)
                0x204009d0                __malloc_sbrk_base
 .data.__malloc_trim_threshold
                0x204009d4        0x4 c:/program files (x86)/atmel/studio/7.0/toolchain/arm/arm-gnu-toolchain/bin/../lib/gcc/arm-none-eabi/6.3.1/../../../../arm-none-eabi/lib/thumb/v7e-m\libc.a(lib_a-mallocr.o)
                0x204009d4                __malloc_trim_threshold
                0x204009d8                . = ALIGN (0x4)
                0x204009d8                _erelocate = .

.bss            0x204009d8    0x3ab10 load address 0x00405050
                0x204009d8                . = ALIGN (0x4)
                0x204009d8                _sbss = .
                0x204009d8                _szero = .
 *(.bss .bss.*)
 .bss           0x204009d8       0x1c c:/program files (x86)/atmel/studio/7.0/toolchain/arm/arm-gnu-toolchain/bin/../lib/gcc/arm-none-eabi/6.3.1/thumb/v7e-m/crtbegin.o
 .bss.ul_reg_val.9325
                0x204009f4        0x4 src/ASF/sam/drivers/usart/usart.o
 .bss.gs_interrupt_sources
                0x204009f8       0x70 src/ASF/sam/drivers/pio/pio_handler.o
 .bss.heap.6420
                0x20400a68        0x4 src/ASF/sam/utils/syscalls/gcc/syscalls.o
 .bss.buf       0x20400a6c        0x4 src/main.o
                0x20400a6c                buf
 .bss.g_systimer
                0x20400a70        0x4 src/main.o
                0x20400a70                g_systimer
 .bss.ppbuf_mem_buffer
                0x20400a74    0x3a980 src/main.o
                0x20400a74                ppbuf_mem_buffer
 .bss.__malloc_current_mallinfo
                0x2043b3f4       0x28 c:/program files (x86)/atmel/studio/7.0/toolchain/arm/arm-gnu-toolchain/bin/../lib/gcc/arm-none-eabi/6.3.1/../../../../arm-none-eabi/lib/thumb/v7e-m\libc.a(lib_a-mallocr.o)
                0x2043b3f4                __malloc_current_mallinfo
 .bss.__malloc_max_sbrked_mem
                0x2043b41c        0x4 c:/program files (x86)/atmel/studio/7.0/toolchain/arm/arm-gnu-toolchain/bin/../lib/gcc/arm-none-eabi/6.3.1/../../../../arm-none-eabi/lib/thumb/v7e-m\libc.a(lib_a-mallocr.o)
                0x2043b41c                __malloc_max_sbrked_mem
 .bss.__malloc_max_total_mem
                0x2043b420        0x4 c:/program files (x86)/atmel/studio/7.0/toolchain/arm/arm-gnu-toolchain/bin/../lib/gcc/arm-none-eabi/6.3.1/../../../../arm-none-eabi/lib/thumb/v7e-m\libc.a(lib_a-mallocr.o)
                0x2043b420                __malloc_max_total_mem
 .bss.__malloc_top_pad
                0x2043b424        0x4 c:/program files (x86)/atmel/studio/7.0/toolchain/arm/arm-gnu-toolchain/bin/../lib/gcc/arm-none-eabi/6.3.1/../../../../arm-none-eabi/lib/thumb/v7e-m\libc.a(lib_a-mallocr.o)
                0x2043b424                __malloc_top_pad
 *(COMMON)
 COMMON         0x2043b428        0x6 src/ASF/common/services/sleepmgr/sam/sleepmgr.o
                0x2043b428                sleepmgr_locks
 *fill*         0x2043b42e        0x2 
 COMMON         0x2043b430        0x4 src/ASF/common/utils/stdio/read.o
                0x2043b430                ptr_get
 COMMON         0x2043b434        0x8 src/ASF/common/utils/stdio/write.o
                0x2043b434                ptr_put
                0x2043b438                stdio_base
 COMMON         0x2043b43c       0x80 src/ASF/sam/drivers/afec/afec.o
                0x2043b43c                afec_callback_pointer
 COMMON         0x2043b4bc        0x1 src/main.o
                0x2043b4bc                volume
 *fill*         0x2043b4bd        0x3 
 COMMON         0x2043b4c0       0x21 c:/program files (x86)/atmel/studio/7.0/toolchain/arm/arm-gnu-toolchain/bin/../lib/gcc/arm-none-eabi/6.3.1/../../../../arm-none-eabi/lib/thumb/v7e-m\libc.a(lib_a-lock.o)
                0x2043b4c0                __lock___atexit_recursive_mutex
                0x2043b4c4                __lock___arc4random_mutex
                0x2043b4c8                __lock___env_recursive_mutex
                0x2043b4cc                __lock___sinit_recursive_mutex
                0x2043b4d0                __lock___malloc_recursive_mutex
                0x2043b4d4                __lock___at_quick_exit_mutex
                0x2043b4d8                __lock___dd_hash_mutex
                0x2043b4dc                __lock___tz_mutex
                0x2043b4e0                __lock___sfp_recursive_mutex
 *fill*         0x2043b4e1        0x3 
 COMMON         0x2043b4e4        0x4 c:/program files (x86)/atmel/studio/7.0/toolchain/arm/arm-gnu-toolchain/bin/../lib/gcc/arm-none-eabi/6.3.1/../../../../arm-none-eabi/lib/thumb/v7e-m\libc.a(lib_a-reent.o)
                0x2043b4e4                errno
                0x2043b4e8                . = ALIGN (0x4)
                0x2043b4e8                _ebss = .
                0x2043b4e8                _ezero = .

.stack          0x2043b4e8     0x2000 load address 0x0043fb60
                0x2043b4e8                . = ALIGN (0x8)
                0x2043b4e8                _sstack = .
                0x2043d4e8                . = (. + STACK_SIZE)
 *fill*         0x2043b4e8     0x2000 
                0x2043d4e8                . = ALIGN (0x8)
                0x2043d4e8                _estack = .

.heap           0x2043d4e8      0x200 load address 0x00441b60
                0x2043d4e8                . = ALIGN (0x8)
                0x2043d4e8                _sheap = .
                0x2043d6e8                . = (. + HEAP_SIZE)
 *fill*         0x2043d4e8      0x200 
                0x2043d6e8                . = ALIGN (0x8)
                0x2043d6e8                _eheap = .
                0x2043d6e8                . = ALIGN (0x4)
                0x2043d6e8                _end = .
                0x2045ffff                _ram_end_ = ((ORIGIN (ram) + LENGTH (ram)) - 0x1)
OUTPUT(BLUETOOTH_P2P_SERVER.elf elf32-littlearm)

.ARM.attributes
                0x00000000       0x2e
 .ARM.attributes
                0x00000000       0x1e c:/program files (x86)/atmel/studio/7.0/toolchain/arm/arm-gnu-toolchain/bin/../lib/gcc/arm-none-eabi/6.3.1/thumb/v7e-m/crti.o
 .ARM.attributes
                0x0000001e       0x2e c:/program files (x86)/atmel/studio/7.0/toolchain/arm/arm-gnu-toolchain/bin/../lib/gcc/arm-none-eabi/6.3.1/thumb/v7e-m/crtbegin.o
 .ARM.attributes
                0x0000004c       0x37 src/ASF/common/services/sleepmgr/sam/sleepmgr.o
 .ARM.attributes
                0x00000083       0x37 src/ping_pong_buffer.o
 .ARM.attributes
                0x000000ba       0x37 src/ASF/common/utils/stdio/read.o
 .ARM.attributes
                0x000000f1       0x37 src/ASF/common/utils/stdio/write.o
 .ARM.attributes
                0x00000128       0x37 src/ASF/sam/drivers/afec/afec.o
 .ARM.attributes
                0x0000015f       0x37 src/ASF/sam/drivers/dacc/dacc.o
 .ARM.attributes
                0x00000196       0x37 src/ASF/sam/drivers/tc/tc.o
 .ARM.attributes
                0x000001cd       0x37 src/ASF/sam/drivers/usart/usart.o
 .ARM.attributes
                0x00000204       0x37 src/ASF/common/services/serial/usart_serial.o
 .ARM.attributes
                0x0000023b       0x37 src/ASF/common/services/delay/sam/cycle_counter.o
 .ARM.attributes
                0x00000272       0x37 src/ASF/sam/drivers/uart/uart.o
 .ARM.attributes
                0x000002a9       0x37 src/ASF/common/services/clock/same70/sysclk.o
 .ARM.attributes
                0x000002e0       0x37 src/ASF/common/utils/interrupt/interrupt_sam_nvic.o
 .ARM.attributes
                0x00000317       0x37 src/ASF/sam/boards/same70_xplained/init.o
 .ARM.attributes
                0x0000034e       0x37 src/ASF/sam/drivers/pio/pio.o
 .ARM.attributes
                0x00000385       0x37 src/ASF/sam/drivers/pio/pio_handler.o
 .ARM.attributes
                0x000003bc       0x37 src/ASF/sam/drivers/pmc/pmc.o
 .ARM.attributes
                0x000003f3       0x37 src/ASF/sam/utils/cmsis/same70/source/templates/gcc/startup_same70.o
 .ARM.attributes
                0x0000042a       0x37 src/ASF/sam/utils/cmsis/same70/source/templates/system_same70.o
 .ARM.attributes
                0x00000461       0x37 src/ASF/sam/utils/syscalls/gcc/syscalls.o
 .ARM.attributes
                0x00000498       0x37 src/main.o
 .ARM.attributes
                0x000004cf       0x2e c:/program files (x86)/atmel/studio/7.0/toolchain/arm/arm-gnu-toolchain/bin/../lib/gcc/arm-none-eabi/6.3.1/../../../../arm-none-eabi/lib/thumb/v7e-m\libc.a(lib_a-impure.o)
 .ARM.attributes
                0x000004fd       0x2e c:/program files (x86)/atmel/studio/7.0/toolchain/arm/arm-gnu-toolchain/bin/../lib/gcc/arm-none-eabi/6.3.1/../../../../arm-none-eabi/lib/thumb/v7e-m\libc.a(lib_a-init.o)
 .ARM.attributes
                0x0000052b       0x2e c:/program files (x86)/atmel/studio/7.0/toolchain/arm/arm-gnu-toolchain/bin/../lib/gcc/arm-none-eabi/6.3.1/../../../../arm-none-eabi/lib/thumb/v7e-m\libc.a(lib_a-iprintf.o)
 .ARM.attributes
                0x00000559       0x1c c:/program files (x86)/atmel/studio/7.0/toolchain/arm/arm-gnu-toolchain/bin/../lib/gcc/arm-none-eabi/6.3.1/../../../../arm-none-eabi/lib/thumb/v7e-m\libc.a(lib_a-memcpy.o)
 .ARM.attributes
                0x00000575       0x2e c:/program files (x86)/atmel/studio/7.0/toolchain/arm/arm-gnu-toolchain/bin/../lib/gcc/arm-none-eabi/6.3.1/../../../../arm-none-eabi/lib/thumb/v7e-m\libc.a(lib_a-memset.o)
 .ARM.attributes
                0x000005a3       0x1c c:/program files (x86)/atmel/studio/7.0/toolchain/arm/arm-gnu-toolchain/bin/../lib/gcc/arm-none-eabi/6.3.1/../../../../arm-none-eabi/lib/thumb/v7e-m\libc.a(lib_a-strlen.o)
 .ARM.attributes
                0x000005bf       0x2e c:/program files (x86)/atmel/studio/7.0/toolchain/arm/arm-gnu-toolchain/bin/../lib/gcc/arm-none-eabi/6.3.1/../../../../arm-none-eabi/lib/thumb/v7e-m\libc.a(lib_a-strtol.o)
 .ARM.attributes
                0x000005ed       0x2e c:/program files (x86)/atmel/studio/7.0/toolchain/arm/arm-gnu-toolchain/bin/../lib/gcc/arm-none-eabi/6.3.1/../../../../arm-none-eabi/lib/thumb/v7e-m\libc.a(lib_a-vfiprintf.o)
 .ARM.attributes
                0x0000061b       0x2e c:/program files (x86)/atmel/studio/7.0/toolchain/arm/arm-gnu-toolchain/bin/../lib/gcc/arm-none-eabi/6.3.1/../../../../arm-none-eabi/lib/thumb/v7e-m\libc.a(lib_a-wsetup.o)
 .ARM.attributes
                0x00000649       0x2e c:/program files (x86)/atmel/studio/7.0/toolchain/arm/arm-gnu-toolchain/bin/../lib/gcc/arm-none-eabi/6.3.1/../../../../arm-none-eabi/lib/thumb/v7e-m\libc.a(lib_a-__call_atexit.o)
 .ARM.attributes
                0x00000677       0x2e c:/program files (x86)/atmel/studio/7.0/toolchain/arm/arm-gnu-toolchain/bin/../lib/gcc/arm-none-eabi/6.3.1/../../../../arm-none-eabi/lib/thumb/v7e-m\libc.a(lib_a-atexit.o)
 .ARM.attributes
                0x000006a5       0x2e c:/program files (x86)/atmel/studio/7.0/toolchain/arm/arm-gnu-toolchain/bin/../lib/gcc/arm-none-eabi/6.3.1/../../../../arm-none-eabi/lib/thumb/v7e-m\libc.a(lib_a-fflush.o)
 .ARM.attributes
                0x000006d3       0x2e c:/program files (x86)/atmel/studio/7.0/toolchain/arm/arm-gnu-toolchain/bin/../lib/gcc/arm-none-eabi/6.3.1/../../../../arm-none-eabi/lib/thumb/v7e-m\libc.a(lib_a-findfp.o)
 .ARM.attributes
                0x00000701       0x2e c:/program files (x86)/atmel/studio/7.0/toolchain/arm/arm-gnu-toolchain/bin/../lib/gcc/arm-none-eabi/6.3.1/../../../../arm-none-eabi/lib/thumb/v7e-m\libc.a(lib_a-fini.o)
 .ARM.attributes
                0x0000072f       0x2e c:/program files (x86)/atmel/studio/7.0/toolchain/arm/arm-gnu-toolchain/bin/../lib/gcc/arm-none-eabi/6.3.1/../../../../arm-none-eabi/lib/thumb/v7e-m\libc.a(lib_a-fputwc.o)
 .ARM.attributes
                0x0000075d       0x2e c:/program files (x86)/atmel/studio/7.0/toolchain/arm/arm-gnu-toolchain/bin/../lib/gcc/arm-none-eabi/6.3.1/../../../../arm-none-eabi/lib/thumb/v7e-m\libc.a(lib_a-freer.o)
 .ARM.attributes
                0x0000078b       0x2e c:/program files (x86)/atmel/studio/7.0/toolchain/arm/arm-gnu-toolchain/bin/../lib/gcc/arm-none-eabi/6.3.1/../../../../arm-none-eabi/lib/thumb/v7e-m\libc.a(lib_a-fvwrite.o)
 .ARM.attributes
                0x000007b9       0x2e c:/program files (x86)/atmel/studio/7.0/toolchain/arm/arm-gnu-toolchain/bin/../lib/gcc/arm-none-eabi/6.3.1/../../../../arm-none-eabi/lib/thumb/v7e-m\libc.a(lib_a-fwalk.o)
 .ARM.attributes
                0x000007e7       0x2e c:/program files (x86)/atmel/studio/7.0/toolchain/arm/arm-gnu-toolchain/bin/../lib/gcc/arm-none-eabi/6.3.1/../../../../arm-none-eabi/lib/thumb/v7e-m\libc.a(lib_a-locale.o)
 .ARM.attributes
                0x00000815       0x2e c:/program files (x86)/atmel/studio/7.0/toolchain/arm/arm-gnu-toolchain/bin/../lib/gcc/arm-none-eabi/6.3.1/../../../../arm-none-eabi/lib/thumb/v7e-m\libc.a(lib_a-lock.o)
 .ARM.attributes
                0x00000843       0x2e c:/program files (x86)/atmel/studio/7.0/toolchain/arm/arm-gnu-toolchain/bin/../lib/gcc/arm-none-eabi/6.3.1/../../../../arm-none-eabi/lib/thumb/v7e-m\libc.a(lib_a-makebuf.o)
 .ARM.attributes
                0x00000871       0x2e c:/program files (x86)/atmel/studio/7.0/toolchain/arm/arm-gnu-toolchain/bin/../lib/gcc/arm-none-eabi/6.3.1/../../../../arm-none-eabi/lib/thumb/v7e-m\libc.a(lib_a-mallocr.o)
 .ARM.attributes
                0x0000089f       0x2e c:/program files (x86)/atmel/studio/7.0/toolchain/arm/arm-gnu-toolchain/bin/../lib/gcc/arm-none-eabi/6.3.1/../../../../arm-none-eabi/lib/thumb/v7e-m\libc.a(lib_a-mbtowc_r.o)
 .ARM.attributes
                0x000008cd       0x1c c:/program files (x86)/atmel/studio/7.0/toolchain/arm/arm-gnu-toolchain/bin/../lib/gcc/arm-none-eabi/6.3.1/../../../../arm-none-eabi/lib/thumb/v7e-m\libc.a(lib_a-memchr.o)
 .ARM.attributes
                0x000008e9       0x2e c:/program files (x86)/atmel/studio/7.0/toolchain/arm/arm-gnu-toolchain/bin/../lib/gcc/arm-none-eabi/6.3.1/../../../../arm-none-eabi/lib/thumb/v7e-m\libc.a(lib_a-memmove.o)
 .ARM.attributes
                0x00000917       0x2e c:/program files (x86)/atmel/studio/7.0/toolchain/arm/arm-gnu-toolchain/bin/../lib/gcc/arm-none-eabi/6.3.1/../../../../arm-none-eabi/lib/thumb/v7e-m\libc.a(lib_a-mlock.o)
 .ARM.attributes
                0x00000945       0x2e c:/program files (x86)/atmel/studio/7.0/toolchain/arm/arm-gnu-toolchain/bin/../lib/gcc/arm-none-eabi/6.3.1/../../../../arm-none-eabi/lib/thumb/v7e-m\libc.a(lib_a-reallocr.o)
 .ARM.attributes
                0x00000973       0x2e c:/program files (x86)/atmel/studio/7.0/toolchain/arm/arm-gnu-toolchain/bin/../lib/gcc/arm-none-eabi/6.3.1/../../../../arm-none-eabi/lib/thumb/v7e-m\libc.a(lib_a-sbrkr.o)
 .ARM.attributes
                0x000009a1       0x2e c:/program files (x86)/atmel/studio/7.0/toolchain/arm/arm-gnu-toolchain/bin/../lib/gcc/arm-none-eabi/6.3.1/../../../../arm-none-eabi/lib/thumb/v7e-m\libc.a(lib_a-stdio.o)
 .ARM.attributes
                0x000009cf       0x2e c:/program files (x86)/atmel/studio/7.0/toolchain/arm/arm-gnu-toolchain/bin/../lib/gcc/arm-none-eabi/6.3.1/../../../../arm-none-eabi/lib/thumb/v7e-m\libc.a(lib_a-wbuf.o)
 .ARM.attributes
                0x000009fd       0x2e c:/program files (x86)/atmel/studio/7.0/toolchain/arm/arm-gnu-toolchain/bin/../lib/gcc/arm-none-eabi/6.3.1/../../../../arm-none-eabi/lib/thumb/v7e-m\libc.a(lib_a-wcrtomb.o)
 .ARM.attributes
                0x00000a2b       0x2e c:/program files (x86)/atmel/studio/7.0/toolchain/arm/arm-gnu-toolchain/bin/../lib/gcc/arm-none-eabi/6.3.1/../../../../arm-none-eabi/lib/thumb/v7e-m\libc.a(lib_a-wctomb_r.o)
 .ARM.attributes
                0x00000a59       0x2e c:/program files (x86)/atmel/studio/7.0/toolchain/arm/arm-gnu-toolchain/bin/../lib/gcc/arm-none-eabi/6.3.1/../../../../arm-none-eabi/lib/thumb/v7e-m\libc.a(lib_a-writer.o)
 .ARM.attributes
                0x00000a87       0x2e c:/program files (x86)/atmel/studio/7.0/toolchain/arm/arm-gnu-toolchain/bin/../lib/gcc/arm-none-eabi/6.3.1/../../../../arm-none-eabi/lib/thumb/v7e-m\libc.a(lib_a-__atexit.o)
 .ARM.attributes
                0x00000ab5       0x2e c:/program files (x86)/atmel/studio/7.0/toolchain/arm/arm-gnu-toolchain/bin/../lib/gcc/arm-none-eabi/6.3.1/../../../../arm-none-eabi/lib/thumb/v7e-m\libc.a(lib_a-closer.o)
 .ARM.attributes
                0x00000ae3       0x2e c:/program files (x86)/atmel/studio/7.0/toolchain/arm/arm-gnu-toolchain/bin/../lib/gcc/arm-none-eabi/6.3.1/../../../../arm-none-eabi/lib/thumb/v7e-m\libc.a(lib_a-ctype_.o)
 .ARM.attributes
                0x00000b11       0x2e c:/program files (x86)/atmel/studio/7.0/toolchain/arm/arm-gnu-toolchain/bin/../lib/gcc/arm-none-eabi/6.3.1/../../../../arm-none-eabi/lib/thumb/v7e-m\libc.a(lib_a-fclose.o)
 .ARM.attributes
                0x00000b3f       0x2e c:/program files (x86)/atmel/studio/7.0/toolchain/arm/arm-gnu-toolchain/bin/../lib/gcc/arm-none-eabi/6.3.1/../../../../arm-none-eabi/lib/thumb/v7e-m\libc.a(lib_a-fstatr.o)
 .ARM.attributes
                0x00000b6d       0x2e c:/program files (x86)/atmel/studio/7.0/toolchain/arm/arm-gnu-toolchain/bin/../lib/gcc/arm-none-eabi/6.3.1/../../../../arm-none-eabi/lib/thumb/v7e-m\libc.a(lib_a-isattyr.o)
 .ARM.attributes
                0x00000b9b       0x2e c:/program files (x86)/atmel/studio/7.0/toolchain/arm/arm-gnu-toolchain/bin/../lib/gcc/arm-none-eabi/6.3.1/../../../../arm-none-eabi/lib/thumb/v7e-m\libc.a(lib_a-lseekr.o)
 .ARM.attributes
                0x00000bc9       0x2e c:/program files (x86)/atmel/studio/7.0/toolchain/arm/arm-gnu-toolchain/bin/../lib/gcc/arm-none-eabi/6.3.1/../../../../arm-none-eabi/lib/thumb/v7e-m\libc.a(lib_a-readr.o)
 .ARM.attributes
                0x00000bf7       0x2e c:/program files (x86)/atmel/studio/7.0/toolchain/arm/arm-gnu-toolchain/bin/../lib/gcc/arm-none-eabi/6.3.1/../../../../arm-none-eabi/lib/thumb/v7e-m\libc.a(lib_a-reent.o)
 .ARM.attributes
                0x00000c25       0x1e c:/program files (x86)/atmel/studio/7.0/toolchain/arm/arm-gnu-toolchain/bin/../lib/gcc/arm-none-eabi/6.3.1/thumb/v7e-m\libgcc.a(_aeabi_uldivmod.o)
 .ARM.attributes
                0x00000c43       0x2e c:/program files (x86)/atmel/studio/7.0/toolchain/arm/arm-gnu-toolchain/bin/../lib/gcc/arm-none-eabi/6.3.1/thumb/v7e-m\libgcc.a(_udivmoddi4.o)
 .ARM.attributes
                0x00000c71       0x1e c:/program files (x86)/atmel/studio/7.0/toolchain/arm/arm-gnu-toolchain/bin/../lib/gcc/arm-none-eabi/6.3.1/thumb/v7e-m\libgcc.a(_dvmd_tls.o)
 .ARM.attributes
                0x00000c8f       0x1e c:/program files (x86)/atmel/studio/7.0/toolchain/arm/arm-gnu-toolchain/bin/../lib/gcc/arm-none-eabi/6.3.1/thumb/v7e-m/crtn.o

.comment        0x00000000       0x59
 .comment       0x00000000       0x59 src/ASF/common/services/sleepmgr/sam/sleepmgr.o
                                 0x5a (size before relaxing)
 .comment       0x00000059       0x5a src/ping_pong_buffer.o
 .comment       0x00000059       0x5a src/ASF/common/utils/stdio/read.o
 .comment       0x00000059       0x5a src/ASF/common/utils/stdio/write.o
 .comment       0x00000059       0x5a src/ASF/sam/drivers/afec/afec.o
 .comment       0x00000059       0x5a src/ASF/sam/drivers/dacc/dacc.o
 .comment       0x00000059       0x5a src/ASF/sam/drivers/tc/tc.o
 .comment       0x00000059       0x5a src/ASF/sam/drivers/usart/usart.o
 .comment       0x00000059       0x5a src/ASF/common/services/serial/usart_serial.o
 .comment       0x00000059       0x5a src/ASF/common/services/delay/sam/cycle_counter.o
 .comment       0x00000059       0x5a src/ASF/sam/drivers/uart/uart.o
 .comment       0x00000059       0x5a src/ASF/common/services/clock/same70/sysclk.o
 .comment       0x00000059       0x5a src/ASF/common/utils/interrupt/interrupt_sam_nvic.o
 .comment       0x00000059       0x5a src/ASF/sam/boards/same70_xplained/init.o
 .comment       0x00000059       0x5a src/ASF/sam/drivers/pio/pio.o
 .comment       0x00000059       0x5a src/ASF/sam/drivers/pio/pio_handler.o
 .comment       0x00000059       0x5a src/ASF/sam/drivers/pmc/pmc.o
 .comment       0x00000059       0x5a src/ASF/sam/utils/cmsis/same70/source/templates/gcc/startup_same70.o
 .comment       0x00000059       0x5a src/ASF/sam/utils/cmsis/same70/source/templates/system_same70.o
 .comment       0x00000059       0x5a src/ASF/sam/utils/syscalls/gcc/syscalls.o
 .comment       0x00000059       0x5a src/main.o

.debug_info     0x00000000    0x1b748
 .debug_info    0x00000000      0xa8e src/ASF/common/services/sleepmgr/sam/sleepmgr.o
 .debug_info    0x00000a8e      0xc30 src/ping_pong_buffer.o
 .debug_info    0x000016be      0xac9 src/ASF/common/utils/stdio/read.o
 .debug_info    0x00002187      0xac6 src/ASF/common/utils/stdio/write.o
 .debug_info    0x00002c4d     0x245a src/ASF/sam/drivers/afec/afec.o
 .debug_info    0x000050a7      0xffa src/ASF/sam/drivers/dacc/dacc.o
 .debug_info    0x000060a1     0x1233 src/ASF/sam/drivers/tc/tc.o
 .debug_info    0x000072d4     0x2324 src/ASF/sam/drivers/usart/usart.o
 .debug_info    0x000095f8     0x10c5 src/ASF/common/services/serial/usart_serial.o
 .debug_info    0x0000a6bd      0xa45 src/ASF/common/services/delay/sam/cycle_counter.o
 .debug_info    0x0000b102     0x103b src/ASF/sam/drivers/uart/uart.o
 .debug_info    0x0000c13d     0x1267 src/ASF/common/services/clock/same70/sysclk.o
 .debug_info    0x0000d3a4      0xb01 src/ASF/common/utils/interrupt/interrupt_sam_nvic.o
 .debug_info    0x0000dea5     0x201f src/ASF/sam/boards/same70_xplained/init.o
 .debug_info    0x0000fec4     0x2150 src/ASF/sam/drivers/pio/pio.o
 .debug_info    0x00012014     0x1b22 src/ASF/sam/drivers/pio/pio_handler.o
 .debug_info    0x00013b36     0x1e0e src/ASF/sam/drivers/pmc/pmc.o
 .debug_info    0x00015944     0x156a src/ASF/sam/utils/cmsis/same70/source/templates/gcc/startup_same70.o
 .debug_info    0x00016eae      0x55b src/ASF/sam/utils/cmsis/same70/source/templates/system_same70.o
 .debug_info    0x00017409      0xdb0 src/ASF/sam/utils/syscalls/gcc/syscalls.o
 .debug_info    0x000181b9     0x358f src/main.o

.debug_abbrev   0x00000000     0x3a96
 .debug_abbrev  0x00000000      0x1b2 src/ASF/common/services/sleepmgr/sam/sleepmgr.o
 .debug_abbrev  0x000001b2      0x225 src/ping_pong_buffer.o
 .debug_abbrev  0x000003d7      0x1fe src/ASF/common/utils/stdio/read.o
 .debug_abbrev  0x000005d5      0x1e9 src/ASF/common/utils/stdio/write.o
 .debug_abbrev  0x000007be      0x4d7 src/ASF/sam/drivers/afec/afec.o
 .debug_abbrev  0x00000c95      0x2c3 src/ASF/sam/drivers/dacc/dacc.o
 .debug_abbrev  0x00000f58      0x293 src/ASF/sam/drivers/tc/tc.o
 .debug_abbrev  0x000011eb      0x3bd src/ASF/sam/drivers/usart/usart.o
 .debug_abbrev  0x000015a8      0x2a4 src/ASF/common/services/serial/usart_serial.o
 .debug_abbrev  0x0000184c      0x1b3 src/ASF/common/services/delay/sam/cycle_counter.o
 .debug_abbrev  0x000019ff      0x26e src/ASF/sam/drivers/uart/uart.o
 .debug_abbrev  0x00001c6d      0x31f src/ASF/common/services/clock/same70/sysclk.o
 .debug_abbrev  0x00001f8c      0x212 src/ASF/common/utils/interrupt/interrupt_sam_nvic.o
 .debug_abbrev  0x0000219e      0x368 src/ASF/sam/boards/same70_xplained/init.o
 .debug_abbrev  0x00002506      0x410 src/ASF/sam/drivers/pio/pio.o
 .debug_abbrev  0x00002916      0x32f src/ASF/sam/drivers/pio/pio_handler.o
 .debug_abbrev  0x00002c45      0x369 src/ASF/sam/drivers/pmc/pmc.o
 .debug_abbrev  0x00002fae      0x2e4 src/ASF/sam/utils/cmsis/same70/source/templates/gcc/startup_same70.o
 .debug_abbrev  0x00003292      0x102 src/ASF/sam/utils/cmsis/same70/source/templates/system_same70.o
 .debug_abbrev  0x00003394      0x264 src/ASF/sam/utils/syscalls/gcc/syscalls.o
 .debug_abbrev  0x000035f8      0x49e src/main.o

.debug_aranges  0x00000000      0xca8
 .debug_aranges
                0x00000000       0x18 src/ASF/common/services/sleepmgr/sam/sleepmgr.o
 .debug_aranges
                0x00000018       0x48 src/ping_pong_buffer.o
 .debug_aranges
                0x00000060       0x20 src/ASF/common/utils/stdio/read.o
 .debug_aranges
                0x00000080       0x20 src/ASF/common/utils/stdio/write.o
 .debug_aranges
                0x000000a0       0xb8 src/ASF/sam/drivers/afec/afec.o
 .debug_aranges
                0x00000158       0xa8 src/ASF/sam/drivers/dacc/dacc.o
 .debug_aranges
                0x00000200       0xd0 src/ASF/sam/drivers/tc/tc.o
 .debug_aranges
                0x000002d0      0x2a8 src/ASF/sam/drivers/usart/usart.o
 .debug_aranges
                0x00000578       0x28 src/ASF/common/services/serial/usart_serial.o
 .debug_aranges
                0x000005a0       0x20 src/ASF/common/services/delay/sam/cycle_counter.o
 .debug_aranges
                0x000005c0       0xd8 src/ASF/sam/drivers/uart/uart.o
 .debug_aranges
                0x00000698       0x40 src/ASF/common/services/clock/same70/sysclk.o
 .debug_aranges
                0x000006d8       0x28 src/ASF/common/utils/interrupt/interrupt_sam_nvic.o
 .debug_aranges
                0x00000700       0x20 src/ASF/sam/boards/same70_xplained/init.o
 .debug_aranges
                0x00000720      0x1a8 src/ASF/sam/drivers/pio/pio.o
 .debug_aranges
                0x000008c8       0x60 src/ASF/sam/drivers/pio/pio_handler.o
 .debug_aranges
                0x00000928      0x250 src/ASF/sam/drivers/pmc/pmc.o
 .debug_aranges
                0x00000b78       0x28 src/ASF/sam/utils/cmsis/same70/source/templates/gcc/startup_same70.o
 .debug_aranges
                0x00000ba0       0x30 src/ASF/sam/utils/cmsis/same70/source/templates/system_same70.o
 .debug_aranges
                0x00000bd0       0x60 src/ASF/sam/utils/syscalls/gcc/syscalls.o
 .debug_aranges
                0x00000c30       0x78 src/main.o

.debug_macro    0x00000000    0x212f8
 .debug_macro   0x00000000      0x67f src/ASF/common/services/sleepmgr/sam/sleepmgr.o
 .debug_macro   0x0000067f      0x8ce src/ASF/common/services/sleepmgr/sam/sleepmgr.o
 .debug_macro   0x00000f4d      0x16d src/ASF/common/services/sleepmgr/sam/sleepmgr.o
 .debug_macro   0x000010ba      0x64b src/ASF/common/services/sleepmgr/sam/sleepmgr.o
 .debug_macro   0x00001705       0x76 src/ASF/common/services/sleepmgr/sam/sleepmgr.o
 .debug_macro   0x0000177b       0x16 src/ASF/common/services/sleepmgr/sam/sleepmgr.o
 .debug_macro   0x00001791      0x6e4 src/ASF/common/services/sleepmgr/sam/sleepmgr.o
 .debug_macro   0x00001e75       0x22 src/ASF/common/services/sleepmgr/sam/sleepmgr.o
 .debug_macro   0x00001e97       0x87 src/ASF/common/services/sleepmgr/sam/sleepmgr.o
 .debug_macro   0x00001f1e       0x51 src/ASF/common/services/sleepmgr/sam/sleepmgr.o
 .debug_macro   0x00001f6f       0xef src/ASF/common/services/sleepmgr/sam/sleepmgr.o
 .debug_macro   0x0000205e       0x6a src/ASF/common/services/sleepmgr/sam/sleepmgr.o
 .debug_macro   0x000020c8      0x1df src/ASF/common/services/sleepmgr/sam/sleepmgr.o
 .debug_macro   0x000022a7       0x4a src/ASF/common/services/sleepmgr/sam/sleepmgr.o
 .debug_macro   0x000022f1       0x3b src/ASF/common/services/sleepmgr/sam/sleepmgr.o
 .debug_macro   0x0000232c       0x2d src/ASF/common/services/sleepmgr/sam/sleepmgr.o
 .debug_macro   0x00002359       0x26 src/ASF/common/services/sleepmgr/sam/sleepmgr.o
 .debug_macro   0x0000237f      0xf9a src/ASF/common/services/sleepmgr/sam/sleepmgr.o
 .debug_macro   0x00003319      0x175 src/ASF/common/services/sleepmgr/sam/sleepmgr.o
 .debug_macro   0x0000348e      0x257 src/ASF/common/services/sleepmgr/sam/sleepmgr.o
 .debug_macro   0x000036e5      0xa0f src/ASF/common/services/sleepmgr/sam/sleepmgr.o
 .debug_macro   0x000040f4      0x1b9 src/ASF/common/services/sleepmgr/sam/sleepmgr.o
 .debug_macro   0x000042ad      0x336 src/ASF/common/services/sleepmgr/sam/sleepmgr.o
 .debug_macro   0x000045e3      0x15b src/ASF/common/services/sleepmgr/sam/sleepmgr.o
 .debug_macro   0x0000473e     0x1851 src/ASF/common/services/sleepmgr/sam/sleepmgr.o
 .debug_macro   0x00005f8f       0x1c src/ASF/common/services/sleepmgr/sam/sleepmgr.o
 .debug_macro   0x00005fab      0x68d src/ASF/common/services/sleepmgr/sam/sleepmgr.o
 .debug_macro   0x00006638      0x31e src/ASF/common/services/sleepmgr/sam/sleepmgr.o
 .debug_macro   0x00006956      0x4d4 src/ASF/common/services/sleepmgr/sam/sleepmgr.o
 .debug_macro   0x00006e2a      0x56e src/ASF/common/services/sleepmgr/sam/sleepmgr.o
 .debug_macro   0x00007398     0x1332 src/ASF/common/services/sleepmgr/sam/sleepmgr.o
 .debug_macro   0x000086ca     0x278d src/ASF/common/services/sleepmgr/sam/sleepmgr.o
 .debug_macro   0x0000ae57     0x102b src/ASF/common/services/sleepmgr/sam/sleepmgr.o
 .debug_macro   0x0000be82      0xe01 src/ASF/common/services/sleepmgr/sam/sleepmgr.o
 .debug_macro   0x0000cc83      0x3b1 src/ASF/common/services/sleepmgr/sam/sleepmgr.o
 .debug_macro   0x0000d034       0xa0 src/ASF/common/services/sleepmgr/sam/sleepmgr.o
 .debug_macro   0x0000d0d4       0x76 src/ASF/common/services/sleepmgr/sam/sleepmgr.o
 .debug_macro   0x0000d14a      0x409 src/ASF/common/services/sleepmgr/sam/sleepmgr.o
 .debug_macro   0x0000d553       0x64 src/ASF/common/services/sleepmgr/sam/sleepmgr.o
 .debug_macro   0x0000d5b7      0x284 src/ASF/common/services/sleepmgr/sam/sleepmgr.o
 .debug_macro   0x0000d83b      0x1d0 src/ASF/common/services/sleepmgr/sam/sleepmgr.o
 .debug_macro   0x0000da0b      0x248 src/ASF/common/services/sleepmgr/sam/sleepmgr.o
 .debug_macro   0x0000dc53      0x524 src/ASF/common/services/sleepmgr/sam/sleepmgr.o
 .debug_macro   0x0000e177      0x63b src/ASF/common/services/sleepmgr/sam/sleepmgr.o
 .debug_macro   0x0000e7b2      0x6b8 src/ASF/common/services/sleepmgr/sam/sleepmgr.o
 .debug_macro   0x0000ee6a       0x4c src/ASF/common/services/sleepmgr/sam/sleepmgr.o
 .debug_macro   0x0000eeb6      0x468 src/ASF/common/services/sleepmgr/sam/sleepmgr.o
 .debug_macro   0x0000f31e      0x207 src/ASF/common/services/sleepmgr/sam/sleepmgr.o
 .debug_macro   0x0000f525      0x866 src/ASF/common/services/sleepmgr/sam/sleepmgr.o
 .debug_macro   0x0000fd8b     0x1547 src/ASF/common/services/sleepmgr/sam/sleepmgr.o
 .debug_macro   0x000112d2       0x40 src/ASF/common/services/sleepmgr/sam/sleepmgr.o
 .debug_macro   0x00011312       0x76 src/ASF/common/services/sleepmgr/sam/sleepmgr.o
 .debug_macro   0x00011388      0xdaf src/ASF/common/services/sleepmgr/sam/sleepmgr.o
 .debug_macro   0x00012137       0x82 src/ASF/common/services/sleepmgr/sam/sleepmgr.o
 .debug_macro   0x000121b9       0x76 src/ASF/common/services/sleepmgr/sam/sleepmgr.o
 .debug_macro   0x0001222f       0x4c src/ASF/common/services/sleepmgr/sam/sleepmgr.o
 .debug_macro   0x0001227b      0x135 src/ASF/common/services/sleepmgr/sam/sleepmgr.o
 .debug_macro   0x000123b0      0x135 src/ASF/common/services/sleepmgr/sam/sleepmgr.o
 .debug_macro   0x000124e5      0x135 src/ASF/common/services/sleepmgr/sam/sleepmgr.o
 .debug_macro   0x0001261a       0x6a src/ASF/common/services/sleepmgr/sam/sleepmgr.o
 .debug_macro   0x00012684       0x6a src/ASF/common/services/sleepmgr/sam/sleepmgr.o
 .debug_macro   0x000126ee      0x313 src/ASF/common/services/sleepmgr/sam/sleepmgr.o
 .debug_macro   0x00012a01       0xb2 src/ASF/common/services/sleepmgr/sam/sleepmgr.o
 .debug_macro   0x00012ab3       0xb2 src/ASF/common/services/sleepmgr/sam/sleepmgr.o
 .debug_macro   0x00012b65       0xb2 src/ASF/common/services/sleepmgr/sam/sleepmgr.o
 .debug_macro   0x00012c17      0x11d src/ASF/common/services/sleepmgr/sam/sleepmgr.o
 .debug_macro   0x00012d34      0x11d src/ASF/common/services/sleepmgr/sam/sleepmgr.o
 .debug_macro   0x00012e51      0x2cd src/ASF/common/services/sleepmgr/sam/sleepmgr.o
 .debug_macro   0x0001311e       0xb8 src/ASF/common/services/sleepmgr/sam/sleepmgr.o
 .debug_macro   0x000131d6       0x5e src/ASF/common/services/sleepmgr/sam/sleepmgr.o
 .debug_macro   0x00013234       0x40 src/ASF/common/services/sleepmgr/sam/sleepmgr.o
 .debug_macro   0x00013274       0x4c src/ASF/common/services/sleepmgr/sam/sleepmgr.o
 .debug_macro   0x000132c0       0xa0 src/ASF/common/services/sleepmgr/sam/sleepmgr.o
 .debug_macro   0x00013360      0x494 src/ASF/common/services/sleepmgr/sam/sleepmgr.o
 .debug_macro   0x000137f4      0x135 src/ASF/common/services/sleepmgr/sam/sleepmgr.o
 .debug_macro   0x00013929       0x4c src/ASF/common/services/sleepmgr/sam/sleepmgr.o
 .debug_macro   0x00013975      0x313 src/ASF/common/services/sleepmgr/sam/sleepmgr.o
 .debug_macro   0x00013c88       0x6a src/ASF/common/services/sleepmgr/sam/sleepmgr.o
 .debug_macro   0x00013cf2       0xb8 src/ASF/common/services/sleepmgr/sam/sleepmgr.o
 .debug_macro   0x00013daa       0x6a src/ASF/common/services/sleepmgr/sam/sleepmgr.o
 .debug_macro   0x00013e14       0x2e src/ASF/common/services/sleepmgr/sam/sleepmgr.o
 .debug_macro   0x00013e42      0x9b1 src/ASF/common/services/sleepmgr/sam/sleepmgr.o
 .debug_macro   0x000147f3       0x6a src/ASF/common/services/sleepmgr/sam/sleepmgr.o
 .debug_macro   0x0001485d       0x88 src/ASF/common/services/sleepmgr/sam/sleepmgr.o
 .debug_macro   0x000148e5       0x58 src/ASF/common/services/sleepmgr/sam/sleepmgr.o
 .debug_macro   0x0001493d       0xe2 src/ASF/common/services/sleepmgr/sam/sleepmgr.o
 .debug_macro   0x00014a1f       0x16 src/ASF/common/services/sleepmgr/sam/sleepmgr.o
 .debug_macro   0x00014a35       0xe2 src/ASF/common/services/sleepmgr/sam/sleepmgr.o
 .debug_macro   0x00014b17       0x4c src/ASF/common/services/sleepmgr/sam/sleepmgr.o
 .debug_macro   0x00014b63       0x16 src/ASF/common/services/sleepmgr/sam/sleepmgr.o
 .debug_macro   0x00014b79       0x4c src/ASF/common/services/sleepmgr/sam/sleepmgr.o
 .debug_macro   0x00014bc5       0x2e src/ASF/common/services/sleepmgr/sam/sleepmgr.o
 .debug_macro   0x00014bf3      0x1b5 src/ASF/common/services/sleepmgr/sam/sleepmgr.o
 .debug_macro   0x00014da8      0x1b5 src/ASF/common/services/sleepmgr/sam/sleepmgr.o
 .debug_macro   0x00014f5d      0x1b5 src/ASF/common/services/sleepmgr/sam/sleepmgr.o
 .debug_macro   0x00015112      0x1b5 src/ASF/common/services/sleepmgr/sam/sleepmgr.o
 .debug_macro   0x000152c7      0x1b5 src/ASF/common/services/sleepmgr/sam/sleepmgr.o
 .debug_macro   0x0001547c       0x1c src/ASF/common/services/sleepmgr/sam/sleepmgr.o
 .debug_macro   0x00015498       0x2e src/ASF/common/services/sleepmgr/sam/sleepmgr.o
 .debug_macro   0x000154c6       0x22 src/ASF/common/services/sleepmgr/sam/sleepmgr.o
 .debug_macro   0x000154e8       0x1c src/ASF/common/services/sleepmgr/sam/sleepmgr.o
 .debug_macro   0x00015504       0x52 src/ASF/common/services/sleepmgr/sam/sleepmgr.o
 .debug_macro   0x00015556       0x10 src/ASF/common/services/sleepmgr/sam/sleepmgr.o
 .debug_macro   0x00015566       0x1c src/ASF/common/services/sleepmgr/sam/sleepmgr.o
 .debug_macro   0x00015582       0x4c src/ASF/common/services/sleepmgr/sam/sleepmgr.o
 .debug_macro   0x000155ce       0x4c src/ASF/common/services/sleepmgr/sam/sleepmgr.o
 .debug_macro   0x0001561a       0x4c src/ASF/common/services/sleepmgr/sam/sleepmgr.o
 .debug_macro   0x00015666      0x31b src/ASF/common/services/sleepmgr/sam/sleepmgr.o
 .debug_macro   0x00015981     0x1022 src/ASF/common/services/sleepmgr/sam/sleepmgr.o
 .debug_macro   0x000169a3      0x107 src/ASF/common/services/sleepmgr/sam/sleepmgr.o
 .debug_macro   0x00016aaa       0x58 src/ASF/common/services/sleepmgr/sam/sleepmgr.o
 .debug_macro   0x00016b02       0x35 src/ASF/common/services/sleepmgr/sam/sleepmgr.o
 .debug_macro   0x00016b37       0x9c src/ASF/common/services/sleepmgr/sam/sleepmgr.o
 .debug_macro   0x00016bd3       0x16 src/ASF/common/services/sleepmgr/sam/sleepmgr.o
 .debug_macro   0x00016be9       0x35 src/ASF/common/services/sleepmgr/sam/sleepmgr.o
 .debug_macro   0x00016c1e      0x353 src/ASF/common/services/sleepmgr/sam/sleepmgr.o
 .debug_macro   0x00016f71       0x10 src/ASF/common/services/sleepmgr/sam/sleepmgr.o
 .debug_macro   0x00016f81       0x58 src/ASF/common/services/sleepmgr/sam/sleepmgr.o
 .debug_macro   0x00016fd9       0x1f src/ASF/common/services/sleepmgr/sam/sleepmgr.o
 .debug_macro   0x00016ff8       0x43 src/ASF/common/services/sleepmgr/sam/sleepmgr.o
 .debug_macro   0x0001703b       0x20 src/ASF/common/services/sleepmgr/sam/sleepmgr.o
 .debug_macro   0x0001705b      0x187 src/ASF/common/services/sleepmgr/sam/sleepmgr.o
 .debug_macro   0x000171e2       0x10 src/ASF/common/services/sleepmgr/sam/sleepmgr.o
 .debug_macro   0x000171f2       0x1c src/ASF/common/services/sleepmgr/sam/sleepmgr.o
 .debug_macro   0x0001720e       0x52 src/ASF/common/services/sleepmgr/sam/sleepmgr.o
 .debug_macro   0x00017260       0x40 src/ASF/common/services/sleepmgr/sam/sleepmgr.o
 .debug_macro   0x000172a0       0x10 src/ASF/common/services/sleepmgr/sam/sleepmgr.o
 .debug_macro   0x000172b0       0x40 src/ASF/common/services/sleepmgr/sam/sleepmgr.o
 .debug_macro   0x000172f0       0xd7 src/ASF/common/services/sleepmgr/sam/sleepmgr.o
 .debug_macro   0x000173c7       0x16 src/ASF/common/services/sleepmgr/sam/sleepmgr.o
 .debug_macro   0x000173dd      0x18b src/ASF/common/services/sleepmgr/sam/sleepmgr.o
 .debug_macro   0x00017568       0x22 src/ASF/common/services/sleepmgr/sam/sleepmgr.o
 .debug_macro   0x0001758a       0x16 src/ASF/common/services/sleepmgr/sam/sleepmgr.o
 .debug_macro   0x000175a0       0x16 src/ASF/common/services/sleepmgr/sam/sleepmgr.o
 .debug_macro   0x000175b6       0x29 src/ASF/common/services/sleepmgr/sam/sleepmgr.o
 .debug_macro   0x000175df       0x75 src/ASF/common/services/sleepmgr/sam/sleepmgr.o
 .debug_macro   0x00017654       0x3f src/ASF/common/services/sleepmgr/sam/sleepmgr.o
 .debug_macro   0x00017693      0x3ca src/ASF/common/services/sleepmgr/sam/sleepmgr.o
 .debug_macro   0x00017a5d       0x10 src/ASF/common/services/sleepmgr/sam/sleepmgr.o
 .debug_macro   0x00017a6d       0x34 src/ASF/common/services/sleepmgr/sam/sleepmgr.o
 .debug_macro   0x00017aa1      0x103 src/ping_pong_buffer.o
 .debug_macro   0x00017ba4       0x52 src/ping_pong_buffer.o
 .debug_macro   0x00017bf6       0x8d src/ping_pong_buffer.o
 .debug_macro   0x00017c83       0x57 src/ping_pong_buffer.o
 .debug_macro   0x00017cda       0x10 src/ping_pong_buffer.o
 .debug_macro   0x00017cea      0x655 src/ASF/common/utils/stdio/read.o
 .debug_macro   0x0001833f      0x655 src/ASF/common/utils/stdio/write.o
 .debug_macro   0x00018994      0x72e src/ASF/sam/drivers/afec/afec.o
 .debug_macro   0x000190c2       0x12 src/ASF/sam/drivers/afec/afec.o
 .debug_macro   0x000190d4       0x3a src/ASF/sam/drivers/afec/afec.o
 .debug_macro   0x0001910e      0x2c6 src/ASF/sam/drivers/afec/afec.o
 .debug_macro   0x000193d4      0xa96 src/ASF/sam/drivers/afec/afec.o
 .debug_macro   0x00019e6a       0x70 src/ASF/sam/drivers/afec/afec.o
 .debug_macro   0x00019eda       0x64 src/ASF/sam/drivers/afec/afec.o
 .debug_macro   0x00019f3e       0x5f src/ASF/sam/drivers/afec/afec.o
 .debug_macro   0x00019f9d       0xac src/ASF/sam/drivers/afec/afec.o
 .debug_macro   0x0001a049      0x671 src/ASF/sam/drivers/dacc/dacc.o
 .debug_macro   0x0001a6ba       0x10 src/ASF/sam/drivers/dacc/dacc.o
 .debug_macro   0x0001a6ca      0x66d src/ASF/sam/drivers/tc/tc.o
 .debug_macro   0x0001ad37       0x16 src/ASF/sam/drivers/tc/tc.o
 .debug_macro   0x0001ad4d       0x1c src/ASF/sam/drivers/tc/tc.o
 .debug_macro   0x0001ad69      0x69b src/ASF/sam/drivers/usart/usart.o
 .debug_macro   0x0001b404       0x34 src/ASF/sam/drivers/usart/usart.o
 .debug_macro   0x0001b438      0x70a src/ASF/common/services/serial/usart_serial.o
 .debug_macro   0x0001bb42       0x1c src/ASF/common/services/serial/usart_serial.o
 .debug_macro   0x0001bb5e       0x3a src/ASF/common/services/serial/usart_serial.o
 .debug_macro   0x0001bb98      0x665 src/ASF/common/services/delay/sam/cycle_counter.o
 .debug_macro   0x0001c1fd       0x22 src/ASF/common/services/delay/sam/cycle_counter.o
 .debug_macro   0x0001c21f      0x665 src/ASF/sam/drivers/uart/uart.o
 .debug_macro   0x0001c884       0x16 src/ASF/sam/drivers/uart/uart.o
 .debug_macro   0x0001c89a      0x6d1 src/ASF/common/services/clock/same70/sysclk.o
 .debug_macro   0x0001cf6b      0x2c0 src/ASF/common/services/clock/same70/sysclk.o
 .debug_macro   0x0001d22b      0x655 src/ASF/common/utils/interrupt/interrupt_sam_nvic.o
 .debug_macro   0x0001d880      0x70b src/ASF/sam/boards/same70_xplained/init.o
 .debug_macro   0x0001df8b       0x16 src/ASF/sam/boards/same70_xplained/init.o
 .debug_macro   0x0001dfa1       0x82 src/ASF/sam/boards/same70_xplained/init.o
 .debug_macro   0x0001e023       0x94 src/ASF/sam/boards/same70_xplained/init.o
 .debug_macro   0x0001e0b7      0x66b src/ASF/sam/drivers/pio/pio.o
 .debug_macro   0x0001e722       0x8e src/ASF/sam/drivers/pio/pio.o
 .debug_macro   0x0001e7b0      0x676 src/ASF/sam/drivers/pio/pio_handler.o
 .debug_macro   0x0001ee26      0x66b src/ASF/sam/drivers/pmc/pmc.o
 .debug_macro   0x0001f491       0x6a src/ASF/sam/drivers/pmc/pmc.o
 .debug_macro   0x0001f4fb      0x664 src/ASF/sam/utils/cmsis/same70/source/templates/gcc/startup_same70.o
 .debug_macro   0x0001fb5f       0x10 src/ASF/sam/utils/cmsis/same70/source/templates/gcc/startup_same70.o
 .debug_macro   0x0001fb6f      0x455 src/ASF/sam/utils/cmsis/same70/source/templates/system_same70.o
 .debug_macro   0x0001ffc4      0x1d6 src/ASF/sam/utils/syscalls/gcc/syscalls.o
 .debug_macro   0x0002019a       0x97 src/ASF/sam/utils/syscalls/gcc/syscalls.o
 .debug_macro   0x00020231       0xf6 src/ASF/sam/utils/syscalls/gcc/syscalls.o
 .debug_macro   0x00020327       0x4c src/ASF/sam/utils/syscalls/gcc/syscalls.o
 .debug_macro   0x00020373       0x16 src/ASF/sam/utils/syscalls/gcc/syscalls.o
 .debug_macro   0x00020389       0x10 src/ASF/sam/utils/syscalls/gcc/syscalls.o
 .debug_macro   0x00020399       0x10 src/ASF/sam/utils/syscalls/gcc/syscalls.o
 .debug_macro   0x000203a9       0x35 src/ASF/sam/utils/syscalls/gcc/syscalls.o
 .debug_macro   0x000203de      0x122 src/ASF/sam/utils/syscalls/gcc/syscalls.o
 .debug_macro   0x00020500      0x858 src/main.o
 .debug_macro   0x00020d58       0x16 src/main.o
 .debug_macro   0x00020d6e       0x28 src/main.o
 .debug_macro   0x00020d96       0x23 src/main.o
 .debug_macro   0x00020db9       0x40 src/main.o
 .debug_macro   0x00020df9       0x88 src/main.o
 .debug_macro   0x00020e81      0x1ce src/main.o
 .debug_macro   0x0002104f       0x16 src/main.o
 .debug_macro   0x00021065       0x1c src/main.o
 .debug_macro   0x00021081       0x16 src/main.o
 .debug_macro   0x00021097       0x10 src/main.o
 .debug_macro   0x000210a7       0x10 src/main.o
 .debug_macro   0x000210b7      0x241 src/main.o

.debug_line     0x00000000     0xebd0
 .debug_line    0x00000000      0xa4f src/ASF/common/services/sleepmgr/sam/sleepmgr.o
 .debug_line    0x00000a4f      0x370 src/ping_pong_buffer.o
 .debug_line    0x00000dbf      0x9e7 src/ASF/common/utils/stdio/read.o
 .debug_line    0x000017a6      0x9df src/ASF/common/utils/stdio/write.o
 .debug_line    0x00002185      0xed4 src/ASF/sam/drivers/afec/afec.o
 .debug_line    0x00003059      0xb2a src/ASF/sam/drivers/dacc/dacc.o
 .debug_line    0x00003b83      0xb85 src/ASF/sam/drivers/tc/tc.o
 .debug_line    0x00004708     0x1076 src/ASF/sam/drivers/usart/usart.o
 .debug_line    0x0000577e      0xc34 src/ASF/common/services/serial/usart_serial.o
 .debug_line    0x000063b2      0x9ed src/ASF/common/services/delay/sam/cycle_counter.o
 .debug_line    0x00006d9f      0xb79 src/ASF/sam/drivers/uart/uart.o
 .debug_line    0x00007918      0xb4f src/ASF/common/services/clock/same70/sysclk.o
 .debug_line    0x00008467      0xa01 src/ASF/common/utils/interrupt/interrupt_sam_nvic.o
 .debug_line    0x00008e68      0xc30 src/ASF/sam/boards/same70_xplained/init.o
 .debug_line    0x00009a98      0xee3 src/ASF/sam/drivers/pio/pio.o
 .debug_line    0x0000a97b      0xabf src/ASF/sam/drivers/pio/pio_handler.o
 .debug_line    0x0000b43a     0x106b src/ASF/sam/drivers/pmc/pmc.o
 .debug_line    0x0000c4a5      0xa73 src/ASF/sam/utils/cmsis/same70/source/templates/gcc/startup_same70.o
 .debug_line    0x0000cf18      0x7e9 src/ASF/sam/utils/cmsis/same70/source/templates/system_same70.o
 .debug_line    0x0000d701      0x40b src/ASF/sam/utils/syscalls/gcc/syscalls.o
 .debug_line    0x0000db0c     0x10c4 src/main.o

.debug_str      0x00000000    0x8d040
 .debug_str     0x00000000    0x819e5 src/ASF/common/services/sleepmgr/sam/sleepmgr.o
                              0x8207c (size before relaxing)
 .debug_str     0x000819e5      0x200 src/ping_pong_buffer.o
                               0x5bc4 (size before relaxing)
 .debug_str     0x00081be5       0x3f src/ASF/common/utils/stdio/read.o
                              0x81ee9 (size before relaxing)
 .debug_str     0x00081c24       0x2e src/ASF/common/utils/stdio/write.o
                              0x81eea (size before relaxing)
 .debug_str     0x00081c52     0x542d src/ASF/sam/drivers/afec/afec.o
                              0x875a6 (size before relaxing)
 .debug_str     0x0008707f      0x333 src/ASF/sam/drivers/dacc/dacc.o
                              0x82206 (size before relaxing)
 .debug_str     0x000873b2      0x36f src/ASF/sam/drivers/tc/tc.o
                              0x82253 (size before relaxing)
 .debug_str     0x00087721      0xb77 src/ASF/sam/drivers/usart/usart.o
                              0x82a88 (size before relaxing)
 .debug_str     0x00088298      0x1b4 src/ASF/common/services/serial/usart_serial.o
                              0x865a4 (size before relaxing)
 .debug_str     0x0008844c      0x1b5 src/ASF/common/services/delay/sam/cycle_counter.o
                              0x82070 (size before relaxing)
 .debug_str     0x00088601      0x212 src/ASF/sam/drivers/uart/uart.o
                              0x821f0 (size before relaxing)
 .debug_str     0x00088813      0x405 src/ASF/common/services/clock/same70/sysclk.o
                              0x8658e (size before relaxing)
 .debug_str     0x00088c18       0x65 src/ASF/common/utils/interrupt/interrupt_sam_nvic.o
                              0x81f40 (size before relaxing)
 .debug_str     0x00088c7d      0xe67 src/ASF/sam/boards/same70_xplained/init.o
                              0x87183 (size before relaxing)
 .debug_str     0x00089ae4      0x58c src/ASF/sam/drivers/pio/pio.o
                              0x82a96 (size before relaxing)
 .debug_str     0x0008a070      0x129 src/ASF/sam/drivers/pio/pio_handler.o
                              0x82bb8 (size before relaxing)
 .debug_str     0x0008a199      0x686 src/ASF/sam/drivers/pmc/pmc.o
                              0x82bfa (size before relaxing)
 .debug_str     0x0008a81f      0x662 src/ASF/sam/utils/cmsis/same70/source/templates/gcc/startup_same70.o
                              0x8270d (size before relaxing)
 .debug_str     0x0008ae81      0x137 src/ASF/sam/utils/cmsis/same70/source/templates/system_same70.o
                              0x72819 (size before relaxing)
 .debug_str     0x0008afb8      0x768 src/ASF/sam/utils/syscalls/gcc/syscalls.o
                               0x744a (size before relaxing)
 .debug_str     0x0008b720     0x1920 src/main.o
                              0x89b2d (size before relaxing)

.debug_loc      0x00000000     0x5d03
 .debug_loc     0x00000000      0x4ef src/ping_pong_buffer.o
 .debug_loc     0x000004ef       0xb3 src/ASF/common/utils/stdio/read.o
 .debug_loc     0x000005a2      0x12b src/ASF/common/utils/stdio/write.o
 .debug_loc     0x000006cd      0xa8b src/ASF/sam/drivers/afec/afec.o
 .debug_loc     0x00001158      0x3d2 src/ASF/sam/drivers/dacc/dacc.o
 .debug_loc     0x0000152a      0x5a4 src/ASF/sam/drivers/tc/tc.o
 .debug_loc     0x00001ace      0xf35 src/ASF/sam/drivers/usart/usart.o
 .debug_loc     0x00002a03      0x2a7 src/ASF/common/services/serial/usart_serial.o
 .debug_loc     0x00002caa      0x2a3 src/ASF/sam/drivers/uart/uart.o
 .debug_loc     0x00002f4d      0x183 src/ASF/common/services/clock/same70/sysclk.o
 .debug_loc     0x000030d0      0x261 src/ASF/sam/boards/same70_xplained/init.o
 .debug_loc     0x00003331      0xea4 src/ASF/sam/drivers/pio/pio.o
 .debug_loc     0x000041d5      0x588 src/ASF/sam/drivers/pio/pio_handler.o
 .debug_loc     0x0000475d      0xce3 src/ASF/sam/drivers/pmc/pmc.o
 .debug_loc     0x00005440       0x77 src/ASF/sam/utils/cmsis/same70/source/templates/gcc/startup_same70.o
 .debug_loc     0x000054b7       0xfd src/ASF/sam/utils/syscalls/gcc/syscalls.o
 .debug_loc     0x000055b4      0x74f src/main.o

.debug_ranges   0x00000000      0xcb8
 .debug_ranges  0x00000000       0x38 src/ping_pong_buffer.o
 .debug_ranges  0x00000038       0x10 src/ASF/common/utils/stdio/read.o
 .debug_ranges  0x00000048       0x10 src/ASF/common/utils/stdio/write.o
 .debug_ranges  0x00000058       0xc0 src/ASF/sam/drivers/afec/afec.o
 .debug_ranges  0x00000118       0x98 src/ASF/sam/drivers/dacc/dacc.o
 .debug_ranges  0x000001b0       0xc0 src/ASF/sam/drivers/tc/tc.o
 .debug_ranges  0x00000270      0x298 src/ASF/sam/drivers/usart/usart.o
 .debug_ranges  0x00000508       0x48 src/ASF/common/services/serial/usart_serial.o
 .debug_ranges  0x00000550       0x10 src/ASF/common/services/delay/sam/cycle_counter.o
 .debug_ranges  0x00000560       0xc8 src/ASF/sam/drivers/uart/uart.o
 .debug_ranges  0x00000628       0x30 src/ASF/common/services/clock/same70/sysclk.o
 .debug_ranges  0x00000658       0x18 src/ASF/common/utils/interrupt/interrupt_sam_nvic.o
 .debug_ranges  0x00000670       0x10 src/ASF/sam/boards/same70_xplained/init.o
 .debug_ranges  0x00000680      0x2a0 src/ASF/sam/drivers/pio/pio.o
 .debug_ranges  0x00000920       0x68 src/ASF/sam/drivers/pio/pio_handler.o
 .debug_ranges  0x00000988      0x240 src/ASF/sam/drivers/pmc/pmc.o
 .debug_ranges  0x00000bc8       0x18 src/ASF/sam/utils/cmsis/same70/source/templates/gcc/startup_same70.o
 .debug_ranges  0x00000be0       0x20 src/ASF/sam/utils/cmsis/same70/source/templates/system_same70.o
 .debug_ranges  0x00000c00       0x50 src/ASF/sam/utils/syscalls/gcc/syscalls.o
 .debug_ranges  0x00000c50       0x68 src/main.o

.debug_frame    0x00000000     0x27ec
 .debug_frame   0x00000000       0xa4 src/ping_pong_buffer.o
 .debug_frame   0x000000a4       0x30 src/ASF/common/utils/stdio/read.o
 .debug_frame   0x000000d4       0x48 src/ASF/common/utils/stdio/write.o
 .debug_frame   0x0000011c      0x1f0 src/ASF/sam/drivers/afec/afec.o
 .debug_frame   0x0000030c      0x140 src/ASF/sam/drivers/dacc/dacc.o
 .debug_frame   0x0000044c      0x1a8 src/ASF/sam/drivers/tc/tc.o
 .debug_frame   0x000005f4      0x5c0 src/ASF/sam/drivers/usart/usart.o
 .debug_frame   0x00000bb4       0x80 src/ASF/common/services/serial/usart_serial.o
 .debug_frame   0x00000c34       0x20 src/ASF/common/services/delay/sam/cycle_counter.o
 .debug_frame   0x00000c54      0x19c src/ASF/sam/drivers/uart/uart.o
 .debug_frame   0x00000df0       0x88 src/ASF/common/services/clock/same70/sysclk.o
 .debug_frame   0x00000e78       0x30 src/ASF/common/utils/interrupt/interrupt_sam_nvic.o
 .debug_frame   0x00000ea8       0x30 src/ASF/sam/boards/same70_xplained/init.o
 .debug_frame   0x00000ed8      0x390 src/ASF/sam/drivers/pio/pio.o
 .debug_frame   0x00001268      0x110 src/ASF/sam/drivers/pio/pio_handler.o
 .debug_frame   0x00001378      0x494 src/ASF/sam/drivers/pmc/pmc.o
 .debug_frame   0x0000180c       0x38 src/ASF/sam/utils/cmsis/same70/source/templates/gcc/startup_same70.o
 .debug_frame   0x00001844       0x40 src/ASF/sam/utils/cmsis/same70/source/templates/system_same70.o
 .debug_frame   0x00001884       0xa0 src/ASF/sam/utils/syscalls/gcc/syscalls.o