Archive member included to satisfy reference by file (symbol)

c:/program files (x86)/atmel/studio/7.0/toolchain/arm/arm-gnu-toolchain/bin/../lib/gcc/arm-none-eabi/6.3.1/../../../../arm-none-eabi/lib/thumb/v7e-m\libc.a(lib_a-exit.o)
                              c:/program files (x86)/atmel/studio/7.0/toolchain/arm/arm-gnu-toolchain/bin/../lib/gcc/arm-none-eabi/6.3.1/../../../../arm-none-eabi/lib/thumb/v7e-m/crt0.o (exit)
c:/program files (x86)/atmel/studio/7.0/toolchain/arm/arm-gnu-toolchain/bin/../lib/gcc/arm-none-eabi/6.3.1/../../../../arm-none-eabi/lib/thumb/v7e-m\libc.a(lib_a-impure.o)
                              c:/program files (x86)/atmel/studio/7.0/toolchain/arm/arm-gnu-toolchain/bin/../lib/gcc/arm-none-eabi/6.3.1/../../../../arm-none-eabi/lib/thumb/v7e-m\libc.a(lib_a-exit.o) (_global_impure_ptr)
c:/program files (x86)/atmel/studio/7.0/toolchain/arm/arm-gnu-toolchain/bin/../lib/gcc/arm-none-eabi/6.3.1/../../../../arm-none-eabi/lib/thumb/v7e-m\libc.a(lib_a-init.o)
                              c:/program files (x86)/atmel/studio/7.0/toolchain/arm/arm-gnu-toolchain/bin/../lib/gcc/arm-none-eabi/6.3.1/../../../../arm-none-eabi/lib/thumb/v7e-m/crt0.o (__libc_init_array)
c:/program files (x86)/atmel/studio/7.0/toolchain/arm/arm-gnu-toolchain/bin/../lib/gcc/arm-none-eabi/6.3.1/../../../../arm-none-eabi/lib/thumb/v7e-m\libc.a(lib_a-memset.o)
                              c:/program files (x86)/atmel/studio/7.0/toolchain/arm/arm-gnu-toolchain/bin/../lib/gcc/arm-none-eabi/6.3.1/../../../../arm-none-eabi/lib/thumb/v7e-m/crt0.o (memset)
c:/program files (x86)/atmel/studio/7.0/toolchain/arm/arm-gnu-toolchain/bin/../lib/gcc/arm-none-eabi/6.3.1/../../../../arm-none-eabi/lib/thumb/v7e-m\libc.a(lib_a-sprintf.o)
                              src/main.o (sprintf)
c:/program files (x86)/atmel/studio/7.0/toolchain/arm/arm-gnu-toolchain/bin/../lib/gcc/arm-none-eabi/6.3.1/../../../../arm-none-eabi/lib/thumb/v7e-m\libc.a(lib_a-strlen.o)
                              src/main.o (strlen)
c:/program files (x86)/atmel/studio/7.0/toolchain/arm/arm-gnu-toolchain/bin/../lib/gcc/arm-none-eabi/6.3.1/../../../../arm-none-eabi/lib/thumb/v7e-m\libc.a(lib_a-svfprintf.o)
                              c:/program files (x86)/atmel/studio/7.0/toolchain/arm/arm-gnu-toolchain/bin/../lib/gcc/arm-none-eabi/6.3.1/../../../../arm-none-eabi/lib/thumb/v7e-m\libc.a(lib_a-sprintf.o) (_svfprintf_r)
c:/program files (x86)/atmel/studio/7.0/toolchain/arm/arm-gnu-toolchain/bin/../lib/gcc/arm-none-eabi/6.3.1/../../../../arm-none-eabi/lib/thumb/v7e-m\libc.a(lib_a-__call_atexit.o)
                              c:/program files (x86)/atmel/studio/7.0/toolchain/arm/arm-gnu-toolchain/bin/../lib/gcc/arm-none-eabi/6.3.1/../../../../arm-none-eabi/lib/thumb/v7e-m\libc.a(lib_a-exit.o) (__call_exitprocs)
c:/program files (x86)/atmel/studio/7.0/toolchain/arm/arm-gnu-toolchain/bin/../lib/gcc/arm-none-eabi/6.3.1/../../../../arm-none-eabi/lib/thumb/v7e-m\libc.a(lib_a-atexit.o)
                              c:/program files (x86)/atmel/studio/7.0/toolchain/arm/arm-gnu-toolchain/bin/../lib/gcc/arm-none-eabi/6.3.1/../../../../arm-none-eabi/lib/thumb/v7e-m\libc.a(lib_a-__call_atexit.o) (atexit)
c:/program files (x86)/atmel/studio/7.0/toolchain/arm/arm-gnu-toolchain/bin/../lib/gcc/arm-none-eabi/6.3.1/../../../../arm-none-eabi/lib/thumb/v7e-m\libc.a(lib_a-dtoa.o)
                              c:/program files (x86)/atmel/studio/7.0/toolchain/arm/arm-gnu-toolchain/bin/../lib/gcc/arm-none-eabi/6.3.1/../../../../arm-none-eabi/lib/thumb/v7e-m\libc.a(lib_a-svfprintf.o) (_dtoa_r)
c:/program files (x86)/atmel/studio/7.0/toolchain/arm/arm-gnu-toolchain/bin/../lib/gcc/arm-none-eabi/6.3.1/../../../../arm-none-eabi/lib/thumb/v7e-m\libc.a(lib_a-fini.o)
                              c:/program files (x86)/atmel/studio/7.0/toolchain/arm/arm-gnu-toolchain/bin/../lib/gcc/arm-none-eabi/6.3.1/../../../../arm-none-eabi/lib/thumb/v7e-m\libc.a(lib_a-__call_atexit.o) (__libc_fini_array)
c:/program files (x86)/atmel/studio/7.0/toolchain/arm/arm-gnu-toolchain/bin/../lib/gcc/arm-none-eabi/6.3.1/../../../../arm-none-eabi/lib/thumb/v7e-m\libc.a(lib_a-localeconv.o)
                              c:/program files (x86)/atmel/studio/7.0/toolchain/arm/arm-gnu-toolchain/bin/../lib/gcc/arm-none-eabi/6.3.1/../../../../arm-none-eabi/lib/thumb/v7e-m\libc.a(lib_a-svfprintf.o) (_localeconv_r)
c:/program files (x86)/atmel/studio/7.0/toolchain/arm/arm-gnu-toolchain/bin/../lib/gcc/arm-none-eabi/6.3.1/../../../../arm-none-eabi/lib/thumb/v7e-m\libc.a(lib_a-lock.o)
                              c:/program files (x86)/atmel/studio/7.0/toolchain/arm/arm-gnu-toolchain/bin/../lib/gcc/arm-none-eabi/6.3.1/../../../../arm-none-eabi/lib/thumb/v7e-m\libc.a(lib_a-__call_atexit.o) (__retarget_lock_acquire_recursive)
c:/program files (x86)/atmel/studio/7.0/toolchain/arm/arm-gnu-toolchain/bin/../lib/gcc/arm-none-eabi/6.3.1/../../../../arm-none-eabi/lib/thumb/v7e-m\libc.a(lib_a-mallocr.o)
[...]
Memory Configuration

Name             Origin             Length             Attributes
rom              0x00400000         0x00200000         xr
ram              0x20400000         0x00060000         xrw
*default*        0x00000000         0xffffffff

Linker script and memory map

LOAD c:/program files (x86)/atmel/studio/7.0/toolchain/arm/arm-gnu-toolchain/bin/../lib/gcc/arm-none-eabi/6.3.1/thumb/v7e-m/crti.o
LOAD c:/program files (x86)/atmel/studio/7.0/toolchain/arm/arm-gnu-toolchain/bin/../lib/gcc/arm-none-eabi/6.3.1/thumb/v7e-m/crtbegin.o
LOAD c:/program files (x86)/atmel/studio/7.0/toolchain/arm/arm-gnu-toolchain/bin/../lib/gcc/arm-none-eabi/6.3.1/../../../../arm-none-eabi/lib/thumb/v7e-m/crt0.o
LOAD src/ASF/sam/drivers/usart/usart.o
LOAD src/ASF/common/services/serial/usart_serial.o
LOAD src/ASF/common/services/delay/sam/cycle_counter.o
LOAD src/ASF/sam/drivers/uart/uart.o
LOAD src/ASF/common/services/clock/same70/sysclk.o
LOAD src/ASF/common/utils/interrupt/interrupt_sam_nvic.o
LOAD src/ASF/sam/boards/same70_xplained/init.o
LOAD src/ASF/sam/drivers/mpu/mpu.o
LOAD src/ASF/sam/drivers/pio/pio.o
LOAD src/ASF/sam/drivers/pio/pio_handler.o
LOAD src/ASF/sam/drivers/pmc/pmc.o
LOAD src/ASF/sam/drivers/pmc/sleep.o
LOAD src/ASF/sam/utils/cmsis/same70/source/templates/gcc/startup_same70.o
LOAD src/ASF/sam/utils/cmsis/same70/source/templates/system_same70.o
LOAD src/ASF/sam/utils/syscalls/gcc/syscalls.o
LOAD src/main.o
START GROUP
LOAD ../src/ASF/thirdparty/CMSIS/Lib/GCC\libarm_cortexM7lfsp_math_softfp.a
LOAD c:/program files (x86)/atmel/studio/7.0/toolchain/arm/arm-gnu-toolchain/bin/../lib/gcc/arm-none-eabi/6.3.1/../../../../arm-none-eabi/lib/thumb/v7e-m\libm.a
END GROUP
START GROUP
LOAD c:/program files (x86)/atmel/studio/7.0/toolchain/arm/arm-gnu-toolchain/bin/../lib/gcc/arm-none-eabi/6.3.1/thumb/v7e-m\libgcc.a
LOAD c:/program files (x86)/atmel/studio/7.0/toolchain/arm/arm-gnu-toolchain/bin/../lib/gcc/arm-none-eabi/6.3.1/../../../../arm-none-eabi/lib/thumb/v7e-m\libc.a
END GROUP
LOAD c:/program files (x86)/atmel/studio/7.0/toolchain/arm/arm-gnu-toolchain/bin/../lib/gcc/arm-none-eabi/6.3.1/thumb/v7e-m/crtend.o
LOAD c:/program files (x86)/atmel/studio/7.0/toolchain/arm/arm-gnu-toolchain/bin/../lib/gcc/arm-none-eabi/6.3.1/thumb/v7e-m/crtn.o
                0x00002000                STACK_SIZE = DEFINED (STACK_SIZE)?STACK_SIZE:0x2000
                0x2045fffc                __ram_end__ = ((ORIGIN (ram) + LENGTH (ram)) - 0x4)
                0x00000200                HEAP_SIZE = DEFINED (HEAP_SIZE)?HEAP_SIZE:0x200

.text           0x00400000     0x5cd4
                0x00400000                . = ALIGN (0x4)
                0x00400000                _sfixed = .
 *(.vectors .vectors.*)
 .vectors       0x00400000      0x140 src/ASF/sam/utils/cmsis/same70/source/templates/gcc/startup_same70.o
                0x00400000                exception_table
 *(.text .text.* .gnu.linkonce.t.*)
 .text          0x00400140       0x6c c:/program files (x86)/atmel/studio/7.0/toolchain/arm/arm-gnu-toolchain/bin/../lib/gcc/arm-none-eabi/6.3.1/thumb/v7e-m/crtbegin.o
 .text.usart_set_async_baudrate
                0x004001ac       0x5a src/ASF/sam/drivers/usart/usart.o
                0x004001ac                usart_set_async_baudrate
 *fill*         0x00400206        0x2 
 .text.usart_reset
                0x00400208       0x28 src/ASF/sam/drivers/usart/usart.o
                0x00400208                usart_reset
 .text.usart_init_rs232
                0x00400230       0x54 src/ASF/sam/drivers/usart/usart.o
                0x00400230                usart_init_rs232
 .text.usart_enable_tx
                0x00400284        0x6 src/ASF/sam/drivers/usart/usart.o
                0x00400284                usart_enable_tx
 .text.usart_enable_rx
                0x0040028a        0x6 src/ASF/sam/drivers/usart/usart.o
                0x0040028a                usart_enable_rx
 .text.usart_write
                0x00400290       0x16 src/ASF/sam/drivers/usart/usart.o
                0x00400290                usart_write
 .text.usart_read
                0x004002a6       0x18 src/ASF/sam/drivers/usart/usart.o
                0x004002a6                usart_read
 *fill*         0x004002be        0x2 
 .text.usart_serial_write_packet
                0x004002c0       0xd8 src/ASF/common/services/serial/usart_serial.o
                0x004002c0                usart_serial_write_packet
 .text.uart_init
                0x00400398       0x30 src/ASF/sam/drivers/uart/uart.o
                0x00400398                uart_init
 .text.uart_write
                0x004003c8       0x12 src/ASF/sam/drivers/uart/uart.o
                0x004003c8                uart_write
 *fill*         0x004003da        0x2 
 .text.sysclk_init
                0x004003dc       0x70 src/ASF/common/services/clock/same70/sysclk.o
                0x004003dc                sysclk_init
 .text.board_init
                0x0040044c      0x198 src/ASF/sam/boards/same70_xplained/init.o
                0x0040044c                board_init
 .text.pio_get  0x004005e4       0x1a src/ASF/sam/drivers/pio/pio.o
                0x004005e4                pio_get
 .text.pio_set_peripheral
                0x004005fe       0x92 src/ASF/sam/drivers/pio/pio.o
                0x004005fe                pio_set_peripheral
 .text.pio_set_input
                0x00400690       0x36 src/ASF/sam/drivers/pio/pio.o
                0x00400690                pio_set_input
 .text.pio_set_output
                0x004006c6       0x28 src/ASF/sam/drivers/pio/pio.o
                0x004006c6                pio_set_output
 *fill*         0x004006ee        0x2 
 .text.pio_configure
                0x004006f0       0x90 src/ASF/sam/drivers/pio/pio.o
                0x004006f0                pio_configure
 .text.pio_get_interrupt_status
                0x00400780        0x4 src/ASF/sam/drivers/pio/pio.o
                0x00400780                pio_get_interrupt_status
 .text.pio_get_interrupt_mask
                0x00400784        0x4 src/ASF/sam/drivers/pio/pio.o
                0x00400784                pio_get_interrupt_mask
 .text.pio_handler_process
                0x00400788       0x50 src/ASF/sam/drivers/pio/pio_handler.o
                0x00400788                pio_handler_process
 .text.PIOA_Handler
                0x004007d8       0x14 src/ASF/sam/drivers/pio/pio_handler.o
                0x004007d8                PIOA_Handler
 .text.PIOB_Handler
                0x004007ec       0x14 src/ASF/sam/drivers/pio/pio_handler.o
                0x004007ec                PIOB_Handler
 .text.PIOC_Handler
                0x00400800       0x14 src/ASF/sam/drivers/pio/pio_handler.o
                0x00400800                PIOC_Handler
 .text.PIOD_Handler
                0x00400814       0x14 src/ASF/sam/drivers/pio/pio_handler.o
                0x00400814                PIOD_Handler
 .text.PIOE_Handler
                0x00400828       0x14 src/ASF/sam/drivers/pio/pio_handler.o
                0x00400828                PIOE_Handler
 .text.pmc_mck_set_division
                0x0040083c       0x38 src/ASF/sam/drivers/pmc/pmc.o
                0x0040083c                pmc_mck_set_division
 .text.pmc_switch_mck_to_pllack
                0x00400874       0x64 src/ASF/sam/drivers/pmc/pmc.o
                0x00400874                pmc_switch_mck_to_pllack
 .text.pmc_switch_mainck_to_xtal
                0x004008d8       0x54 src/ASF/sam/drivers/pmc/pmc.o
                0x004008d8                pmc_switch_mainck_to_xtal
 .text.pmc_osc_is_ready_mainck
                0x0040092c       0x10 src/ASF/sam/drivers/pmc/pmc.o
                0x0040092c                pmc_osc_is_ready_mainck
 .text.pmc_disable_pllack
                0x0040093c       0x10 src/ASF/sam/drivers/pmc/pmc.o
                0x0040093c                pmc_disable_pllack
 .text.pmc_is_locked_pllack
                0x0040094c       0x10 src/ASF/sam/drivers/pmc/pmc.o
                0x0040094c                pmc_is_locked_pllack
 .text.pmc_enable_periph_clk
                0x0040095c       0x54 src/ASF/sam/drivers/pmc/pmc.o
                0x0040095c                pmc_enable_periph_clk
 .text.Dummy_Handler
                0x004009b0        0x2 src/ASF/sam/utils/cmsis/same70/source/templates/gcc/startup_same70.o
                0x004009b0                DACC_Handler
                0x004009b0                DebugMon_Handler
                0x004009b0                UART3_Handler
                0x004009b0                UART2_Handler
                0x004009b0                TRNG_Handler
                0x004009b0                HardFault_Handler
                0x004009b0                TC2_Handler
                0x004009b0                AFEC1_Handler
                0x004009b0                PendSV_Handler
                0x004009b0                NMI_Handler
                0x004009b0                TC7_Handler
                0x004009b0                QSPI_Handler
                0x004009b0                ISI_Handler
                0x004009b0                TC9_Handler
                0x004009b0                RSWDT_Handler
                0x004009b0                MCAN1_Handler
                0x004009b0                USART0_Handler
                0x004009b0                RTT_Handler
                0x004009b0                USBHS_Handler
                0x004009b0                RTC_Handler
                0x004009b0                UsageFault_Handler
                0x004009b0                TC6_Handler
                0x004009b0                WDT_Handler
                0x004009b0                TC4_Handler
                0x004009b0                TC1_Handler
                0x004009b0                HSMCI_Handler
                0x004009b0                UART1_Handler
                0x004009b0                TC3_Handler
                0x004009b0                Dummy_Handler
                0x004009b0                TWIHS1_Handler
                0x004009b0                XDMAC_Handler
                0x004009b0                UART4_Handler
                0x004009b0                PWM1_Handler
                0x004009b0                USART1_Handler
                0x004009b0                PWM0_Handler
                0x004009b0                AFEC0_Handler
                0x004009b0                SSC_Handler
                0x004009b0                TC11_Handler
                0x004009b0                ACC_Handler
                0x004009b0                PMC_Handler
                0x004009b0                GMAC_Handler
                0x004009b0                MemManage_Handler
                0x004009b0                SUPC_Handler
                0x004009b0                SVC_Handler
                0x004009b0                TC8_Handler
                0x004009b0                EFC_Handler
                0x004009b0                USART2_Handler
                0x004009b0                SDRAMC_Handler
                0x004009b0                SPI1_Handler
                0x004009b0                MCAN0_Handler
                0x004009b0                TC10_Handler
                0x004009b0                TWIHS2_Handler
                0x004009b0                UART0_Handler
                0x004009b0                BusFault_Handler
                0x004009b0                RSTC_Handler
                0x004009b0                TC0_Handler
                0x004009b0                TC5_Handler
                0x004009b0                ICM_Handler
                0x004009b0                AES_Handler
                0x004009b0                TWIHS0_Handler
                0x004009b0                SPI0_Handler
 *fill*         0x004009b2        0x2 
 .text.Reset_Handler
                0x004009b4       0xc8 src/ASF/sam/utils/cmsis/same70/source/templates/gcc/startup_same70.o
                0x004009b4                Reset_Handler
 .text.SystemCoreClockUpdate
                0x00400a7c      0x10c src/ASF/sam/utils/cmsis/same70/source/templates/system_same70.o
                0x00400a7c                SystemCoreClockUpdate
 .text.system_init_flash
                0x00400b88       0x8c src/ASF/sam/utils/cmsis/same70/source/templates/system_same70.o
                0x00400b88                system_init_flash
 .text._sbrk    0x00400c14       0x38 src/ASF/sam/utils/syscalls/gcc/syscalls.o
                0x00400c14                _sbrk
 .text.SysTick_Handler
                0x00400c4c       0x10 src/main.o
                0x00400c4c                SysTick_Handler
 .text.usart_put_string
                0x00400c5c       0x20 src/main.o
                0x00400c5c                usart_put_string
 .text.usart_get_string
                0x00400c7c       0x58 src/main.o
                0x00400c7c                usart_get_string
 .text.usart_send_command
                0x00400cd4       0x24 src/main.o
                0x00400cd4                usart_send_command
 .text.usart_log
                0x00400cf8       0x40 src/main.o
                0x00400cf8                usart_log
 .text.config_console
                0x00400d38       0x5c src/main.o
                0x00400d38                config_console
 .text.hm10_config_client
                0x00400d94       0x74 src/main.o
                0x00400d94                hm10_config_client
 .text.hm10_client_init
                0x00400e08      0x10c src/main.o
                0x00400e08                hm10_client_init
 .text.encoder  0x00400f14       0x50 src/main.o
                0x00400f14                encoder
 .text.main     0x00400f64       0xf4 src/main.o
                0x00400f64                main
 .text.__libc_init_array
                0x00401058       0x50 c:/program files (x86)/atmel/studio/7.0/toolchain/arm/arm-gnu-toolchain/bin/../lib/gcc/arm-none-eabi/6.3.1/../../../../arm-none-eabi/lib/thumb/v7e-m\libc.a(lib_a-init.o)
                0x00401058                __libc_init_array
 .text.memset   0x004010a8       0x9c c:/program files (x86)/atmel/studio/7.0/toolchain/arm/arm-gnu-toolchain/bin/../lib/gcc/arm-none-eabi/6.3.1/../../../../arm-none-eabi/lib/thumb/v7e-m\libc.a(lib_a-memset.o)
                0x004010a8                memset
 .text.sprintf  0x00401144       0x4c c:/program files (x86)/atmel/studio/7.0/toolchain/arm/arm-gnu-toolchain/bin/../lib/gcc/arm-none-eabi/6.3.1/../../../../arm-none-eabi/lib/thumb/v7e-m\libc.a(lib_a-sprintf.o)
                0x00401144                sprintf
 *fill*         0x00401190       0x30 
 .text          0x004011c0       0xdc c:/program files (x86)/atmel/studio/7.0/toolchain/arm/arm-gnu-toolchain/bin/../lib/gcc/arm-none-eabi/6.3.1/../../../../arm-none-eabi/lib/thumb/v7e-m\libc.a(lib_a-strlen.o)
                0x004011c0                strlen
 .text._svfprintf_r
                0x0040129c     0x145c c:/program files (x86)/atmel/studio/7.0/toolchain/arm/arm-gnu-toolchain/bin/../lib/gcc/arm-none-eabi/6.3.1/../../../../arm-none-eabi/lib/thumb/v7e-m\libc.a(lib_a-svfprintf.o)
                0x0040129c                _svfprintf_r
 .text.startup.register_fini
                0x004026f8       0x14 c:/program files (x86)/atmel/studio/7.0/toolchain/arm/arm-gnu-toolchain/bin/../lib/gcc/arm-none-eabi/6.3.1/../../../../arm-none-eabi/lib/thumb/v7e-m\libc.a(lib_a-__call_atexit.o)
 .text.atexit   0x0040270c        0xc c:/program files (x86)/atmel/studio/7.0/toolchain/arm/arm-gnu-toolchain/bin/../lib/gcc/arm-none-eabi/6.3.1/../../../../arm-none-eabi/lib/thumb/v7e-m\libc.a(lib_a-atexit.o)
                0x0040270c                atexit
 .text.quorem   0x00402718      0x128 c:/program files (x86)/atmel/studio/7.0/toolchain/arm/arm-gnu-toolchain/bin/../lib/gcc/arm-none-eabi/6.3.1/../../../../arm-none-eabi/lib/thumb/v7e-m\libc.a(lib_a-dtoa.o)
 .text._dtoa_r  0x00402840      0xe54 c:/program files (x86)/atmel/studio/7.0/toolchain/arm/arm-gnu-toolchain/bin/../lib/gcc/arm-none-eabi/6.3.1/../../../../arm-none-eabi/lib/thumb/v7e-m\libc.a(lib_a-dtoa.o)
                0x00402840                _dtoa_r
 .text.__libc_fini_array
                0x00403694       0x34 c:/program files (x86)/atmel/studio/7.0/toolchain/arm/arm-gnu-toolchain/bin/../lib/gcc/arm-none-eabi/6.3.1/../../../../arm-none-eabi/lib/thumb/v7e-m\libc.a(lib_a-fini.o)
                0x00403694                __libc_fini_array
 .text._localeconv_r
                0x004036c8       0x1c c:/program files (x86)/atmel/studio/7.0/toolchain/arm/arm-gnu-toolchain/bin/../lib/gcc/arm-none-eabi/6.3.1/../../../../arm-none-eabi/lib/thumb/v7e-m\libc.a(lib_a-localeconv.o)
                0x004036c8                _localeconv_r
 .text.__retarget_lock_acquire_recursive
                0x004036e4        0x4 c:/program files (x86)/atmel/studio/7.0/toolchain/arm/arm-gnu-toolchain/bin/../lib/gcc/arm-none-eabi/6.3.1/../../../../arm-none-eabi/lib/thumb/v7e-m\libc.a(lib_a-lock.o)
                0x004036e4                __retarget_lock_acquire_recursive
 .text.__retarget_lock_release_recursive
                0x004036e8        0x4 c:/program files (x86)/atmel/studio/7.0/toolchain/arm/arm-gnu-toolchain/bin/../lib/gcc/arm-none-eabi/6.3.1/../../../../arm-none-eabi/lib/thumb/v7e-m\libc.a(lib_a-lock.o)
                0x004036e8                __retarget_lock_release_recursive
 .text._malloc_r
                0x004036ec      0x560 c:/program files (x86)/atmel/studio/7.0/toolchain/arm/arm-gnu-toolchain/bin/../lib/gcc/arm-none-eabi/6.3.1/../../../../arm-none-eabi/lib/thumb/v7e-m\libc.a(lib_a-mallocr.o)
                0x004036ec                _malloc_r
 *fill*         0x00403c4c        0x4 
 .text          0x00403c50       0xa0 c:/program files (x86)/atmel/studio/7.0/toolchain/arm/arm-gnu-toolchain/bin/../lib/gcc/arm-none-eabi/6.3.1/../../../../arm-none-eabi/lib/thumb/v7e-m\libc.a(lib_a-memchr.o)
                0x00403c50                memchr
 .text          0x00403cf0      0x134 c:/program files (x86)/atmel/studio/7.0/toolchain/arm/arm-gnu-toolchain/bin/../lib/gcc/arm-none-eabi/6.3.1/../../../../arm-none-eabi/lib/thumb/v7e-m\libc.a(lib_a-memcpy.o)
                0x00403cf0                memcpy
 .text.__malloc_lock
                0x00403e24        0xc c:/program files (x86)/atmel/studio/7.0/toolchain/arm/arm-gnu-toolchain/bin/../lib/gcc/arm-none-eabi/6.3.1/../../../../arm-none-eabi/lib/thumb/v7e-m\libc.a(lib_a-mlock.o)
                0x00403e24                __malloc_lock
 .text.__malloc_unlock
                0x00403e30        0xc c:/program files (x86)/atmel/studio/7.0/toolchain/arm/arm-gnu-toolchain/bin/../lib/gcc/arm-none-eabi/6.3.1/../../../../arm-none-eabi/lib/thumb/v7e-m\libc.a(lib_a-mlock.o)
                0x00403e30                __malloc_unlock
 .text._Balloc  0x00403e3c       0x4c c:/program files (x86)/atmel/studio/7.0/toolchain/arm/arm-gnu-toolchain/bin/../lib/gcc/arm-none-eabi/6.3.1/../../../../arm-none-eabi/lib/thumb/v7e-m\libc.a(lib_a-mprec.o)
                0x00403e3c                _Balloc
 .text._Bfree   0x00403e88       0x14 c:/program files (x86)/atmel/studio/7.0/toolchain/arm/arm-gnu-toolchain/bin/../lib/gcc/arm-none-eabi/6.3.1/../../../../arm-none-eabi/lib/thumb/v7e-m\libc.a(lib_a-mprec.o)
                0x00403e88                _Bfree
 .text.__multadd
                0x00403e9c       0x80 c:/program files (x86)/atmel/studio/7.0/toolchain/arm/arm-gnu-toolchain/bin/../lib/gcc/arm-none-eabi/6.3.1/../../../../arm-none-eabi/lib/thumb/v7e-m\libc.a(lib_a-mprec.o)
                0x00403e9c                __multadd
 .text.__hi0bits
                0x00403f1c       0x40 c:/program files (x86)/atmel/studio/7.0/toolchain/arm/arm-gnu-toolchain/bin/../lib/gcc/arm-none-eabi/6.3.1/../../../../arm-none-eabi/lib/thumb/v7e-m\libc.a(lib_a-mprec.o)
                0x00403f1c                __hi0bits
 .text.__lo0bits
                0x00403f5c       0x60 c:/program files (x86)/atmel/studio/7.0/toolchain/arm/arm-gnu-toolchain/bin/../lib/gcc/arm-none-eabi/6.3.1/../../../../arm-none-eabi/lib/thumb/v7e-m\libc.a(lib_a-mprec.o)
                0x00403f5c                __lo0bits
 .text.__i2b    0x00403fbc       0x14 c:/program files (x86)/atmel/studio/7.0/toolchain/arm/arm-gnu-toolchain/bin/../lib/gcc/arm-none-eabi/6.3.1/../../../../arm-none-eabi/lib/thumb/v7e-m\libc.a(lib_a-mprec.o)
                0x00403fbc                __i2b
 .text.__multiply
                0x00403fd0      0x124 c:/program files (x86)/atmel/studio/7.0/toolchain/arm/arm-gnu-toolchain/bin/../lib/gcc/arm-none-eabi/6.3.1/../../../../arm-none-eabi/lib/thumb/v7e-m\libc.a(lib_a-mprec.o)
                0x00403fd0                __multiply
 .text.__pow5mult
                0x004040f4       0xa0 c:/program files (x86)/atmel/studio/7.0/toolchain/arm/arm-gnu-toolchain/bin/../lib/gcc/arm-none-eabi/6.3.1/../../../../arm-none-eabi/lib/thumb/v7e-m\libc.a(lib_a-mprec.o)
                0x004040f4                __pow5mult
 .text.__lshift
                0x00404194       0xa4 c:/program files (x86)/atmel/studio/7.0/toolchain/arm/arm-gnu-toolchain/bin/../lib/gcc/arm-none-eabi/6.3.1/../../../../arm-none-eabi/lib/thumb/v7e-m\libc.a(lib_a-mprec.o)
                0x00404194                __lshift
 .text.__mcmp   0x00404238       0x38 c:/program files (x86)/atmel/studio/7.0/toolchain/arm/arm-gnu-toolchain/bin/../lib/gcc/arm-none-eabi/6.3.1/../../../../arm-none-eabi/lib/thumb/v7e-m\libc.a(lib_a-mprec.o)
                0x00404238                __mcmp
 .text.__mdiff  0x00404270      0x108 c:/program files (x86)/atmel/studio/7.0/toolchain/arm/arm-gnu-toolchain/bin/../lib/gcc/arm-none-eabi/6.3.1/../../../../arm-none-eabi/lib/thumb/v7e-m\libc.a(lib_a-mprec.o)
                0x00404270                __mdiff
 .text.__d2b    0x00404378       0xb8 c:/program files (x86)/atmel/studio/7.0/toolchain/arm/arm-gnu-toolchain/bin/../lib/gcc/arm-none-eabi/6.3.1/../../../../arm-none-eabi/lib/thumb/v7e-m\libc.a(lib_a-mprec.o)
                0x00404378                __d2b
 .text._sbrk_r  0x00404430       0x24 c:/program files (x86)/atmel/studio/7.0/toolchain/arm/arm-gnu-toolchain/bin/../lib/gcc/arm-none-eabi/6.3.1/../../../../arm-none-eabi/lib/thumb/v7e-m\libc.a(lib_a-sbrkr.o)
                0x00404430                _sbrk_r
 .text.__ssprint_r
                0x00404454       0xfc c:/program files (x86)/atmel/studio/7.0/toolchain/arm/arm-gnu-toolchain/bin/../lib/gcc/arm-none-eabi/6.3.1/../../../../arm-none-eabi/lib/thumb/v7e-m\libc.a(lib_a-svfiprintf.o)
                0x00404454                __ssprint_r
 .text.__register_exitproc
                0x00404550       0xc4 c:/program files (x86)/atmel/studio/7.0/toolchain/arm/arm-gnu-toolchain/bin/../lib/gcc/arm-none-eabi/6.3.1/../../../../arm-none-eabi/lib/thumb/v7e-m\libc.a(lib_a-__atexit.o)
                0x00404550                __register_exitproc
 .text._calloc_r
                0x00404614       0x60 c:/program files (x86)/atmel/studio/7.0/toolchain/arm/arm-gnu-toolchain/bin/../lib/gcc/arm-none-eabi/6.3.1/../../../../arm-none-eabi/lib/thumb/v7e-m\libc.a(lib_a-callocr.o)
                0x00404614                _calloc_r
 .text._malloc_trim_r
                0x00404674       0xa0 c:/program files (x86)/atmel/studio/7.0/toolchain/arm/arm-gnu-toolchain/bin/../lib/gcc/arm-none-eabi/6.3.1/../../../../arm-none-eabi/lib/thumb/v7e-m\libc.a(lib_a-freer.o)
                0x00404674                _malloc_trim_r
 .text._free_r  0x00404714      0x1cc c:/program files (x86)/atmel/studio/7.0/toolchain/arm/arm-gnu-toolchain/bin/../lib/gcc/arm-none-eabi/6.3.1/../../../../arm-none-eabi/lib/thumb/v7e-m\libc.a(lib_a-freer.o)
                0x00404714                _free_r
 .text.__ascii_mbtowc
                0x004048e0       0x2c c:/program files (x86)/atmel/studio/7.0/toolchain/arm/arm-gnu-toolchain/bin/../lib/gcc/arm-none-eabi/6.3.1/../../../../arm-none-eabi/lib/thumb/v7e-m\libc.a(lib_a-mbtowc_r.o)
                0x004048e0                __ascii_mbtowc
 .text.memmove  0x0040490c       0xc8 c:/program files (x86)/atmel/studio/7.0/toolchain/arm/arm-gnu-toolchain/bin/../lib/gcc/arm-none-eabi/6.3.1/../../../../arm-none-eabi/lib/thumb/v7e-m\libc.a(lib_a-memmove.o)
                0x0040490c                memmove
 .text._realloc_r
                0x004049d4      0x34c c:/program files (x86)/atmel/studio/7.0/toolchain/arm/arm-gnu-toolchain/bin/../lib/gcc/arm-none-eabi/6.3.1/../../../../arm-none-eabi/lib/thumb/v7e-m\libc.a(lib_a-reallocr.o)
                0x004049d4                _realloc_r
 .text.__ascii_wctomb
                0x00404d20       0x1c c:/program files (x86)/atmel/studio/7.0/toolchain/arm/arm-gnu-toolchain/bin/../lib/gcc/arm-none-eabi/6.3.1/../../../../arm-none-eabi/lib/thumb/v7e-m\libc.a(lib_a-wctomb_r.o)
                0x00404d20                __ascii_wctomb
 .text          0x00404d3c      0x370 c:/program files (x86)/atmel/studio/7.0/toolchain/arm/arm-gnu-toolchain/bin/../lib/gcc/arm-none-eabi/6.3.1/thumb/v7e-m\libgcc.a(_arm_addsubdf3.o)
                0x00404d3c                __aeabi_drsub
                0x00404d44                __aeabi_dsub
                0x00404d44                __subdf3
                0x00404d48                __aeabi_dadd
                0x00404d48                __adddf3
                0x00404fc0                __floatunsidf
                0x00404fc0                __aeabi_ui2d
                0x00404fe0                __floatsidf
                0x00404fe0                __aeabi_i2d
                0x00405004                __aeabi_f2d
                0x00405004                __extendsfdf2
                0x00405040                __floatundidf
                0x00405040                __aeabi_ul2d
                0x00405050                __floatdidf
                0x00405050                __aeabi_l2d
 .text          0x004050ac      0x424 c:/program files (x86)/atmel/studio/7.0/toolchain/arm/arm-gnu-toolchain/bin/../lib/gcc/arm-none-eabi/6.3.1/thumb/v7e-m\libgcc.a(_arm_muldivdf3.o)
                0x004050ac                __aeabi_dmul
                0x004050ac                __muldf3
                0x00405300                __divdf3
                0x00405300                __aeabi_ddiv
 .text          0x004054d0      0x110 c:/program files (x86)/atmel/studio/7.0/toolchain/arm/arm-gnu-toolchain/bin/../lib/gcc/arm-none-eabi/6.3.1/thumb/v7e-m\libgcc.a(_arm_cmpdf2.o)
                0x004054d0                __gtdf2
                0x004054d0                __gedf2
                0x004054d8                __ltdf2
                0x004054d8                __ledf2
                0x004054e0                __nedf2
                0x004054e0                __eqdf2
                0x004054e0                __cmpdf2
                0x0040555c                __aeabi_cdrcmple
                0x0040556c                __aeabi_cdcmpeq
                0x0040556c                __aeabi_cdcmple
                0x0040557c                __aeabi_dcmpeq
                0x00405590                __aeabi_dcmplt
                0x004055a4                __aeabi_dcmple
                0x004055b8                __aeabi_dcmpge
                0x004055cc                __aeabi_dcmpgt
 .text          0x004055e0       0x2c c:/program files (x86)/atmel/studio/7.0/toolchain/arm/arm-gnu-toolchain/bin/../lib/gcc/arm-none-eabi/6.3.1/thumb/v7e-m\libgcc.a(_arm_unorddf2.o)
                0x004055e0                __unorddf2
                0x004055e0                __aeabi_dcmpun
 .text          0x0040560c       0x50 c:/program files (x86)/atmel/studio/7.0/toolchain/arm/arm-gnu-toolchain/bin/../lib/gcc/arm-none-eabi/6.3.1/thumb/v7e-m\libgcc.a(_arm_fixdfsi.o)
                0x0040560c                __aeabi_d2iz
                0x0040560c                __fixdfsi
 .text          0x0040565c       0x30 c:/program files (x86)/atmel/studio/7.0/toolchain/arm/arm-gnu-toolchain/bin/../lib/gcc/arm-none-eabi/6.3.1/thumb/v7e-m\libgcc.a(_aeabi_uldivmod.o)
                0x0040565c                __aeabi_uldivmod
 .text          0x0040568c      0x2dc c:/program files (x86)/atmel/studio/7.0/toolchain/arm/arm-gnu-toolchain/bin/../lib/gcc/arm-none-eabi/6.3.1/thumb/v7e-m\libgcc.a(_udivmoddi4.o)
                0x0040568c                __udivmoddi4
 .text          0x00405968        0x4 c:/program files (x86)/atmel/studio/7.0/toolchain/arm/arm-gnu-toolchain/bin/../lib/gcc/arm-none-eabi/6.3.1/thumb/v7e-m\libgcc.a(_dvmd_tls.o)
                0x00405968                __aeabi_idiv0
                0x00405968                __aeabi_ldiv0
 *(.glue_7t)
 .glue_7t       0x0040596c        0x0 linker stubs
 *(.glue_7)
 .glue_7        0x0040596c        0x0 linker stubs
 *(.rodata .rodata* .gnu.linkonce.r.*)
 .rodata.hm10_client_init.str1.4
                0x0040596c       0x6b src/main.o
 *fill*         0x004059d7        0x1 
 .rodata.main.str1.4
                0x004059d8       0x48 src/main.o
 .rodata.usart_log.str1.4
                0x00405a20        0x7 src/main.o
                                  0xb (size before relaxing)
 *fill*         0x00405a27        0x1 
 .rodata._global_impure_ptr
                0x00405a28        0x4 c:/program files (x86)/atmel/studio/7.0/toolchain/arm/arm-gnu-toolchain/bin/../lib/gcc/arm-none-eabi/6.3.1/../../../../arm-none-eabi/lib/thumb/v7e-m\libc.a(lib_a-impure.o)
                0x00405a28                _global_impure_ptr
 .rodata._svfprintf_r.str1.4
                0x00405a2c       0x42 c:/program files (x86)/atmel/studio/7.0/toolchain/arm/arm-gnu-toolchain/bin/../lib/gcc/arm-none-eabi/6.3.1/../../../../arm-none-eabi/lib/thumb/v7e-m\libc.a(lib_a-svfprintf.o)
 *fill*         0x00405a6e        0x2 
 .rodata.blanks.7223
                0x00405a70       0x10 c:/program files (x86)/atmel/studio/7.0/toolchain/arm/arm-gnu-toolchain/bin/../lib/gcc/arm-none-eabi/6.3.1/../../../../arm-none-eabi/lib/thumb/v7e-m\libc.a(lib_a-svfprintf.o)
 .rodata.zeroes.7224
                0x00405a80       0x10 c:/program files (x86)/atmel/studio/7.0/toolchain/arm/arm-gnu-toolchain/bin/../lib/gcc/arm-none-eabi/6.3.1/../../../../arm-none-eabi/lib/thumb/v7e-m\libc.a(lib_a-svfprintf.o)
 .rodata._dtoa_r.str1.4
                0x00405a90       0x10 c:/program files (x86)/atmel/studio/7.0/toolchain/arm/arm-gnu-toolchain/bin/../lib/gcc/arm-none-eabi/6.3.1/../../../../arm-none-eabi/lib/thumb/v7e-m\libc.a(lib_a-dtoa.o)
                                 0x12 (size before relaxing)
 .rodata.__mprec_bigtens
                0x00405aa0       0x28 c:/program files (x86)/atmel/studio/7.0/toolchain/arm/arm-gnu-toolchain/bin/../lib/gcc/arm-none-eabi/6.3.1/../../../../arm-none-eabi/lib/thumb/v7e-m\libc.a(lib_a-mprec.o)
                0x00405aa0                __mprec_bigtens
 .rodata.__mprec_tens
                0x00405ac8       0xc8 c:/program files (x86)/atmel/studio/7.0/toolchain/arm/arm-gnu-toolchain/bin/../lib/gcc/arm-none-eabi/6.3.1/../../../../arm-none-eabi/lib/thumb/v7e-m\libc.a(lib_a-mprec.o)
                0x00405ac8                __mprec_tens
 .rodata.p05.6055
                0x00405b90        0xc c:/program files (x86)/atmel/studio/7.0/toolchain/arm/arm-gnu-toolchain/bin/../lib/gcc/arm-none-eabi/6.3.1/../../../../arm-none-eabi/lib/thumb/v7e-m\libc.a(lib_a-mprec.o)
 .rodata._setlocale_r.str1.4
                0x00405b9c        0xa c:/program files (x86)/atmel/studio/7.0/toolchain/arm/arm-gnu-toolchain/bin/../lib/gcc/arm-none-eabi/6.3.1/../../../../arm-none-eabi/lib/thumb/v7e-m\libc.a(lib_a-locale.o)
                                  0xd (size before relaxing)
 *fill*         0x00405ba6        0x2 
 .rodata.str1.4
                0x00405ba8        0x4 c:/program files (x86)/atmel/studio/7.0/toolchain/arm/arm-gnu-toolchain/bin/../lib/gcc/arm-none-eabi/6.3.1/../../../../arm-none-eabi/lib/thumb/v7e-m\libc.a(lib_a-locale.o)
                                  0x2 (size before relaxing)
 .rodata._ctype_
                0x00405bac      0x101 c:/program files (x86)/atmel/studio/7.0/toolchain/arm/arm-gnu-toolchain/bin/../lib/gcc/arm-none-eabi/6.3.1/../../../../arm-none-eabi/lib/thumb/v7e-m\libc.a(lib_a-ctype_.o)
                0x00405bac                _ctype_
 *(.ARM.extab* .gnu.linkonce.armextab.*)
                0x00405cb0                . = ALIGN (0x4)
 *fill*         0x00405cad        0x3 
 *(.init)
 .init          0x00405cb0        0x4 c:/program files (x86)/atmel/studio/7.0/toolchain/arm/arm-gnu-toolchain/bin/../lib/gcc/arm-none-eabi/6.3.1/thumb/v7e-m/crti.o
                0x00405cb0                _init
 .init          0x00405cb4        0x8 c:/program files (x86)/atmel/studio/7.0/toolchain/arm/arm-gnu-toolchain/bin/../lib/gcc/arm-none-eabi/6.3.1/thumb/v7e-m/crtn.o
                0x00405cbc                . = ALIGN (0x4)
                0x00405cbc                __preinit_array_start = .
 *(.preinit_array)
                0x00405cbc                __preinit_array_end = .
                0x00405cbc                . = ALIGN (0x4)
                0x00405cbc                __init_array_start = .
 *(SORT(.init_array.*))
 .init_array.00000
                0x00405cbc        0x4 c:/program files (x86)/atmel/studio/7.0/toolchain/arm/arm-gnu-toolchain/bin/../lib/gcc/arm-none-eabi/6.3.1/../../../../arm-none-eabi/lib/thumb/v7e-m\libc.a(lib_a-__call_atexit.o)
 *(.init_array)
 .init_array    0x00405cc0        0x4 c:/program files (x86)/atmel/studio/7.0/toolchain/arm/arm-gnu-toolchain/bin/../lib/gcc/arm-none-eabi/6.3.1/thumb/v7e-m/crtbegin.o
                0x00405cc4                __init_array_end = .
                0x00405cc4                . = ALIGN (0x4)
 *crtbegin.o(.ctors)
 *(EXCLUDE_FILE(*crtend.o) .ctors)
 *(SORT(.ctors.*))
 *crtend.o(.ctors)
                0x00405cc4                . = ALIGN (0x4)
 *(.fini)
 .fini          0x00405cc4        0x4 c:/program files (x86)/atmel/studio/7.0/toolchain/arm/arm-gnu-toolchain/bin/../lib/gcc/arm-none-eabi/6.3.1/thumb/v7e-m/crti.o
                0x00405cc4                _fini
 .fini          0x00405cc8        0x8 c:/program files (x86)/atmel/studio/7.0/toolchain/arm/arm-gnu-toolchain/bin/../lib/gcc/arm-none-eabi/6.3.1/thumb/v7e-m/crtn.o
                0x00405cd0                . = ALIGN (0x4)
                0x00405cd0                __fini_array_start = .
 *(.fini_array)
 .fini_array    0x00405cd0        0x4 c:/program files (x86)/atmel/studio/7.0/toolchain/arm/arm-gnu-toolchain/bin/../lib/gcc/arm-none-eabi/6.3.1/thumb/v7e-m/crtbegin.o
 *(SORT(.fini_array.*))
                0x00405cd4                __fini_array_end = .
 *crtbegin.o(.dtors)
 *(EXCLUDE_FILE(*crtend.o) .dtors)
 *(SORT(.dtors.*))
 *crtend.o(.dtors)
                0x00405cd4                . = ALIGN (0x4)
                0x00405cd4                _efixed = .
                [!provide]                PROVIDE (__exidx_start, .)

.vfp11_veneer   0x00405cd4        0x0
 .vfp11_veneer  0x00405cd4        0x0 linker stubs

.v4_bx          0x00405cd4        0x0
 .v4_bx         0x00405cd4        0x0 linker stubs

.iplt           0x00405cd4        0x0
 .iplt          0x00405cd4        0x0 c:/program files (x86)/atmel/studio/7.0/toolchain/arm/arm-gnu-toolchain/bin/../lib/gcc/arm-none-eabi/6.3.1/thumb/v7e-m/crtbegin.o

.ARM.exidx      0x00405cd4        0x8
 *(.ARM.exidx* .gnu.linkonce.armexidx.*)
 .ARM.exidx     0x00405cd4        0x8 c:/program files (x86)/atmel/studio/7.0/toolchain/arm/arm-gnu-toolchain/bin/../lib/gcc/arm-none-eabi/6.3.1/thumb/v7e-m\libgcc.a(_udivmoddi4.o)
                [!provide]                PROVIDE (__exidx_end, .)

.eh_frame       0x00405cdc        0x0
 .eh_frame      0x00405cdc        0x0 c:/program files (x86)/atmel/studio/7.0/toolchain/arm/arm-gnu-toolchain/bin/../lib/gcc/arm-none-eabi/6.3.1/thumb/v7e-m/crtbegin.o

.rel.dyn        0x00405cdc        0x0
 .rel.iplt      0x00405cdc        0x0 c:/program files (x86)/atmel/studio/7.0/toolchain/arm/arm-gnu-toolchain/bin/../lib/gcc/arm-none-eabi/6.3.1/thumb/v7e-m/crtbegin.o

.jcr            0x00405cdc        0x0
 .jcr           0x00405cdc        0x0 c:/program files (x86)/atmel/studio/7.0/toolchain/arm/arm-gnu-toolchain/bin/../lib/gcc/arm-none-eabi/6.3.1/thumb/v7e-m/crtbegin.o

.igot.plt       0x00405cdc        0x0
 .igot.plt      0x00405cdc        0x0 c:/program files (x86)/atmel/studio/7.0/toolchain/arm/arm-gnu-toolchain/bin/../lib/gcc/arm-none-eabi/6.3.1/thumb/v7e-m/crtbegin.o
                0x00405cdc                . = ALIGN (0x4)
                0x00405cdc                _etext = .

.relocate       0x20400000      0x9b8 load address 0x00405cdc
                0x20400000                . = ALIGN (0x4)
                0x20400000                _srelocate = .
 *(.ramfunc .ramfunc.*)
 *(.data .data.*)
 .data.g_interrupt_enabled
                0x20400000        0x1 src/ASF/common/utils/interrupt/interrupt_sam_nvic.o
                0x20400000                g_interrupt_enabled
 *fill*         0x20400001        0x3 
 .data.SystemCoreClock
                0x20400004        0x4 src/ASF/sam/utils/cmsis/same70/source/templates/system_same70.o
                0x20400004                SystemCoreClock
 .data._impure_ptr
                0x20400008        0x4 c:/program files (x86)/atmel/studio/7.0/toolchain/arm/arm-gnu-toolchain/bin/../lib/gcc/arm-none-eabi/6.3.1/../../../../arm-none-eabi/lib/thumb/v7e-m\libc.a(lib_a-impure.o)
                0x20400008                _impure_ptr
 *fill*         0x2040000c        0x4 
 .data.impure_data
                0x20400010      0x428 c:/program files (x86)/atmel/studio/7.0/toolchain/arm/arm-gnu-toolchain/bin/../lib/gcc/arm-none-eabi/6.3.1/../../../../arm-none-eabi/lib/thumb/v7e-m\libc.a(lib_a-impure.o)
 .data.__atexit_recursive_mutex
                0x20400438        0x4 c:/program files (x86)/atmel/studio/7.0/toolchain/arm/arm-gnu-toolchain/bin/../lib/gcc/arm-none-eabi/6.3.1/../../../../arm-none-eabi/lib/thumb/v7e-m\libc.a(lib_a-__call_atexit.o)
                0x20400438                __atexit_recursive_mutex
 .data.__malloc_av_
                0x2040043c      0x408 c:/program files (x86)/atmel/studio/7.0/toolchain/arm/arm-gnu-toolchain/bin/../lib/gcc/arm-none-eabi/6.3.1/../../../../arm-none-eabi/lib/thumb/v7e-m\libc.a(lib_a-mallocr.o)
                0x2040043c                __malloc_av_
 .data.__malloc_sbrk_base
                0x20400844        0x4 c:/program files (x86)/atmel/studio/7.0/toolchain/arm/arm-gnu-toolchain/bin/../lib/gcc/arm-none-eabi/6.3.1/../../../../arm-none-eabi/lib/thumb/v7e-m\libc.a(lib_a-mallocr.o)
                0x20400844                __malloc_sbrk_base
 .data.__malloc_trim_threshold
                0x20400848        0x4 c:/program files (x86)/atmel/studio/7.0/toolchain/arm/arm-gnu-toolchain/bin/../lib/gcc/arm-none-eabi/6.3.1/../../../../arm-none-eabi/lib/thumb/v7e-m\libc.a(lib_a-mallocr.o)
                0x20400848                __malloc_trim_threshold
 .data.__global_locale
                0x2040084c      0x16c c:/program files (x86)/atmel/studio/7.0/toolchain/arm/arm-gnu-toolchain/bin/../lib/gcc/arm-none-eabi/6.3.1/../../../../arm-none-eabi/lib/thumb/v7e-m\libc.a(lib_a-locale.o)
                0x2040084c                __global_locale
                0x204009b8                . = ALIGN (0x4)
                0x204009b8                _erelocate = .

.bss            0x204009b8       0xfc load address 0x00406694
                0x204009b8                . = ALIGN (0x4)
                0x204009b8                _sbss = .
                0x204009b8                _szero = .
 *(.bss .bss.*)
 .bss           0x204009b8       0x1c c:/program files (x86)/atmel/studio/7.0/toolchain/arm/arm-gnu-toolchain/bin/../lib/gcc/arm-none-eabi/6.3.1/thumb/v7e-m/crtbegin.o
 .bss.ul_reg_val.9325
                0x204009d4        0x4 src/ASF/sam/drivers/usart/usart.o
 .bss.gs_interrupt_sources
                0x204009d8       0x70 src/ASF/sam/drivers/pio/pio_handler.o
 .bss.heap.6420
                0x20400a48        0x4 src/ASF/sam/utils/syscalls/gcc/syscalls.o
 .bss.encoderPosCount
                0x20400a4c        0x4 src/main.o
                0x20400a4c                encoderPosCount
 .bss.g_systimer
                0x20400a50        0x4 src/main.o
                0x20400a50                g_systimer
 .bss.__malloc_current_mallinfo
                0x20400a54       0x28 c:/program files (x86)/atmel/studio/7.0/toolchain/arm/arm-gnu-toolchain/bin/../lib/gcc/arm-none-eabi/6.3.1/../../../../arm-none-eabi/lib/thumb/v7e-m\libc.a(lib_a-mallocr.o)
                0x20400a54                __malloc_current_mallinfo
 .bss.__malloc_max_sbrked_mem
                0x20400a7c        0x4 c:/program files (x86)/atmel/studio/7.0/toolchain/arm/arm-gnu-toolchain/bin/../lib/gcc/arm-none-eabi/6.3.1/../../../../arm-none-eabi/lib/thumb/v7e-m\libc.a(lib_a-mallocr.o)
                0x20400a7c                __malloc_max_sbrked_mem
 .bss.__malloc_max_total_mem
                0x20400a80        0x4 c:/program files (x86)/atmel/studio/7.0/toolchain/arm/arm-gnu-toolchain/bin/../lib/gcc/arm-none-eabi/6.3.1/../../../../arm-none-eabi/lib/thumb/v7e-m\libc.a(lib_a-mallocr.o)
                0x20400a80                __malloc_max_total_mem
 .bss.__malloc_top_pad
                0x20400a84        0x4 c:/program files (x86)/atmel/studio/7.0/toolchain/arm/arm-gnu-toolchain/bin/../lib/gcc/arm-none-eabi/6.3.1/../../../../arm-none-eabi/lib/thumb/v7e-m\libc.a(lib_a-mallocr.o)
                0x20400a84                __malloc_top_pad
 *(COMMON)
 COMMON         0x20400a88        0x4 src/main.o
                0x20400a88                pinALast
 COMMON         0x20400a8c       0x21 c:/program files (x86)/atmel/studio/7.0/toolchain/arm/arm-gnu-toolchain/bin/../lib/gcc/arm-none-eabi/6.3.1/../../../../arm-none-eabi/lib/thumb/v7e-m\libc.a(lib_a-lock.o)
                0x20400a8c                __lock___atexit_recursive_mutex
                0x20400a90                __lock___arc4random_mutex
                0x20400a94                __lock___env_recursive_mutex
                0x20400a98                __lock___sinit_recursive_mutex
                0x20400a9c                __lock___malloc_recursive_mutex
                0x20400aa0                __lock___at_quick_exit_mutex
                0x20400aa4                __lock___dd_hash_mutex
                0x20400aa8                __lock___tz_mutex
                0x20400aac                __lock___sfp_recursive_mutex
 *fill*         0x20400aad        0x3 
 COMMON         0x20400ab0        0x4 c:/program files (x86)/atmel/studio/7.0/toolchain/arm/arm-gnu-toolchain/bin/../lib/gcc/arm-none-eabi/6.3.1/../../../../arm-none-eabi/lib/thumb/v7e-m\libc.a(lib_a-reent.o)
                0x20400ab0                errno
                0x20400ab4                . = ALIGN (0x4)
                0x20400ab4                _ebss = .
                0x20400ab4                _ezero = .

.stack          0x20400ab4     0x2004 load address 0x00406790
                0x20400ab8                . = ALIGN (0x8)
 *fill*         0x20400ab4        0x4 
                0x20400ab8                _sstack = .
                0x20402ab8                . = (. + STACK_SIZE)
 *fill*         0x20400ab8     0x2000 
                0x20402ab8                . = ALIGN (0x8)
                0x20402ab8                _estack = .

.heap           0x20402ab8      0x200 load address 0x00408794
                0x20402ab8                . = ALIGN (0x8)
                0x20402ab8                _sheap = .
                0x20402cb8                . = (. + HEAP_SIZE)
 *fill*         0x20402ab8      0x200 
                0x20402cb8                . = ALIGN (0x8)
                0x20402cb8                _eheap = .
                0x20402cb8                . = ALIGN (0x4)
                0x20402cb8                _end = .
                0x2045ffff                _ram_end_ = ((ORIGIN (ram) + LENGTH (ram)) - 0x1)
OUTPUT(BLUETOOTH_P2P_EXAMPLE.elf elf32-littlearm)

.ARM.attributes
                0x00000000       0x2e
 .ARM.attributes
                0x00000000       0x1e c:/program files (x86)/atmel/studio/7.0/toolchain/arm/arm-gnu-toolchain/bin/../lib/gcc/arm-none-eabi/6.3.1/thumb/v7e-m/crti.o
 .ARM.attributes
                0x0000001e       0x2e c:/program files (x86)/atmel/studio/7.0/toolchain/arm/arm-gnu-toolchain/bin/../lib/gcc/arm-none-eabi/6.3.1/thumb/v7e-m/crtbegin.o
 .ARM.attributes
                0x0000004c       0x37 src/ASF/sam/drivers/usart/usart.o
 .ARM.attributes
                0x00000083       0x37 src/ASF/common/services/serial/usart_serial.o
 .ARM.attributes
                0x000000ba       0x37 src/ASF/sam/drivers/uart/uart.o
 .ARM.attributes
                0x000000f1       0x37 src/ASF/common/services/clock/same70/sysclk.o
 .ARM.attributes
                0x00000128       0x37 src/ASF/common/utils/interrupt/interrupt_sam_nvic.o
 .ARM.attributes
                0x0000015f       0x37 src/ASF/sam/boards/same70_xplained/init.o
 .ARM.attributes
                0x00000196       0x37 src/ASF/sam/drivers/pio/pio.o
 .ARM.attributes
                0x000001cd       0x37 src/ASF/sam/drivers/pio/pio_handler.o
 .ARM.attributes
                0x00000204       0x37 src/ASF/sam/drivers/pmc/pmc.o
 .ARM.attributes
                0x0000023b       0x37 src/ASF/sam/utils/cmsis/same70/source/templates/gcc/startup_same70.o
 .ARM.attributes
                0x00000272       0x37 src/ASF/sam/utils/cmsis/same70/source/templates/system_same70.o
 .ARM.attributes
                0x000002a9       0x37 src/ASF/sam/utils/syscalls/gcc/syscalls.o
 .ARM.attributes
                0x000002e0       0x37 src/main.o
 .ARM.attributes
                0x00000317       0x2e c:/program files (x86)/atmel/studio/7.0/toolchain/arm/arm-gnu-toolchain/bin/../lib/gcc/arm-none-eabi/6.3.1/../../../../arm-none-eabi/lib/thumb/v7e-m\libc.a(lib_a-impure.o)
 .ARM.attributes
                0x00000345       0x2e c:/program files (x86)/atmel/studio/7.0/toolchain/arm/arm-gnu-toolchain/bin/../lib/gcc/arm-none-eabi/6.3.1/../../../../arm-none-eabi/lib/thumb/v7e-m\libc.a(lib_a-init.o)
 .ARM.attributes
                0x00000373       0x2e c:/program files (x86)/atmel/studio/7.0/toolchain/arm/arm-gnu-toolchain/bin/../lib/gcc/arm-none-eabi/6.3.1/../../../../arm-none-eabi/lib/thumb/v7e-m\libc.a(lib_a-memset.o)
 .ARM.attributes
                0x000003a1       0x2e c:/program files (x86)/atmel/studio/7.0/toolchain/arm/arm-gnu-toolchain/bin/../lib/gcc/arm-none-eabi/6.3.1/../../../../arm-none-eabi/lib/thumb/v7e-m\libc.a(lib_a-sprintf.o)
 .ARM.attributes
                0x000003cf       0x1c c:/program files (x86)/atmel/studio/7.0/toolchain/arm/arm-gnu-toolchain/bin/../lib/gcc/arm-none-eabi/6.3.1/../../../../arm-none-eabi/lib/thumb/v7e-m\libc.a(lib_a-strlen.o)
 .ARM.attributes
                0x000003eb       0x2e c:/program files (x86)/atmel/studio/7.0/toolchain/arm/arm-gnu-toolchain/bin/../lib/gcc/arm-none-eabi/6.3.1/../../../../arm-none-eabi/lib/thumb/v7e-m\libc.a(lib_a-svfprintf.o)
 .ARM.attributes
                0x00000419       0x2e c:/program files (x86)/atmel/studio/7.0/toolchain/arm/arm-gnu-toolchain/bin/../lib/gcc/arm-none-eabi/6.3.1/../../../../arm-none-eabi/lib/thumb/v7e-m\libc.a(lib_a-__call_atexit.o)
 .ARM.attributes
                0x00000447       0x2e c:/program files (x86)/atmel/studio/7.0/toolchain/arm/arm-gnu-toolchain/bin/../lib/gcc/arm-none-eabi/6.3.1/../../../../arm-none-eabi/lib/thumb/v7e-m\libc.a(lib_a-atexit.o)
 .ARM.attributes
                0x00000475       0x2e c:/program files (x86)/atmel/studio/7.0/toolchain/arm/arm-gnu-toolchain/bin/../lib/gcc/arm-none-eabi/6.3.1/../../../../arm-none-eabi/lib/thumb/v7e-m\libc.a(lib_a-dtoa.o)
 .ARM.attributes
                0x000004a3       0x2e c:/program files (x86)/atmel/studio/7.0/toolchain/arm/arm-gnu-toolchain/bin/../lib/gcc/arm-none-eabi/6.3.1/../../../../arm-none-eabi/lib/thumb/v7e-m\libc.a(lib_a-fini.o)
 .ARM.attributes
                0x000004d1       0x2e c:/program files (x86)/atmel/studio/7.0/toolchain/arm/arm-gnu-toolchain/bin/../lib/gcc/arm-none-eabi/6.3.1/../../../../arm-none-eabi/lib/thumb/v7e-m\libc.a(lib_a-localeconv.o)
 .ARM.attributes
                0x000004ff       0x2e c:/program files (x86)/atmel/studio/7.0/toolchain/arm/arm-gnu-toolchain/bin/../lib/gcc/arm-none-eabi/6.3.1/../../../../arm-none-eabi/lib/thumb/v7e-m\libc.a(lib_a-lock.o)
 .ARM.attributes
                0x0000052d       0x2e c:/program files (x86)/atmel/studio/7.0/toolchain/arm/arm-gnu-toolchain/bin/../lib/gcc/arm-none-eabi/6.3.1/../../../../arm-none-eabi/lib/thumb/v7e-m\libc.a(lib_a-mallocr.o)
 .ARM.attributes
                0x0000055b       0x1c c:/program files (x86)/atmel/studio/7.0/toolchain/arm/arm-gnu-toolchain/bin/../lib/gcc/arm-none-eabi/6.3.1/../../../../arm-none-eabi/lib/thumb/v7e-m\libc.a(lib_a-memchr.o)
 .ARM.attributes
                0x00000577       0x1c c:/program files (x86)/atmel/studio/7.0/toolchain/arm/arm-gnu-toolchain/bin/../lib/gcc/arm-none-eabi/6.3.1/../../../../arm-none-eabi/lib/thumb/v7e-m\libc.a(lib_a-memcpy.o)
 .ARM.attributes
                0x00000593       0x2e c:/program files (x86)/atmel/studio/7.0/toolchain/arm/arm-gnu-toolchain/bin/../lib/gcc/arm-none-eabi/6.3.1/../../../../arm-none-eabi/lib/thumb/v7e-m\libc.a(lib_a-mlock.o)
 .ARM.attributes
                0x000005c1       0x2e c:/program files (x86)/atmel/studio/7.0/toolchain/arm/arm-gnu-toolchain/bin/../lib/gcc/arm-none-eabi/6.3.1/../../../../arm-none-eabi/lib/thumb/v7e-m\libc.a(lib_a-mprec.o)
 .ARM.attributes
                0x000005ef       0x2e c:/program files (x86)/atmel/studio/7.0/toolchain/arm/arm-gnu-toolchain/bin/../lib/gcc/arm-none-eabi/6.3.1/../../../../arm-none-eabi/lib/thumb/v7e-m\libc.a(lib_a-sbrkr.o)
 .ARM.attributes
                0x0000061d       0x2e c:/program files (x86)/atmel/studio/7.0/toolchain/arm/arm-gnu-toolchain/bin/../lib/gcc/arm-none-eabi/6.3.1/../../../../arm-none-eabi/lib/thumb/v7e-m\libc.a(lib_a-svfiprintf.o)
 .ARM.attributes
                0x0000064b       0x2e c:/program files (x86)/atmel/studio/7.0/toolchain/arm/arm-gnu-toolchain/bin/../lib/gcc/arm-none-eabi/6.3.1/../../../../arm-none-eabi/lib/thumb/v7e-m\libc.a(lib_a-__atexit.o)
 .ARM.attributes
                0x00000679       0x2e c:/program files (x86)/atmel/studio/7.0/toolchain/arm/arm-gnu-toolchain/bin/../lib/gcc/arm-none-eabi/6.3.1/../../../../arm-none-eabi/lib/thumb/v7e-m\libc.a(lib_a-callocr.o)
 .ARM.attributes
                0x000006a7       0x2e c:/program files (x86)/atmel/studio/7.0/toolchain/arm/arm-gnu-toolchain/bin/../lib/gcc/arm-none-eabi/6.3.1/../../../../arm-none-eabi/lib/thumb/v7e-m\libc.a(lib_a-freer.o)
 .ARM.attributes
                0x000006d5       0x2e c:/program files (x86)/atmel/studio/7.0/toolchain/arm/arm-gnu-toolchain/bin/../lib/gcc/arm-none-eabi/6.3.1/../../../../arm-none-eabi/lib/thumb/v7e-m\libc.a(lib_a-locale.o)
 .ARM.attributes
                0x00000703       0x2e c:/program files (x86)/atmel/studio/7.0/toolchain/arm/arm-gnu-toolchain/bin/../lib/gcc/arm-none-eabi/6.3.1/../../../../arm-none-eabi/lib/thumb/v7e-m\libc.a(lib_a-mbtowc_r.o)
 .ARM.attributes
                0x00000731       0x2e c:/program files (x86)/atmel/studio/7.0/toolchain/arm/arm-gnu-toolchain/bin/../lib/gcc/arm-none-eabi/6.3.1/../../../../arm-none-eabi/lib/thumb/v7e-m\libc.a(lib_a-memmove.o)
 .ARM.attributes
                0x0000075f       0x2e c:/program files (x86)/atmel/studio/7.0/toolchain/arm/arm-gnu-toolchain/bin/../lib/gcc/arm-none-eabi/6.3.1/../../../../arm-none-eabi/lib/thumb/v7e-m\libc.a(lib_a-reallocr.o)
 .ARM.attributes
                0x0000078d       0x2e c:/program files (x86)/atmel/studio/7.0/toolchain/arm/arm-gnu-toolchain/bin/../lib/gcc/arm-none-eabi/6.3.1/../../../../arm-none-eabi/lib/thumb/v7e-m\libc.a(lib_a-reent.o)
 .ARM.attributes
                0x000007bb       0x2e c:/program files (x86)/atmel/studio/7.0/toolchain/arm/arm-gnu-toolchain/bin/../lib/gcc/arm-none-eabi/6.3.1/../../../../arm-none-eabi/lib/thumb/v7e-m\libc.a(lib_a-wctomb_r.o)
 .ARM.attributes
                0x000007e9       0x2e c:/program files (x86)/atmel/studio/7.0/toolchain/arm/arm-gnu-toolchain/bin/../lib/gcc/arm-none-eabi/6.3.1/../../../../arm-none-eabi/lib/thumb/v7e-m\libc.a(lib_a-ctype_.o)
 .ARM.attributes
                0x00000817       0x1e c:/program files (x86)/atmel/studio/7.0/toolchain/arm/arm-gnu-toolchain/bin/../lib/gcc/arm-none-eabi/6.3.1/thumb/v7e-m\libgcc.a(_arm_addsubdf3.o)
 .ARM.attributes
                0x00000835       0x1e c:/program files (x86)/atmel/studio/7.0/toolchain/arm/arm-gnu-toolchain/bin/../lib/gcc/arm-none-eabi/6.3.1/thumb/v7e-m\libgcc.a(_arm_muldivdf3.o)
 .ARM.attributes
                0x00000853       0x1e c:/program files (x86)/atmel/studio/7.0/toolchain/arm/arm-gnu-toolchain/bin/../lib/gcc/arm-none-eabi/6.3.1/thumb/v7e-m\libgcc.a(_arm_cmpdf2.o)
 .ARM.attributes
                0x00000871       0x1e c:/program files (x86)/atmel/studio/7.0/toolchain/arm/arm-gnu-toolchain/bin/../lib/gcc/arm-none-eabi/6.3.1/thumb/v7e-m\libgcc.a(_arm_unorddf2.o)
 .ARM.attributes
                0x0000088f       0x1e c:/program files (x86)/atmel/studio/7.0/toolchain/arm/arm-gnu-toolchain/bin/../lib/gcc/arm-none-eabi/6.3.1/thumb/v7e-m\libgcc.a(_arm_fixdfsi.o)
 .ARM.attributes
                0x000008ad       0x1e c:/program files (x86)/atmel/studio/7.0/toolchain/arm/arm-gnu-toolchain/bin/../lib/gcc/arm-none-eabi/6.3.1/thumb/v7e-m\libgcc.a(_aeabi_uldivmod.o)
 .ARM.attributes
                0x000008cb       0x2e c:/program files (x86)/atmel/studio/7.0/toolchain/arm/arm-gnu-toolchain/bin/../lib/gcc/arm-none-eabi/6.3.1/thumb/v7e-m\libgcc.a(_udivmoddi4.o)
 .ARM.attributes
                0x000008f9       0x1e c:/program files (x86)/atmel/studio/7.0/toolchain/arm/arm-gnu-toolchain/bin/../lib/gcc/arm-none-eabi/6.3.1/thumb/v7e-m\libgcc.a(_dvmd_tls.o)
 .ARM.attributes
                0x00000917       0x1e c:/program files (x86)/atmel/studio/7.0/toolchain/arm/arm-gnu-toolchain/bin/../lib/gcc/arm-none-eabi/6.3.1/thumb/v7e-m/crtn.o

.comment        0x00000000       0x59
 .comment       0x00000000       0x59 src/ASF/sam/drivers/usart/usart.o
                                 0x5a (size before relaxing)
 .comment       0x00000059       0x5a src/ASF/common/services/serial/usart_serial.o
 .comment       0x00000059       0x5a src/ASF/sam/drivers/uart/uart.o
 .comment       0x00000059       0x5a src/ASF/common/services/clock/same70/sysclk.o
 .comment       0x00000059       0x5a src/ASF/common/utils/interrupt/interrupt_sam_nvic.o
 .comment       0x00000059       0x5a src/ASF/sam/boards/same70_xplained/init.o
 .comment       0x00000059       0x5a src/ASF/sam/drivers/pio/pio.o
 .comment       0x00000059       0x5a src/ASF/sam/drivers/pio/pio_handler.o
 .comment       0x00000059       0x5a src/ASF/sam/drivers/pmc/pmc.o
 .comment       0x00000059       0x5a src/ASF/sam/utils/cmsis/same70/source/templates/gcc/startup_same70.o
 .comment       0x00000059       0x5a src/ASF/sam/utils/cmsis/same70/source/templates/system_same70.o
 .comment       0x00000059       0x5a src/ASF/sam/utils/syscalls/gcc/syscalls.o
 .comment       0x00000059       0x5a src/main.o

.debug_info     0x00000000    0x12a1d
 .debug_info    0x00000000     0x2324 src/ASF/sam/drivers/usart/usart.o
 .debug_info    0x00002324     0x10c5 src/ASF/common/services/serial/usart_serial.o
 .debug_info    0x000033e9     0x103b src/ASF/sam/drivers/uart/uart.o
 .debug_info    0x00004424     0x1267 src/ASF/common/services/clock/same70/sysclk.o
 .debug_info    0x0000568b      0xb01 src/ASF/common/utils/interrupt/interrupt_sam_nvic.o
 .debug_info    0x0000618c     0x201f src/ASF/sam/boards/same70_xplained/init.o
 .debug_info    0x000081ab     0x2150 src/ASF/sam/drivers/pio/pio.o
 .debug_info    0x0000a2fb     0x1b22 src/ASF/sam/drivers/pio/pio_handler.o
 .debug_info    0x0000be1d     0x1e0e src/ASF/sam/drivers/pmc/pmc.o
 .debug_info    0x0000dc2b     0x156a src/ASF/sam/utils/cmsis/same70/source/templates/gcc/startup_same70.o
 .debug_info    0x0000f195      0x55b src/ASF/sam/utils/cmsis/same70/source/templates/system_same70.o
 .debug_info    0x0000f6f0      0xdb0 src/ASF/sam/utils/syscalls/gcc/syscalls.o
 .debug_info    0x000104a0     0x257d src/main.o

.debug_abbrev   0x00000000     0x2632
 .debug_abbrev  0x00000000      0x3bd src/ASF/sam/drivers/usart/usart.o
 .debug_abbrev  0x000003bd      0x2a4 src/ASF/common/services/serial/usart_serial.o
 .debug_abbrev  0x00000661      0x26e src/ASF/sam/drivers/uart/uart.o
 .debug_abbrev  0x000008cf      0x31f src/ASF/common/services/clock/same70/sysclk.o
 .debug_abbrev  0x00000bee      0x212 src/ASF/common/utils/interrupt/interrupt_sam_nvic.o
 .debug_abbrev  0x00000e00      0x368 src/ASF/sam/boards/same70_xplained/init.o
 .debug_abbrev  0x00001168      0x410 src/ASF/sam/drivers/pio/pio.o
 .debug_abbrev  0x00001578      0x32f src/ASF/sam/drivers/pio/pio_handler.o
 .debug_abbrev  0x000018a7      0x369 src/ASF/sam/drivers/pmc/pmc.o
 .debug_abbrev  0x00001c10      0x2e4 src/ASF/sam/utils/cmsis/same70/source/templates/gcc/startup_same70.o
 .debug_abbrev  0x00001ef4      0x102 src/ASF/sam/utils/cmsis/same70/source/templates/system_same70.o
 .debug_abbrev  0x00001ff6      0x264 src/ASF/sam/utils/syscalls/gcc/syscalls.o
 .debug_abbrev  0x0000225a      0x3d8 src/main.o

.debug_loc      0x00000000     0x3fca
 .debug_loc     0x00000000      0xf35 src/ASF/sam/drivers/usart/usart.o
 .debug_loc     0x00000f35      0x2a7 src/ASF/common/services/serial/usart_serial.o
 .debug_loc     0x000011dc      0x2a3 src/ASF/sam/drivers/uart/uart.o
 .debug_loc     0x0000147f      0x183 src/ASF/common/services/clock/same70/sysclk.o
 .debug_loc     0x00001602      0x261 src/ASF/sam/boards/same70_xplained/init.o
 .debug_loc     0x00001863      0xea4 src/ASF/sam/drivers/pio/pio.o
 .debug_loc     0x00002707      0x588 src/ASF/sam/drivers/pio/pio_handler.o
 .debug_loc     0x00002c8f      0xce3 src/ASF/sam/drivers/pmc/pmc.o
 .debug_loc     0x00003972       0x77 src/ASF/sam/utils/cmsis/same70/source/templates/gcc/startup_same70.o
 .debug_loc     0x000039e9       0xfd src/ASF/sam/utils/syscalls/gcc/syscalls.o
 .debug_loc     0x00003ae6      0x4e4 src/main.o

.debug_aranges  0x00000000      0x9a8
 .debug_aranges
                0x00000000      0x2a8 src/ASF/sam/drivers/usart/usart.o
 .debug_aranges
                0x000002a8       0x28 src/ASF/common/services/serial/usart_serial.o
 .debug_aranges
                0x000002d0       0xd8 src/ASF/sam/drivers/uart/uart.o
 .debug_aranges
                0x000003a8       0x40 src/ASF/common/services/clock/same70/sysclk.o
 .debug_aranges
                0x000003e8       0x28 src/ASF/common/utils/interrupt/interrupt_sam_nvic.o
 .debug_aranges
                0x00000410       0x20 src/ASF/sam/boards/same70_xplained/init.o
 .debug_aranges
                0x00000430      0x1a8 src/ASF/sam/drivers/pio/pio.o
 .debug_aranges
                0x000005d8       0x60 src/ASF/sam/drivers/pio/pio_handler.o
 .debug_aranges
                0x00000638      0x250 src/ASF/sam/drivers/pmc/pmc.o
 .debug_aranges
                0x00000888       0x28 src/ASF/sam/utils/cmsis/same70/source/templates/gcc/startup_same70.o
 .debug_aranges
                0x000008b0       0x30 src/ASF/sam/utils/cmsis/same70/source/templates/system_same70.o
 .debug_aranges
                0x000008e0       0x60 src/ASF/sam/utils/syscalls/gcc/syscalls.o
 .debug_aranges
                0x00000940       0x68 src/main.o

.debug_ranges   0x00000000      0xa28
 .debug_ranges  0x00000000      0x298 src/ASF/sam/drivers/usart/usart.o
 .debug_ranges  0x00000298       0x48 src/ASF/common/services/serial/usart_serial.o
 .debug_ranges  0x000002e0       0xc8 src/ASF/sam/drivers/uart/uart.o
 .debug_ranges  0x000003a8       0x30 src/ASF/common/services/clock/same70/sysclk.o
 .debug_ranges  0x000003d8       0x18 src/ASF/common/utils/interrupt/interrupt_sam_nvic.o
 .debug_ranges  0x000003f0       0x10 src/ASF/sam/boards/same70_xplained/init.o
 .debug_ranges  0x00000400      0x2a0 src/ASF/sam/drivers/pio/pio.o
 .debug_ranges  0x000006a0       0x68 src/ASF/sam/drivers/pio/pio_handler.o
 .debug_ranges  0x00000708      0x240 src/ASF/sam/drivers/pmc/pmc.o
 .debug_ranges  0x00000948       0x18 src/ASF/sam/utils/cmsis/same70/source/templates/gcc/startup_same70.o
 .debug_ranges  0x00000960       0x20 src/ASF/sam/utils/cmsis/same70/source/templates/system_same70.o
 .debug_ranges  0x00000980       0x50 src/ASF/sam/utils/syscalls/gcc/syscalls.o
 .debug_ranges  0x000009d0       0x58 src/main.o

.debug_macro    0x00000000    0x1e0b5
 .debug_macro   0x00000000      0x69b src/ASF/sam/drivers/usart/usart.o
 .debug_macro   0x0000069b      0x8ce src/ASF/sam/drivers/usart/usart.o
 .debug_macro   0x00000f69      0x16d src/ASF/sam/drivers/usart/usart.o
 .debug_macro   0x000010d6      0x64b src/ASF/sam/drivers/usart/usart.o
 .debug_macro   0x00001721       0x76 src/ASF/sam/drivers/usart/usart.o
 .debug_macro   0x00001797       0x16 src/ASF/sam/drivers/usart/usart.o
 .debug_macro   0x000017ad      0x6e4 src/ASF/sam/drivers/usart/usart.o
 .debug_macro   0x00001e91       0x22 src/ASF/sam/drivers/usart/usart.o
 .debug_macro   0x00001eb3       0x87 src/ASF/sam/drivers/usart/usart.o
 .debug_macro   0x00001f3a       0x51 src/ASF/sam/drivers/usart/usart.o
 .debug_macro   0x00001f8b       0xef src/ASF/sam/drivers/usart/usart.o
 .debug_macro   0x0000207a       0x6a src/ASF/sam/drivers/usart/usart.o
 .debug_macro   0x000020e4      0x1df src/ASF/sam/drivers/usart/usart.o
 .debug_macro   0x000022c3       0x4a src/ASF/sam/drivers/usart/usart.o
 .debug_macro   0x0000230d       0x3b src/ASF/sam/drivers/usart/usart.o
 .debug_macro   0x00002348       0x2d src/ASF/sam/drivers/usart/usart.o
 .debug_macro   0x00002375       0x26 src/ASF/sam/drivers/usart/usart.o
 .debug_macro   0x0000239b      0xf9a src/ASF/sam/drivers/usart/usart.o
 .debug_macro   0x00003335      0x175 src/ASF/sam/drivers/usart/usart.o
 .debug_macro   0x000034aa      0x257 src/ASF/sam/drivers/usart/usart.o
 .debug_macro   0x00003701      0xa0f src/ASF/sam/drivers/usart/usart.o
 .debug_macro   0x00004110      0x1b9 src/ASF/sam/drivers/usart/usart.o
 .debug_macro   0x000042c9      0x336 src/ASF/sam/drivers/usart/usart.o
 .debug_macro   0x000045ff      0x15b src/ASF/sam/drivers/usart/usart.o
 .debug_macro   0x0000475a     0x1851 src/ASF/sam/drivers/usart/usart.o
 .debug_macro   0x00005fab       0x1c src/ASF/sam/drivers/usart/usart.o
 .debug_macro   0x00005fc7      0x68d src/ASF/sam/drivers/usart/usart.o
 .debug_macro   0x00006654      0x31e src/ASF/sam/drivers/usart/usart.o
 .debug_macro   0x00006972      0x4d4 src/ASF/sam/drivers/usart/usart.o
 .debug_macro   0x00006e46      0x56e src/ASF/sam/drivers/usart/usart.o
 .debug_macro   0x000073b4     0x1332 src/ASF/sam/drivers/usart/usart.o
 .debug_macro   0x000086e6     0x278d src/ASF/sam/drivers/usart/usart.o
 .debug_macro   0x0000ae73     0x102b src/ASF/sam/drivers/usart/usart.o
 .debug_macro   0x0000be9e      0xe01 src/ASF/sam/drivers/usart/usart.o
 .debug_macro   0x0000cc9f      0x3b1 src/ASF/sam/drivers/usart/usart.o
 .debug_macro   0x0000d050       0xa0 src/ASF/sam/drivers/usart/usart.o
 .debug_macro   0x0000d0f0       0x76 src/ASF/sam/drivers/usart/usart.o
 .debug_macro   0x0000d166      0x409 src/ASF/sam/drivers/usart/usart.o
 .debug_macro   0x0000d56f       0x64 src/ASF/sam/drivers/usart/usart.o
 .debug_macro   0x0000d5d3      0x284 src/ASF/sam/drivers/usart/usart.o
 .debug_macro   0x0000d857      0x1d0 src/ASF/sam/drivers/usart/usart.o
 .debug_macro   0x0000da27      0x248 src/ASF/sam/drivers/usart/usart.o
 .debug_macro   0x0000dc6f      0x524 src/ASF/sam/drivers/usart/usart.o
 .debug_macro   0x0000e193      0x63b src/ASF/sam/drivers/usart/usart.o
 .debug_macro   0x0000e7ce      0x6b8 src/ASF/sam/drivers/usart/usart.o
 .debug_macro   0x0000ee86       0x4c src/ASF/sam/drivers/usart/usart.o
 .debug_macro   0x0000eed2      0x468 src/ASF/sam/drivers/usart/usart.o
 .debug_macro   0x0000f33a      0x207 src/ASF/sam/drivers/usart/usart.o
 .debug_macro   0x0000f541      0x866 src/ASF/sam/drivers/usart/usart.o
 .debug_macro   0x0000fda7     0x1547 src/ASF/sam/drivers/usart/usart.o
 .debug_macro   0x000112ee       0x40 src/ASF/sam/drivers/usart/usart.o
 .debug_macro   0x0001132e       0x76 src/ASF/sam/drivers/usart/usart.o
 .debug_macro   0x000113a4      0xdaf src/ASF/sam/drivers/usart/usart.o
 .debug_macro   0x00012153       0x82 src/ASF/sam/drivers/usart/usart.o
 .debug_macro   0x000121d5       0x76 src/ASF/sam/drivers/usart/usart.o
 .debug_macro   0x0001224b       0x4c src/ASF/sam/drivers/usart/usart.o
 .debug_macro   0x00012297      0x135 src/ASF/sam/drivers/usart/usart.o
 .debug_macro   0x000123cc      0x135 src/ASF/sam/drivers/usart/usart.o
 .debug_macro   0x00012501      0x135 src/ASF/sam/drivers/usart/usart.o
 .debug_macro   0x00012636       0x6a src/ASF/sam/drivers/usart/usart.o
 .debug_macro   0x000126a0       0x6a src/ASF/sam/drivers/usart/usart.o
 .debug_macro   0x0001270a      0x313 src/ASF/sam/drivers/usart/usart.o
 .debug_macro   0x00012a1d       0xb2 src/ASF/sam/drivers/usart/usart.o
 .debug_macro   0x00012acf       0xb2 src/ASF/sam/drivers/usart/usart.o
 .debug_macro   0x00012b81       0xb2 src/ASF/sam/drivers/usart/usart.o
 .debug_macro   0x00012c33      0x11d src/ASF/sam/drivers/usart/usart.o
 .debug_macro   0x00012d50      0x11d src/ASF/sam/drivers/usart/usart.o
 .debug_macro   0x00012e6d      0x2cd src/ASF/sam/drivers/usart/usart.o
 .debug_macro   0x0001313a       0xb8 src/ASF/sam/drivers/usart/usart.o
 .debug_macro   0x000131f2       0x5e src/ASF/sam/drivers/usart/usart.o
 .debug_macro   0x00013250       0x40 src/ASF/sam/drivers/usart/usart.o
 .debug_macro   0x00013290       0x4c src/ASF/sam/drivers/usart/usart.o
 .debug_macro   0x000132dc       0xa0 src/ASF/sam/drivers/usart/usart.o
 .debug_macro   0x0001337c      0x494 src/ASF/sam/drivers/usart/usart.o
 .debug_macro   0x00013810      0x135 src/ASF/sam/drivers/usart/usart.o
 .debug_macro   0x00013945       0x4c src/ASF/sam/drivers/usart/usart.o
 .debug_macro   0x00013991      0x313 src/ASF/sam/drivers/usart/usart.o
 .debug_macro   0x00013ca4       0x6a src/ASF/sam/drivers/usart/usart.o
 .debug_macro   0x00013d0e       0xb8 src/ASF/sam/drivers/usart/usart.o
 .debug_macro   0x00013dc6       0x6a src/ASF/sam/drivers/usart/usart.o
 .debug_macro   0x00013e30       0x2e src/ASF/sam/drivers/usart/usart.o
 .debug_macro   0x00013e5e      0x9b1 src/ASF/sam/drivers/usart/usart.o
 .debug_macro   0x0001480f       0x6a src/ASF/sam/drivers/usart/usart.o
 .debug_macro   0x00014879       0x88 src/ASF/sam/drivers/usart/usart.o
 .debug_macro   0x00014901       0x58 src/ASF/sam/drivers/usart/usart.o
 .debug_macro   0x00014959       0xe2 src/ASF/sam/drivers/usart/usart.o
 .debug_macro   0x00014a3b       0x16 src/ASF/sam/drivers/usart/usart.o
 .debug_macro   0x00014a51       0xe2 src/ASF/sam/drivers/usart/usart.o
 .debug_macro   0x00014b33       0x4c src/ASF/sam/drivers/usart/usart.o
 .debug_macro   0x00014b7f       0x16 src/ASF/sam/drivers/usart/usart.o
 .debug_macro   0x00014b95       0x4c src/ASF/sam/drivers/usart/usart.o
 .debug_macro   0x00014be1       0x2e src/ASF/sam/drivers/usart/usart.o
 .debug_macro   0x00014c0f      0x1b5 src/ASF/sam/drivers/usart/usart.o
 .debug_macro   0x00014dc4      0x1b5 src/ASF/sam/drivers/usart/usart.o
 .debug_macro   0x00014f79      0x1b5 src/ASF/sam/drivers/usart/usart.o
 .debug_macro   0x0001512e      0x1b5 src/ASF/sam/drivers/usart/usart.o
 .debug_macro   0x000152e3      0x1b5 src/ASF/sam/drivers/usart/usart.o
 .debug_macro   0x00015498       0x1c src/ASF/sam/drivers/usart/usart.o
 .debug_macro   0x000154b4       0x2e src/ASF/sam/drivers/usart/usart.o
 .debug_macro   0x000154e2       0x22 src/ASF/sam/drivers/usart/usart.o
 .debug_macro   0x00015504       0x1c src/ASF/sam/drivers/usart/usart.o
 .debug_macro   0x00015520       0x52 src/ASF/sam/drivers/usart/usart.o
 .debug_macro   0x00015572       0x10 src/ASF/sam/drivers/usart/usart.o
 .debug_macro   0x00015582       0x1c src/ASF/sam/drivers/usart/usart.o
 .debug_macro   0x0001559e       0x4c src/ASF/sam/drivers/usart/usart.o
 .debug_macro   0x000155ea       0x4c src/ASF/sam/drivers/usart/usart.o
 .debug_macro   0x00015636       0x4c src/ASF/sam/drivers/usart/usart.o
 .debug_macro   0x00015682      0x31b src/ASF/sam/drivers/usart/usart.o
 .debug_macro   0x0001599d     0x1022 src/ASF/sam/drivers/usart/usart.o
 .debug_macro   0x000169bf      0x107 src/ASF/sam/drivers/usart/usart.o
 .debug_macro   0x00016ac6       0x58 src/ASF/sam/drivers/usart/usart.o
 .debug_macro   0x00016b1e       0x35 src/ASF/sam/drivers/usart/usart.o
 .debug_macro   0x00016b53       0x9c src/ASF/sam/drivers/usart/usart.o
 .debug_macro   0x00016bef       0x16 src/ASF/sam/drivers/usart/usart.o
 .debug_macro   0x00016c05       0x35 src/ASF/sam/drivers/usart/usart.o
 .debug_macro   0x00016c3a      0x353 src/ASF/sam/drivers/usart/usart.o
 .debug_macro   0x00016f8d       0x10 src/ASF/sam/drivers/usart/usart.o
 .debug_macro   0x00016f9d       0x58 src/ASF/sam/drivers/usart/usart.o
 .debug_macro   0x00016ff5       0x1f src/ASF/sam/drivers/usart/usart.o
 .debug_macro   0x00017014       0x43 src/ASF/sam/drivers/usart/usart.o
 .debug_macro   0x00017057       0x20 src/ASF/sam/drivers/usart/usart.o
 .debug_macro   0x00017077      0x187 src/ASF/sam/drivers/usart/usart.o
 .debug_macro   0x000171fe       0x10 src/ASF/sam/drivers/usart/usart.o
 .debug_macro   0x0001720e       0x1c src/ASF/sam/drivers/usart/usart.o
 .debug_macro   0x0001722a       0x52 src/ASF/sam/drivers/usart/usart.o
 .debug_macro   0x0001727c       0x40 src/ASF/sam/drivers/usart/usart.o
 .debug_macro   0x000172bc       0x10 src/ASF/sam/drivers/usart/usart.o
 .debug_macro   0x000172cc       0x40 src/ASF/sam/drivers/usart/usart.o
 .debug_macro   0x0001730c       0xd7 src/ASF/sam/drivers/usart/usart.o
 .debug_macro   0x000173e3       0x16 src/ASF/sam/drivers/usart/usart.o
 .debug_macro   0x000173f9      0x18b src/ASF/sam/drivers/usart/usart.o
 .debug_macro   0x00017584       0x22 src/ASF/sam/drivers/usart/usart.o
 .debug_macro   0x000175a6       0x16 src/ASF/sam/drivers/usart/usart.o
 .debug_macro   0x000175bc       0x16 src/ASF/sam/drivers/usart/usart.o
 .debug_macro   0x000175d2       0x29 src/ASF/sam/drivers/usart/usart.o
 .debug_macro   0x000175fb       0x75 src/ASF/sam/drivers/usart/usart.o
 .debug_macro   0x00017670       0x3f src/ASF/sam/drivers/usart/usart.o
 .debug_macro   0x000176af      0x3ca src/ASF/sam/drivers/usart/usart.o
 .debug_macro   0x00017a79       0x34 src/ASF/sam/drivers/usart/usart.o
 .debug_macro   0x00017aad      0x70a src/ASF/common/services/serial/usart_serial.o
 .debug_macro   0x000181b7       0x3a src/ASF/common/services/serial/usart_serial.o
 .debug_macro   0x000181f1      0x2c6 src/ASF/common/services/serial/usart_serial.o
 .debug_macro   0x000184b7      0xa96 src/ASF/common/services/serial/usart_serial.o
 .debug_macro   0x00018f4d       0x70 src/ASF/common/services/serial/usart_serial.o
 .debug_macro   0x00018fbd       0x64 src/ASF/common/services/serial/usart_serial.o
 .debug_macro   0x00019021       0x5f src/ASF/common/services/serial/usart_serial.o
 .debug_macro   0x00019080       0xac src/ASF/common/services/serial/usart_serial.o
 .debug_macro   0x0001912c       0x1c src/ASF/common/services/serial/usart_serial.o
 .debug_macro   0x00019148       0x3a src/ASF/common/services/serial/usart_serial.o
 .debug_macro   0x00019182      0x665 src/ASF/sam/drivers/uart/uart.o
 .debug_macro   0x000197e7       0x16 src/ASF/sam/drivers/uart/uart.o
 .debug_macro   0x000197fd      0x6d1 src/ASF/common/services/clock/same70/sysclk.o
 .debug_macro   0x00019ece      0x2c0 src/ASF/common/services/clock/same70/sysclk.o
 .debug_macro   0x0001a18e      0x655 src/ASF/common/utils/interrupt/interrupt_sam_nvic.o
 .debug_macro   0x0001a7e3      0x70b src/ASF/sam/boards/same70_xplained/init.o
 .debug_macro   0x0001aeee       0x16 src/ASF/sam/boards/same70_xplained/init.o
 .debug_macro   0x0001af04       0x82 src/ASF/sam/boards/same70_xplained/init.o
 .debug_macro   0x0001af86       0x94 src/ASF/sam/boards/same70_xplained/init.o
 .debug_macro   0x0001b01a      0x66b src/ASF/sam/drivers/pio/pio.o
 .debug_macro   0x0001b685       0x8e src/ASF/sam/drivers/pio/pio.o
 .debug_macro   0x0001b713      0x676 src/ASF/sam/drivers/pio/pio_handler.o
 .debug_macro   0x0001bd89      0x66b src/ASF/sam/drivers/pmc/pmc.o
 .debug_macro   0x0001c3f4       0x6a src/ASF/sam/drivers/pmc/pmc.o
 .debug_macro   0x0001c45e      0x664 src/ASF/sam/utils/cmsis/same70/source/templates/gcc/startup_same70.o
 .debug_macro   0x0001cac2       0x10 src/ASF/sam/utils/cmsis/same70/source/templates/gcc/startup_same70.o
 .debug_macro   0x0001cad2      0x455 src/ASF/sam/utils/cmsis/same70/source/templates/system_same70.o
 .debug_macro   0x0001cf27      0x1d6 src/ASF/sam/utils/syscalls/gcc/syscalls.o
 .debug_macro   0x0001d0fd       0x52 src/ASF/sam/utils/syscalls/gcc/syscalls.o
 .debug_macro   0x0001d14f       0x8d src/ASF/sam/utils/syscalls/gcc/syscalls.o
 .debug_macro   0x0001d1dc       0x57 src/ASF/sam/utils/syscalls/gcc/syscalls.o
 .debug_macro   0x0001d233       0x97 src/ASF/sam/utils/syscalls/gcc/syscalls.o
 .debug_macro   0x0001d2ca       0xf6 src/ASF/sam/utils/syscalls/gcc/syscalls.o
 .debug_macro   0x0001d3c0       0x4c src/ASF/sam/utils/syscalls/gcc/syscalls.o
 .debug_macro   0x0001d40c       0x16 src/ASF/sam/utils/syscalls/gcc/syscalls.o
 .debug_macro   0x0001d422       0x10 src/ASF/sam/utils/syscalls/gcc/syscalls.o
 .debug_macro   0x0001d432       0x10 src/ASF/sam/utils/syscalls/gcc/syscalls.o
 .debug_macro   0x0001d442       0x35 src/ASF/sam/utils/syscalls/gcc/syscalls.o
 .debug_macro   0x0001d477      0x122 src/ASF/sam/utils/syscalls/gcc/syscalls.o
 .debug_macro   0x0001d599      0x7f3 src/main.o
 .debug_macro   0x0001dd8c       0x28 src/main.o
 .debug_macro   0x0001ddb4       0x23 src/main.o
 .debug_macro   0x0001ddd7       0x40 src/main.o
 .debug_macro   0x0001de17       0x88 src/main.o
 .debug_macro   0x0001de9f      0x1ce src/main.o
 .debug_macro   0x0001e06d       0x16 src/main.o
 .debug_macro   0x0001e083       0x1c src/main.o
 .debug_macro   0x0001e09f       0x16 src/main.o

.debug_line     0x00000000     0x9900
 .debug_line    0x00000000     0x1076 src/ASF/sam/drivers/usart/usart.o
 .debug_line    0x00001076      0xc34 src/ASF/common/services/serial/usart_serial.o
 .debug_line    0x00001caa      0xb79 src/ASF/sam/drivers/uart/uart.o
 .debug_line    0x00002823      0xb4f src/ASF/common/services/clock/same70/sysclk.o
 .debug_line    0x00003372      0xa01 src/ASF/common/utils/interrupt/interrupt_sam_nvic.o
 .debug_line    0x00003d73      0xc30 src/ASF/sam/boards/same70_xplained/init.o
 .debug_line    0x000049a3      0xee3 src/ASF/sam/drivers/pio/pio.o
 .debug_line    0x00005886      0xabf src/ASF/sam/drivers/pio/pio_handler.o
 .debug_line    0x00006345     0x106b src/ASF/sam/drivers/pmc/pmc.o
 .debug_line    0x000073b0      0xa73 src/ASF/sam/utils/cmsis/same70/source/templates/gcc/startup_same70.o
 .debug_line    0x00007e23      0x7e9 src/ASF/sam/utils/cmsis/same70/source/templates/system_same70.o
 .debug_line    0x0000860c      0x40b src/ASF/sam/utils/syscalls/gcc/syscalls.o
 .debug_line    0x00008a17      0xee9 src/main.o

.debug_str      0x00000000    0x8b5ab
 .debug_str     0x00000000    0x823ea src/ASF/sam/drivers/usart/usart.o
                              0x82aa1 (size before relaxing)
 .debug_str     0x000823ea     0x44ab src/ASF/common/services/serial/usart_serial.o
                              0x865bd (size before relaxing)
 .debug_str     0x00086895      0x225 src/ASF/sam/drivers/uart/uart.o
                              0x82209 (size before relaxing)
 .debug_str     0x00086aba      0x4d5 src/ASF/common/services/clock/same70/sysclk.o
                              0x865a7 (size before relaxing)
 .debug_str     0x00086f8f       0x94 src/ASF/common/utils/interrupt/interrupt_sam_nvic.o
                              0x81f59 (size before relaxing)
 .debug_str     0x00087023      0xfcc src/ASF/sam/boards/same70_xplained/init.o
                              0x8719c (size before relaxing)
 .debug_str     0x00087fef      0x5b0 src/ASF/sam/drivers/pio/pio.o
                              0x82aaf (size before relaxing)
 .debug_str     0x0008859f      0x44f src/ASF/sam/drivers/pio/pio_handler.o
                              0x82bd1 (size before relaxing)
 .debug_str     0x000889ee      0x69d src/ASF/sam/drivers/pmc/pmc.o
                              0x82c13 (size before relaxing)
 .debug_str     0x0008908b      0x6a3 src/ASF/sam/utils/cmsis/same70/source/templates/gcc/startup_same70.o
                              0x82726 (size before relaxing)
 .debug_str     0x0008972e      0x137 src/ASF/sam/utils/cmsis/same70/source/templates/system_same70.o
                              0x72832 (size before relaxing)
 .debug_str     0x00089865      0x774 src/ASF/sam/utils/syscalls/gcc/syscalls.o
                               0x7463 (size before relaxing)
 .debug_str     0x00089fd9     0x15d2 src/main.o
                              0x88916 (size before relaxing)

.debug_frame    0x00000000     0x2044
 .debug_frame   0x00000000      0x5c0 src/ASF/sam/drivers/usart/usart.o
 .debug_frame   0x000005c0       0x80 src/ASF/common/services/serial/usart_serial.o
 .debug_frame   0x00000640      0x19c src/ASF/sam/drivers/uart/uart.o
 .debug_frame   0x000007dc       0x88 src/ASF/common/services/clock/same70/sysclk.o
 .debug_frame   0x00000864       0x30 src/ASF/common/utils/interrupt/interrupt_sam_nvic.o
 .debug_frame   0x00000894       0x30 src/ASF/sam/boards/same70_xplained/init.o
 .debug_frame   0x000008c4      0x390 src/ASF/sam/drivers/pio/pio.o
 .debug_frame   0x00000c54      0x110 src/ASF/sam/drivers/pio/pio_handler.o
 .debug_frame   0x00000d64      0x494 src/ASF/sam/drivers/pmc/pmc.o
 .debug_frame   0x000011f8       0x38 src/ASF/sam/utils/cmsis/same70/source/templates/gcc/startup_same70.o
 .debug_frame   0x00001230       0x40 src/ASF/sam/utils/cmsis/same70/source/templates/system_same70.o
 .debug_frame   0x00001270       0xa0 src/ASF/sam/utils/syscalls/gcc/syscalls.o
 .debug_frame   0x00001310      0x148 src/main.o
 .debug_frame   0x00001458       0x2c c:/program files (x86)/atmel/studio/7.0/toolchain/arm/arm-gnu-toolchain/bin/../lib/gcc/arm-none-eabi/6.3.1/../../../../arm-none-eabi/lib/thumb/v7e-m\libc.a(lib_a-init.o)
 .debug_frame   0x00001484       0x34 c:/program files (x86)/atmel/studio/7.0/toolchain/arm/arm-gnu-toolchain/bin/../lib/gcc/arm-none-eabi/6.3.1/../../../../arm-none-eabi/lib/thumb/v7e-m\libc.a(lib_a-memset.o)
 .debug_frame   0x000014b8       0x84 c:/program files (x86)/atmel/studio/7.0/toolchain/arm/arm-gnu-toolchain/bin/../lib/gcc/arm-none-eabi/6.3.1/../../../../arm-none-eabi/lib/thumb/v7e-m\libc.a(lib_a-sprintf.o)
 .debug_frame   0x0000153c       0x40 c:/program files (x86)/atmel/studio/7.0/toolchain/arm/arm-gnu-toolchain/bin/../lib/gcc/arm-none-eabi/6.3.1/../../../../arm-none-eabi/lib/thumb/v7e-m\libc.a(lib_a-svfprintf.o)
 .debug_frame   0x0000157c       0x5c c:/program files (x86)/atmel/studio/7.0/toolchain/arm/arm-gnu-toolchain/bin/../lib/gcc/arm-none-eabi/6.3.1/../../../../arm-none-eabi/lib/thumb/v7e-m\libc.a(lib_a-__call_atexit.o)
 .debug_frame   0x000015d8       0x20 c:/program files (x86)/atmel/studio/7.0/toolchain/arm/arm-gnu-toolchain/bin/../lib/gcc/arm-none-eabi/6.3.1/../../../../arm-none-eabi/lib/thumb/v7e-m\libc.a(lib_a-atexit.o)
 .debug_frame   0x000015f8       0x88 c:/program files (x86)/atmel/studio/7.0/toolchain/arm/arm-gnu-toolchain/bin/../lib/gcc/arm-none-eabi/6.3.1/../../../../arm-none-eabi/lib/thumb/v7e-m\libc.a(lib_a-dtoa.o)
 .debug_frame   0x00001680       0x34 c:/program files (x86)/atmel/studio/7.0/toolchain/arm/arm-gnu-toolchain/bin/../lib/gcc/arm-none-eabi/6.3.1/../../../../arm-none-eabi/lib/thumb/v7e-m\libc.a(lib_a-fini.o)
 .debug_frame   0x000016b4       0x40 c:/program files (x86)/atmel/studio/7.0/toolchain/arm/arm-gnu-toolchain/bin/../lib/gcc/arm-none-eabi/6.3.1/../../../../arm-none-eabi/lib/thumb/v7e-m\libc.a(lib_a-localeconv.o)
 .debug_frame   0x000016f4       0xb0 c:/program files (x86)/atmel/studio/7.0/toolchain/arm/arm-gnu-toolchain/bin/../lib/gcc/arm-none-eabi/6.3.1/../../../../arm-none-eabi/lib/thumb/v7e-m\libc.a(lib_a-lock.o)
 .debug_frame   0x000017a4       0x58 c:/program files (x86)/atmel/studio/7.0/toolchain/arm/arm-gnu-toolchain/bin/../lib/gcc/arm-none-eabi/6.3.1/../../../../arm-none-eabi/lib/thumb/v7e-m\libc.a(lib_a-mallocr.o)
 .debug_frame   0x000017fc       0x30 c:/program files (x86)/atmel/studio/7.0/toolchain/arm/arm-gnu-toolchain/bin/../lib/gcc/arm-none-eabi/6.3.1/../../../../arm-none-eabi/lib/thumb/v7e-m\libc.a(lib_a-mlock.o)
 .debug_frame   0x0000182c      0x25c c:/program files (x86)/atmel/studio/7.0/toolchain/arm/arm-gnu-toolchain/bin/../lib/gcc/arm-none-eabi/6.3.1/../../../../arm-none-eabi/lib/thumb/v7e-m\libc.a(lib_a-mprec.o)
 .debug_frame   0x00001a88       0x2c c:/program files (x86)/atmel/studio/7.0/toolchain/arm/arm-gnu-toolchain/bin/../lib/gcc/arm-none-eabi/6.3.1/../../../../arm-none-eabi/lib/thumb/v7e-m\libc.a(lib_a-sbrkr.o)
 .debug_frame   0x00001ab4       0x78 c:/program files (x86)/atmel/studio/7.0/toolchain/arm/arm-gnu-toolchain/bin/../lib/gcc/arm-none-eabi/6.3.1/../../../../arm-none-eabi/lib/thumb/v7e-m\libc.a(lib_a-svfiprintf.o)
 .debug_frame   0x00001b2c       0x34 c:/program files (x86)/atmel/studio/7.0/toolchain/arm/arm-gnu-toolchain/bin/../lib/gcc/arm-none-eabi/6.3.1/../../../../arm-none-eabi/lib/thumb/v7e-m\libc.a(lib_a-__atexit.o)
 .debug_frame   0x00001b60       0x28 c:/program files (x86)/atmel/studio/7.0/toolchain/arm/arm-gnu-toolchain/bin/../lib/gcc/arm-none-eabi/6.3.1/../../../../arm-none-eabi/lib/thumb/v7e-m\libc.a(lib_a-callocr.o)
 .debug_frame   0x00001b88       0x74 c:/program files (x86)/atmel/studio/7.0/toolchain/arm/arm-gnu-toolchain/bin/../lib/gcc/arm-none-eabi/6.3.1/../../../../arm-none-eabi/lib/thumb/v7e-m\libc.a(lib_a-freer.o)
 .debug_frame   0x00001bfc       0x6c c:/program files (x86)/atmel/studio/7.0/toolchain/arm/arm-gnu-toolchain/bin/../lib/gcc/arm-none-eabi/6.3.1/../../../../arm-none-eabi/lib/thumb/v7e-m\libc.a(lib_a-locale.o)
 .debug_frame   0x00001c68       0x4c c:/program files (x86)/atmel/studio/7.0/toolchain/arm/arm-gnu-toolchain/bin/../lib/gcc/arm-none-eabi/6.3.1/../../../../arm-none-eabi/lib/thumb/v7e-m\libc.a(lib_a-mbtowc_r.o)
 .debug_frame   0x00001cb4       0x30 c:/program files (x86)/atmel/studio/7.0/toolchain/arm/arm-gnu-toolchain/bin/../lib/gcc/arm-none-eabi/6.3.1/../../../../arm-none-eabi/lib/thumb/v7e-m\libc.a(lib_a-memmove.o)
 .debug_frame   0x00001ce4       0x68 c:/program files (x86)/atmel/studio/7.0/toolchain/arm/arm-gnu-toolchain/bin/../lib/gcc/arm-none-eabi/6.3.1/../../../../arm-none-eabi/lib/thumb/v7e-m\libc.a(lib_a-reallocr.o)
 .debug_frame   0x00001d4c       0x58 c:/program files (x86)/atmel/studio/7.0/toolchain/arm/arm-gnu-toolchain/bin/../lib/gcc/arm-none-eabi/6.3.1/../../../../arm-none-eabi/lib/thumb/v7e-m\libc.a(lib_a-reent.o)
 .debug_frame   0x00001da4       0x3c c:/program files (x86)/atmel/studio/7.0/toolchain/arm/arm-gnu-toolchain/bin/../lib/gcc/arm-none-eabi/6.3.1/../../../../arm-none-eabi/lib/thumb/v7e-m\libc.a(lib_a-wctomb_r.o)
 .debug_frame   0x00001de0       0xac c:/program files (x86)/atmel/studio/7.0/toolchain/arm/arm-gnu-toolchain/bin/../lib/gcc/arm-none-eabi/6.3.1/thumb/v7e-m\libgcc.a(_arm_addsubdf3.o)
 .debug_frame   0x00001e8c       0x50 c:/program files (x86)/atmel/studio/7.0/toolchain/arm/arm-gnu-toolchain/bin/../lib/gcc/arm-none-eabi/6.3.1/thumb/v7e-m\libgcc.a(_arm_muldivdf3.o)
 .debug_frame   0x00001edc       0xc4 c:/program files (x86)/atmel/studio/7.0/toolchain/arm/arm-gnu-toolchain/bin/../lib/gcc/arm-none-eabi/6.3.1/thumb/v7e-m\libgcc.a(_arm_cmpdf2.o)
 .debug_frame   0x00001fa0       0x20 c:/program files (x86)/atmel/studio/7.0/toolchain/arm/arm-gnu-toolchain/bin/../lib/gcc/arm-none-eabi/6.3.1/thumb/v7e-m\libgcc.a(_arm_unorddf2.o)
 .debug_frame   0x00001fc0       0x24 c:/program files (x86)/atmel/studio/7.0/toolchain/arm/arm-gnu-toolchain/bin/../lib/gcc/arm-none-eabi/6.3.1/thumb/v7e-m\libgcc.a(_arm_fixdfsi.o)
 .debug_frame   0x00001fe4       0x2c c:/program files (x86)/atmel/studio/7.0/toolchain/arm/arm-gnu-toolchain/bin/../lib/gcc/arm-none-eabi/6.3.1/thumb/v7e-m\libgcc.a(_aeabi_uldivmod.o)
 .debug_frame   0x00002010       0x34 c:/program files (x86)/atmel/studio/7.0/toolchain/arm/arm-gnu-toolchain/bin/../lib/gcc/arm-none-eabi/6.3.1/thumb/v7e-m\libgcc.a(_udivmoddi4.o)

Cross Reference Table

Symbol                                            File
ACC_Handler                                       src/ASF/sam/utils/cmsis/same70/source/templates/gcc/startup_same70.o
AES_Handler                                       src/ASF/sam/utils/cmsis/same70/source/templates/gcc/startup_same70.o
AFEC0_Handler                                     src/ASF/sam/utils/cmsis/same70/source/templates/gcc/startup_same70.o
AFEC1_Handler                                     src/ASF/sam/utils/cmsis/same70/source/templates/gcc/startup_same70.o
BusFault_Handler                                  src/ASF/sam/utils/cmsis/same70/source/templates/gcc/startup_same70.o
DACC_Handler                                      src/ASF/sam/utils/cmsis/same70/source/templates/gcc/startup_same70.o
DebugMon_Handler                                  src/ASF/sam/utils/cmsis/same70/source/templates/gcc/startup_same70.o
Dummy_Handler                                     src/ASF/sam/utils/cmsis/same70/source/templates/gcc/startup_same70.o
EFC_Handler                                       src/ASF/sam/utils/cmsis/same70/source/templates/gcc/startup_same70.o
GMAC_Handler                                      src/ASF/sam/utils/cmsis/same70/source/templates/gcc/startup_same70.o
HSMCI_Handler                                     src/ASF/sam/utils/cmsis/same70/source/templates/gcc/startup_same70.o
HardFault_Handler                                 src/ASF/sam/utils/cmsis/same70/source/templates/gcc/startup_same70.o
ICM_Handler                                       src/ASF/sam/utils/cmsis/same70/source/templates/gcc/startup_same70.o
ISI_Handler                                       src/ASF/sam/utils/cmsis/same70/source/templates/gcc/startup_same70.o
MCAN0_Handler                                     src/ASF/sam/utils/cmsis/same70/source/templates/gcc/startup_same70.o
MCAN1_Handler                                     src/ASF/sam/utils/cmsis/same70/source/templates/gcc/startup_same70.o
MemManage_Handler                                 src/ASF/sam/utils/cmsis/same70/source/templates/gcc/startup_same70.o
NMI_Handler                                       src/ASF/sam/utils/cmsis/same70/source/templates/gcc/startup_same70.o
PIOA_Handler                                      src/ASF/sam/drivers/pio/pio_handler.o
PIOB_Handler                                      src/ASF/sam/drivers/pio/pio_handler.o
PIOC_Handler                                      src/ASF/sam/drivers/pio/pio_handler.o
PIOD_Handler                                      src/ASF/sam/drivers/pio/pio_handler.o
PIOE_Handler                                      src/ASF/sam/drivers/pio/pio_handler.o
PMC_Handler                                       src/ASF/sam/utils/cmsis/same70/source/templates/gcc/startup_same70.o
PWM0_Handler                                      src/ASF/sam/utils/cmsis/same70/source/templates/gcc/startup_same70.o
PWM1_Handler                                      src/ASF/sam/utils/cmsis/same70/source/templates/gcc/startup_same70.o
PendSV_Handler                                    src/ASF/sam/utils/cmsis/same70/source/templates/gcc/startup_same70.o
QSPI_Handler                                      src/ASF/sam/utils/cmsis/same70/source/templates/gcc/startup_same70.o
RSTC_Handler                                      src/ASF/sam/utils/cmsis/same70/source/templates/gcc/startup_same70.o
RSWDT_Handler                                     src/ASF/sam/utils/cmsis/same70/source/templates/gcc/startup_same70.o
RTC_Handler                                       src/ASF/sam/utils/cmsis/same70/source/templates/gcc/startup_same70.o
RTT_Handler                                       src/ASF/sam/utils/cmsis/same70/source/templates/gcc/startup_same70.o
Reset_Handler                                     src/ASF/sam/utils/cmsis/same70/source/templates/gcc/startup_same70.o
SDRAMC_Handler                                    src/ASF/sam/utils/cmsis/same70/source/templates/gcc/startup_same70.o
SPI0_Handler                                      src/ASF/sam/utils/cmsis/same70/source/templates/gcc/startup_same70.o
SPI1_Handler                                      src/ASF/sam/utils/cmsis/same70/source/templates/gcc/startup_same70.o
SSC_Handler                                       src/ASF/sam/utils/cmsis/same70/source/templates/gcc/startup_same70.o
SUPC_Handler                                      src/ASF/sam/utils/cmsis/same70/source/templates/gcc/startup_same70.o
SVC_Handler                                       src/ASF/sam/utils/cmsis/same70/source/templates/gcc/startup_same70.o
SysTick_Handler                                   src/main.o
                                                  src/ASF/sam/utils/cmsis/same70/source/templates/gcc/startup_same70.o
SystemCoreClock                                   src/ASF/sam/utils/cmsis/same70/source/templates/system_same70.o
SystemCoreClockUpdate                             src/ASF/sam/utils/cmsis/same70/source/templates/system_same70.o
                                                  src/ASF/common/services/clock/same70/sysclk.o
SystemInit                                        src/ASF/sam/utils/cmsis/same70/source/templates/system_same70.o
TC0_Handler                                       src/ASF/sam/utils/cmsis/same70/source/templates/gcc/startup_same70.o
TC10_Handler                                      src/ASF/sam/utils/cmsis/same70/source/templates/gcc/startup_same70.o
TC11_Handler                                      src/ASF/sam/utils/cmsis/same70/source/templates/gcc/startup_same70.o
TC1_Handler                                       src/ASF/sam/utils/cmsis/same70/source/templates/gcc/startup_same70.o
TC2_Handler                                       src/ASF/sam/utils/cmsis/same70/source/templates/gcc/startup_same70.o
TC3_Handler                                       src/ASF/sam/utils/cmsis/same70/source/templates/gcc/startup_same70.o
TC4_Handler                                       src/ASF/sam/utils/cmsis/same70/source/templates/gcc/startup_same70.o
TC5_Handler                                       src/ASF/sam/utils/cmsis/same70/source/templates/gcc/startup_same70.o
TC6_Handler                                       src/ASF/sam/utils/cmsis/same70/source/templates/gcc/startup_same70.o
TC7_Handler                                       src/ASF/sam/utils/cmsis/same70/source/templates/gcc/startup_same70.o
TC8_Handler                                       src/ASF/sam/utils/cmsis/same70/source/templates/gcc/startup_same70.o
TC9_Handler                                       src/ASF/sam/utils/cmsis/same70/source/templates/gcc/startup_same70.o
TRNG_Handler                                      src/ASF/sam/utils/cmsis/same70/source/templates/gcc/startup_same70.o
TWIHS0_Handler                                    src/ASF/sam/utils/cmsis/same70/source/templates/gcc/startup_same70.o
TWIHS1_Handler                                    src/ASF/sam/utils/cmsis/same70/source/templates/gcc/startup_same70.o
TWIHS2_Handler                                    src/ASF/sam/utils/cmsis/same70/source/templates/gcc/startup_same70.o
UART0_Handler                                     src/ASF/sam/utils/cmsis/same70/source/templates/gcc/startup_same70.o
UART1_Handler                                     src/ASF/sam/utils/cmsis/same70/source/templates/gcc/startup_same70.o
UART2_Handler                                     src/ASF/sam/utils/cmsis/same70/source/templates/gcc/startup_same70.o
UART3_Handler                                     src/ASF/sam/utils/cmsis/same70/source/templates/gcc/startup_same70.o
UART4_Handler                                     src/ASF/sam/utils/cmsis/same70/source/templates/gcc/startup_same70.o
USART0_Handler                                    src/ASF/sam/utils/cmsis/same70/source/templates/gcc/startup_same70.o
USART1_Handler                                    src/ASF/sam/utils/cmsis/same70/source/templates/gcc/startup_same70.o
USART2_Handler                                    src/ASF/sam/utils/cmsis/same70/source/templates/gcc/startup_same70.o
USBHS_Handler                                     src/ASF/sam/utils/cmsis/same70/source/templates/gcc/startup_same70.o
UsageFault_Handler                                src/ASF/sam/utils/cmsis/same70/source/templates/gcc/startup_same70.o
WDT_Handler                                       src/ASF/sam/utils/cmsis/same70/source/templates/gcc/startup_same70.o
XDMAC_Handler                                     src/ASF/sam/utils/cmsis/same70/source/templates/gcc/startup_same70.o
_Balloc                                           c:/program files (x86)/atmel/studio/7.0/toolchain/arm/arm-gnu-toolchain/bin/../lib/gcc/arm-none-eabi/6.3.1/../../../../arm-none-eabi/lib/thumb/v7e-m\libc.a(lib_a-mprec.o)
                                                  c:/program files (x86)/atmel/studio/7.0/toolchain/arm/arm-gnu-toolchain/bin/../lib/gcc/arm-none-eabi/6.3.1/../../../../arm-none-eabi/lib/thumb/v7e-m\libc.a(lib_a-dtoa.o)
_Bfree                                            c:/program files (x86)/atmel/studio/7.0/toolchain/arm/arm-gnu-toolchain/bin/../lib/gcc/arm-none-eabi/6.3.1/../../../../arm-none-eabi/lib/thumb/v7e-m\libc.a(lib_a-mprec.o)
                                                  c:/program files (x86)/atmel/studio/7.0/toolchain/arm/arm-gnu-toolchain/bin/../lib/gcc/arm-none-eabi/6.3.1/../../../../arm-none-eabi/lib/thumb/v7e-m\libc.a(lib_a-dtoa.o)
_Jv_RegisterClasses                               c:/program files (x86)/atmel/studio/7.0/toolchain/arm/arm-gnu-toolchain/bin/../lib/gcc/arm-none-eabi/6.3.1/thumb/v7e-m/crtbegin.o
_PathLocale                                       c:/program files (x86)/atmel/studio/7.0/toolchain/arm/arm-gnu-toolchain/bin/../lib/gcc/arm-none-eabi/6.3.1/../../../../arm-none-eabi/lib/thumb/v7e-m\libc.a(lib_a-locale.o)
__adddf3                                          c:/program files (x86)/atmel/studio/7.0/toolchain/arm/arm-gnu-toolchain/bin/../lib/gcc/arm-none-eabi/6.3.1/thumb/v7e-m\libgcc.a(_arm_addsubdf3.o)
__aeabi_cdcmpeq                                   c:/program files (x86)/atmel/studio/7.0/toolchain/arm/arm-gnu-toolchain/bin/../lib/gcc/arm-none-eabi/6.3.1/thumb/v7e-m\libgcc.a(_arm_cmpdf2.o)
__aeabi_cdcmple                                   c:/program files (x86)/atmel/studio/7.0/toolchain/arm/arm-gnu-toolchain/bin/../lib/gcc/arm-none-eabi/6.3.1/thumb/v7e-m\libgcc.a(_arm_cmpdf2.o)
__aeabi_cdrcmple                                  c:/program files (x86)/atmel/studio/7.0/toolchain/arm/arm-gnu-toolchain/bin/../lib/gcc/arm-none-eabi/6.3.1/thumb/v7e-m\libgcc.a(_arm_cmpdf2.o)